[TOOL R0 G0 B0 A255 D1.000, TRAVEL X-63.830 Y127.969, DRAW_LINE X-75.618 Y117.158, DRAW_LINE X-90.131 Y88.851, DRAW_LINE X-92.030 Y72.969, TRAVEL X-49.751 Y133.650, DRAW_LINE X-53.537 Y133.110, DRAW_LINE X-60.600 Y130.084, DRAW_LINE X-63.830 Y127.969, TRAVEL X89.107 Y-28.838, DRAW_LINE X86.554 Y-36.368, DRAW_LINE X78.437 Y-49.899, DRAW_LINE X72.804 Y-55.391, TRAVEL X91.988 Y2.614, DRAW_LINE X92.030 Y-5.328, DRAW_LINE X90.755 Y-21.104, DRAW_LINE X89.107 Y-28.838, TRAVEL X89.189 Y36.536, DRAW_LINE X90.287 Y28.093, DRAW_LINE X91.696 Y11.145, DRAW_LINE X92.029 Y2.655, TRAVEL X76.056 Y63.048, DRAW_LINE X81.617 Y58.153, DRAW_LINE X87.751 Y44.210, DRAW_LINE X89.189 Y36.536, TRAVEL X-36.166 Y125.869, DRAW_LINE X-9.793 Y117.930, DRAW_LINE X38.399 Y91.476, DRAW_LINE X59.260 Y73.463, TRAVEL X-66.465 Y14.223, DRAW_LINE X-40.617 Y-11.455, DRAW_LINE X21.021 Y-49.243, DRAW_LINE X55.761 Y-59.013, TRAVEL X-88.160 Y62.801, DRAW_LINE X-87.098 Y49.462, DRAW_LINE X-75.123 Y25.038, DRAW_LINE X-66.465 Y14.223, TRAVEL X-45.429 Y132.991, DRAW_LINE X-43.727 Y132.124, DRAW_LINE X-40.739 Y129.726, DRAW_LINE X-39.500 Y128.257, TRAVEL X72.763 Y66.959, DRAW_LINE X69.962 Y67.666, DRAW_LINE X64.745 Y70.131, DRAW_LINE X62.430 Y71.858, TRAVEL X67.905 Y-56.914, DRAW_LINE X65.455 Y-56.682, DRAW_LINE X60.570 Y-57.053, DRAW_LINE X58.190 Y-57.655, TRAVEL X-88.490 Y66.671, DRAW_LINE X-88.946 Y67.535, DRAW_LINE X-89.844 Y69.264, DRAW_LINE X-90.301 Y70.129, TRAVEL X69.346 Y112.696, DRAW_LINE X62.770 Y106.141, DRAW_LINE X48.708 Y94.113, DRAW_LINE X40.858 Y89.272, DRAW_LINE X32.231 Y85.750, DRAW_LINE X13.927 Y84.235, DRAW_LINE X5.207 Y86.966, TRAVEL X51.809 Y118.706, DRAW_LINE X-15.294 Y99.687, TRAVEL X-81.985 Y-79.721, DRAW_LINE X-28.056 Y-79.721, DRAW_LINE X-28.056 Y-133.650, DRAW_LINE X-81.985 Y-133.650, DRAW_LINE X-81.985 Y-79.721, TRAVEL X69.511 Y-4.384, DRAW_LINE X69.501 Y-5.563, DRAW_LINE X69.470 Y-6.741, DRAW_LINE X69.418 Y-7.918, DRAW_LINE X69.346 Y-9.094, DRAW_LINE X69.254 Y-10.269, DRAW_LINE X69.141 Y-11.442, DRAW_LINE X69.008 Y-12.612, DRAW_LINE X68.854 Y-13.781, DRAW_LINE X68.680 Y-14.946, DRAW_LINE X68.485 Y-16.108, DRAW_LINE X68.270 Y-17.267, DRAW_LINE X68.036 Y-18.421, DRAW_LINE X67.780 Y-19.572, DRAW_LINE X67.505 Y-20.718, DRAW_LINE X67.210 Y-21.858, DRAW_LINE X66.895 Y-22.994, DRAW_LINE X66.561 Y-24.124, DRAW_LINE X66.206 Y-25.247, DRAW_LINE X65.833 Y-26.365, DRAW_LINE X65.439 Y-27.476, DRAW_LINE X65.027 Y-28.579, DRAW_LINE X64.595 Y-29.676, DRAW_LINE X64.144 Y-30.764, DRAW_LINE X63.674 Y-31.845, DRAW_LINE X63.185 Y-32.917, DRAW_LINE X62.678 Y-33.981, DRAW_LINE X62.152 Y-35.035, DRAW_LINE X61.608 Y-36.080, DRAW_LINE X61.046 Y-37.116, DRAW_LINE X60.466 Y-38.142, DRAW_LINE X59.868 Y-39.157, DRAW_LINE X59.252 Y-40.162, DRAW_LINE X58.619 Y-41.155, DRAW_LINE X57.968 Y-42.138, DRAW_LINE X57.301 Y-43.109, DRAW_LINE X56.617 Y-44.068, DRAW_LINE X55.916 Y-45.016, DRAW_LINE X55.198 Y-45.950, DRAW_LINE X54.465 Y-46.873, DRAW_LINE X53.715 Y-47.782, DRAW_LINE X52.950 Y-48.678, DRAW_LINE X52.169 Y-49.560, DRAW_LINE X51.373 Y-50.429, DRAW_LINE X50.562 Y-51.284, DRAW_LINE X49.736 Y-52.124, DRAW_LINE X48.896 Y-52.950, DRAW_LINE X48.041 Y-53.761, DRAW_LINE X47.172 Y-54.557, DRAW_LINE X46.290 Y-55.338, DRAW_LINE X45.394 Y-56.103, DRAW_LINE X44.485 Y-56.853, DRAW_LINE X43.562 Y-57.587, DRAW_LINE X42.628 Y-58.304, DRAW_LINE X41.680 Y-59.005, DRAW_LINE X40.721 Y-59.689, DRAW_LINE X39.750 Y-60.356, DRAW_LINE X38.767 Y-61.007, DRAW_LINE X37.774 Y-61.640, DRAW_LINE X36.769 Y-62.256, DRAW_LINE X35.754 Y-62.854, DRAW_LINE X34.728 Y-63.434, DRAW_LINE X33.692 Y-63.996, DRAW_LINE X32.647 Y-64.540, DRAW_LINE X31.593 Y-65.066, DRAW_LINE X30.529 Y-65.573, DRAW_LINE X29.457 Y-66.062, DRAW_LINE X28.376 Y-66.532, DRAW_LINE X27.288 Y-66.983, DRAW_LINE X26.191 Y-67.415, DRAW_LINE X25.088 Y-67.827, DRAW_LINE X23.977 Y-68.221, DRAW_LINE X22.859 Y-68.594, DRAW_LINE X21.736 Y-68.949, DRAW_LINE X20.606 Y-69.283, DRAW_LINE X19.470 Y-69.598, DRAW_LINE X18.330 Y-69.893, DRAW_LINE X17.184 Y-70.168, DRAW_LINE X16.033 Y-70.424, DRAW_LINE X14.879 Y-70.658, DRAW_LINE X13.720 Y-70.873, DRAW_LINE X12.558 Y-71.068, DRAW_LINE X11.393 Y-71.242, DRAW_LINE X10.224 Y-71.396, DRAW_LINE X9.053 Y-71.529, DRAW_LINE X7.881 Y-71.642, DRAW_LINE X6.706 Y-71.734, DRAW_LINE X5.530 Y-71.806, DRAW_LINE X4.353 Y-71.858, DRAW_LINE X3.175 Y-71.889, DRAW_LINE X1.996 Y-71.899, DRAW_LINE X0.818 Y-71.889, DRAW_LINE X-0.360 Y-71.858, DRAW_LINE X-1.537 Y-71.806, DRAW_LINE X-2.713 Y-71.734, DRAW_LINE X-3.888 Y-71.642, DRAW_LINE X-5.061 Y-71.529, DRAW_LINE X-6.232 Y-71.396, DRAW_LINE X-7.400 Y-71.242, DRAW_LINE X-8.565 Y-71.068, DRAW_LINE X-9.727 Y-70.873, DRAW_LINE X-10.886 Y-70.658, DRAW_LINE X-12.041 Y-70.424, DRAW_LINE X-13.191 Y-70.168, DRAW_LINE X-14.337 Y-69.893, DRAW_LINE X-15.478 Y-69.598, DRAW_LINE X-16.613 Y-69.283, DRAW_LINE X-17.743 Y-68.949, DRAW_LINE X-18.867 Y-68.594, DRAW_LINE X-19.984 Y-68.221, DRAW_LINE X-21.095 Y-67.827, DRAW_LINE X-22.199 Y-67.415, DRAW_LINE X-23.295 Y-66.983, DRAW_LINE X-24.384 Y-66.532, DRAW_LINE X-25.464 Y-66.062, DRAW_LINE X-26.537 Y-65.573, DRAW_LINE X-27.600 Y-65.066, DRAW_LINE X-28.655 Y-64.540, DRAW_LINE X-29.700 Y-63.996, DRAW_LINE X-30.735 Y-63.434, DRAW_LINE X-31.761 Y-62.854, DRAW_LINE X-32.776 Y-62.256, DRAW_LINE X-33.781 Y-61.640, DRAW_LINE X-34.775 Y-61.007, DRAW_LINE X-35.757 Y-60.356, DRAW_LINE X-36.728 Y-59.689, DRAW_LINE X-37.688 Y-59.005, DRAW_LINE X-38.635 Y-58.304, DRAW_LINE X-39.570 Y-57.587, DRAW_LINE X-40.492 Y-56.853, DRAW_LINE X-41.401 Y-56.103, DRAW_LINE X-42.297 Y-55.338, DRAW_LINE X-43.180 Y-54.557, DRAW_LINE X-44.049 Y-53.761, DRAW_LINE X-44.903 Y-52.950, DRAW_LINE X-45.744 Y-52.124, DRAW_LINE X-46.570 Y-51.284, DRAW_LINE X-47.381 Y-50.429, DRAW_LINE X-48.177 Y-49.560, DRAW_LINE X-48.958 Y-48.678, DRAW_LINE X-49.723 Y-47.782, DRAW_LINE X-50.472 Y-46.873, DRAW_LINE X-51.206 Y-45.950, DRAW_LINE X-51.923 Y-45.016, DRAW_LINE X-52.624 Y-44.068, DRAW_LINE X-53.308 Y-43.109, DRAW_LINE X-53.976 Y-42.138, DRAW_LINE X-54.626 Y-41.155, DRAW_LINE X-55.259 Y-40.162, DRAW_LINE X-55.875 Y-39.157, DRAW_LINE X-56.473 Y-38.142, DRAW_LINE X-57.053 Y-37.116, DRAW_LINE X-57.616 Y-36.080, DRAW_LINE X-58.160 Y-35.035, DRAW_LINE X-58.685 Y-33.981, DRAW_LINE X-59.193 Y-32.917, DRAW_LINE X-59.681 Y-31.845, DRAW_LINE X-60.151 Y-30.764, DRAW_LINE X-60.602 Y-29.676, DRAW_LINE X-61.034 Y-28.579, DRAW_LINE X-61.447 Y-27.476, DRAW_LINE X-61.840 Y-26.365, DRAW_LINE X-62.214 Y-25.247, DRAW_LINE X-62.568 Y-24.124, DRAW_LINE X-62.903 Y-22.994, DRAW_LINE X-63.218 Y-21.858, DRAW_LINE X-63.513 Y-20.718, DRAW_LINE X-63.788 Y-19.572, DRAW_LINE X-64.043 Y-18.421, DRAW_LINE X-64.278 Y-17.267, DRAW_LINE X-64.493 Y-16.108, DRAW_LINE X-64.687 Y-14.946, DRAW_LINE X-64.861 Y-13.781, DRAW_LINE X-65.015 Y-12.612, DRAW_LINE X-65.148 Y-11.442, DRAW_LINE X-65.261 Y-10.269, DRAW_LINE X-65.354 Y-9.094, DRAW_LINE X-65.426 Y-7.918, DRAW_LINE X-65.477 Y-6.741, DRAW_LINE X-65.508 Y-5.563, DRAW_LINE X-65.518 Y-4.384, DRAW_LINE X-65.508 Y-3.206, DRAW_LINE X-65.477 Y-2.028, DRAW_LINE X-65.426 Y-0.851, DRAW_LINE X-65.354 Y0.325, DRAW_LINE X-65.261 Y1.500, DRAW_LINE X-65.148 Y2.673, DRAW_LINE X-65.015 Y3.844, DRAW_LINE X-64.861 Y5.012, DRAW_LINE X-64.687 Y6.177, DRAW_LINE X-64.493 Y7.339, DRAW_LINE X-64.278 Y8.498, DRAW_LINE X-64.043 Y9.653, DRAW_LINE X-63.788 Y10.803, DRAW_LINE X-63.513 Y11.949, DRAW_LINE X-63.218 Y13.090, DRAW_LINE X-62.903 Y14.225, DRAW_LINE X-62.568 Y15.355, DRAW_LINE X-62.214 Y16.479, DRAW_LINE X-61.840 Y17.596, DRAW_LINE X-61.447 Y18.707, DRAW_LINE X-61.034 Y19.811, DRAW_LINE X-60.602 Y20.907, DRAW_LINE X-60.151 Y21.996, DRAW_LINE X-59.681 Y23.076, DRAW_LINE X-59.193 Y24.149, DRAW_LINE X-58.685 Y25.212, DRAW_LINE X-58.160 Y26.267, DRAW_LINE X-57.616 Y27.312, DRAW_LINE X-57.053 Y28.347, DRAW_LINE X-56.473 Y29.373, DRAW_LINE X-55.875 Y30.388, DRAW_LINE X-55.259 Y31.393, DRAW_LINE X-54.626 Y32.387, DRAW_LINE X-53.976 Y33.369, DRAW_LINE X-53.308 Y34.340, DRAW_LINE X-52.624 Y35.300, DRAW_LINE X-51.923 Y36.247, DRAW_LINE X-51.206 Y37.182, DRAW_LINE X-50.472 Y38.104, DRAW_LINE X-49.723 Y39.013, DRAW_LINE X-48.958 Y39.909, DRAW_LINE X-48.177 Y40.792, DRAW_LINE X-47.381 Y41.660, DRAW_LINE X-46.570 Y42.515, DRAW_LINE X-45.744 Y43.356, DRAW_LINE X-44.903 Y44.182, DRAW_LINE X-44.049 Y44.993, DRAW_LINE X-43.180 Y45.789, DRAW_LINE X-42.297 Y46.570, DRAW_LINE X-41.401 Y47.335, DRAW_LINE X-40.492 Y48.084, DRAW_LINE X-39.570 Y48.818, DRAW_LINE X-38.635 Y49.535, DRAW_LINE X-37.688 Y50.236, DRAW_LINE X-36.728 Y50.920, DRAW_LINE X-35.757 Y51.588, DRAW_LINE X-34.775 Y52.238, DRAW_LINE X-33.781 Y52.871, DRAW_LINE X-32.776 Y53.487, DRAW_LINE X-31.761 Y54.085, DRAW_LINE X-30.735 Y54.665, DRAW_LINE X-29.700 Y55.227, DRAW_LINE X-28.655 Y55.772, DRAW_LINE X-27.600 Y56.297, DRAW_LINE X-26.537 Y56.805, DRAW_LINE X-25.464 Y57.293, DRAW_LINE X-24.384 Y57.763, DRAW_LINE X-23.295 Y58.214, DRAW_LINE X-22.199 Y58.646, DRAW_LINE X-21.095 Y59.059, DRAW_LINE X-19.984 Y59.452, DRAW_LINE X-18.867 Y59.826, DRAW_LINE X-17.743 Y60.180, DRAW_LINE X-16.613 Y60.515, DRAW_LINE X-15.478 Y60.830, DRAW_LINE X-14.337 Y61.125, DRAW_LINE X-13.191 Y61.400, DRAW_LINE X-12.041 Y61.655, DRAW_LINE X-10.886 Y61.890, DRAW_LINE X-9.727 Y62.105, DRAW_LINE X-8.565 Y62.299, DRAW_LINE X-7.400 Y62.473, DRAW_LINE X-6.232 Y62.627, DRAW_LINE X-5.061 Y62.760, DRAW_LINE X-3.888 Y62.873, DRAW_LINE X-2.713 Y62.966, DRAW_LINE X-1.537 Y63.038, DRAW_LINE X-0.360 Y63.089, DRAW_LINE X0.818 Y63.120, DRAW_LINE X1.996 Y63.130, DRAW_LINE X3.175 Y63.120, DRAW_LINE X4.353 Y63.089, DRAW_LINE X5.530 Y63.038, DRAW_LINE X6.706 Y62.966, DRAW_LINE X7.881 Y62.873, DRAW_LINE X9.053 Y62.760, DRAW_LINE X10.224 Y62.627, DRAW_LINE X11.393 Y62.473, DRAW_LINE X12.558 Y62.299, DRAW_LINE X13.720 Y62.105, DRAW_LINE X14.879 Y61.890, DRAW_LINE X16.033 Y61.655, DRAW_LINE X17.184 Y61.400, DRAW_LINE X18.330 Y61.125, DRAW_LINE X19.470 Y60.830, DRAW_LINE X20.606 Y60.515, DRAW_LINE X21.736 Y60.180, DRAW_LINE X22.859 Y59.826, DRAW_LINE X23.977 Y59.452, DRAW_LINE X25.088 Y59.059, DRAW_LINE X26.191 Y58.646, DRAW_LINE X27.288 Y58.214, DRAW_LINE X28.376 Y57.763, DRAW_LINE X29.457 Y57.293, DRAW_LINE X30.529 Y56.805, DRAW_LINE X31.593 Y56.297, DRAW_LINE X32.647 Y55.772, DRAW_LINE X33.692 Y55.227, DRAW_LINE X34.728 Y54.665, DRAW_LINE X35.754 Y54.085, DRAW_LINE X36.769 Y53.487, DRAW_LINE X37.774 Y52.871, DRAW_LINE X38.767 Y52.238, DRAW_LINE X39.750 Y51.588, DRAW_LINE X40.721 Y50.920, DRAW_LINE X41.680 Y50.236, DRAW_LINE X42.628 Y49.535, DRAW_LINE X43.562 Y48.818, DRAW_LINE X44.485 Y48.084, DRAW_LINE X45.394 Y47.335, DRAW_LINE X46.290 Y46.570, DRAW_LINE X47.172 Y45.789, DRAW_LINE X48.041 Y44.993, DRAW_LINE X48.896 Y44.182, DRAW_LINE X49.736 Y43.356, DRAW_LINE X50.562 Y42.515, DRAW_LINE X51.373 Y41.660, DRAW_LINE X52.169 Y40.792, DRAW_LINE X52.950 Y39.909, DRAW_LINE X53.715 Y39.013, DRAW_LINE X54.465 Y38.104, DRAW_LINE X55.198 Y37.182, DRAW_LINE X55.916 Y36.247, DRAW_LINE X56.617 Y35.300, DRAW_LINE X57.301 Y34.340, DRAW_LINE X57.968 Y33.369, DRAW_LINE X58.619 Y32.387, DRAW_LINE X59.252 Y31.393, DRAW_LINE X59.868 Y30.388, DRAW_LINE X60.466 Y29.373, DRAW_LINE X61.046 Y28.347, DRAW_LINE X61.608 Y27.312, DRAW_LINE X62.152 Y26.267, DRAW_LINE X62.678 Y25.212, DRAW_LINE X63.185 Y24.149, DRAW_LINE X63.674 Y23.076, DRAW_LINE X64.144 Y21.996, DRAW_LINE X64.595 Y20.907, DRAW_LINE X65.027 Y19.811, DRAW_LINE X65.439 Y18.707, DRAW_LINE X65.833 Y17.596, DRAW_LINE X66.206 Y16.479, DRAW_LINE X66.561 Y15.355, DRAW_LINE X66.895 Y14.225, DRAW_LINE X67.210 Y13.090, DRAW_LINE X67.505 Y11.949, DRAW_LINE X67.780 Y10.803, DRAW_LINE X68.036 Y9.653, DRAW_LINE X68.270 Y8.498, DRAW_LINE X68.485 Y7.339, DRAW_LINE X68.680 Y6.177, DRAW_LINE X68.854 Y5.012, DRAW_LINE X69.008 Y3.844, DRAW_LINE X69.141 Y2.673, DRAW_LINE X69.254 Y1.500, DRAW_LINE X69.346 Y0.325, DRAW_LINE X69.418 Y-0.851, DRAW_LINE X69.470 Y-2.028, DRAW_LINE X69.501 Y-3.206, DRAW_LINE X69.511 Y-4.384]