[TOOL R0 G0 B0 A255 D1.000, TRAVEL X-94.500 Y-23.404, DRAW_LINE X-92.733 Y-22.894, DRAW_LINE X-89.334 Y-21.995, DRAW_LINE X-86.110 Y-21.249, DRAW_LINE X-83.057 Y-20.648, DRAW_LINE X-80.172 Y-20.183, DRAW_LINE X-77.449 Y-19.847, DRAW_LINE X-74.884 Y-19.632, DRAW_LINE X-72.472 Y-19.528, DRAW_LINE X-70.210 Y-19.527, DRAW_LINE X-68.093 Y-19.622, DRAW_LINE X-66.116 Y-19.804, DRAW_LINE X-64.275 Y-20.065, DRAW_LINE X-62.566 Y-20.396, DRAW_LINE X-60.985 Y-20.789, DRAW_LINE X-59.526 Y-21.236, DRAW_LINE X-58.185 Y-21.729, DRAW_LINE X-56.959 Y-22.259, DRAW_LINE X-55.842 Y-22.818, DRAW_LINE X-54.831 Y-23.397, DRAW_LINE X-53.920 Y-23.989, DRAW_LINE X-52.733 Y-24.883, DRAW_LINE X-51.463 Y-26.040, DRAW_LINE X-50.517 Y-27.098, DRAW_LINE X-49.860 Y-27.990, DRAW_LINE X-49.339 Y-28.872, DRAW_LINE X-49.251 Y-29.060, DRAW_LINE X-48.889 Y-29.577, DRAW_LINE X-47.116 Y-31.946, DRAW_LINE X-45.228 Y-34.268, DRAW_LINE X-42.869 Y-36.927, DRAW_LINE X-40.837 Y-39.010, DRAW_LINE X-39.376 Y-40.389, DRAW_LINE X-37.841 Y-41.729, DRAW_LINE X-36.243 Y-43.002, DRAW_LINE X-34.591 Y-44.180, DRAW_LINE X-32.896 Y-45.236, DRAW_LINE X-31.166 Y-46.143, DRAW_LINE X-29.412 Y-46.873, DRAW_LINE X-28.087 Y-47.288, DRAW_LINE X-27.202 Y-47.495, DRAW_LINE X-26.315 Y-47.642, DRAW_LINE X-25.430 Y-47.726, DRAW_LINE X-24.547 Y-47.744, DRAW_LINE X-23.667 Y-47.691, DRAW_LINE X-22.791 Y-47.565, DRAW_LINE X-21.921 Y-47.362, DRAW_LINE X-21.058 Y-47.079, DRAW_LINE X-20.203 Y-46.712, DRAW_LINE X-19.358 Y-46.258, DRAW_LINE X-18.523 Y-45.713, DRAW_LINE X-17.701 Y-45.074, DRAW_LINE X-16.891 Y-44.338, DRAW_LINE X-16.096 Y-43.500, DRAW_LINE X-15.317 Y-42.558, DRAW_LINE X-14.554 Y-41.509, DRAW_LINE X-13.809 Y-40.348, DRAW_LINE X-13.084 Y-39.072, DRAW_LINE X-12.379 Y-37.678, DRAW_LINE X-11.696 Y-36.163, DRAW_LINE X-11.037 Y-34.523, DRAW_LINE X-10.401 Y-32.754, DRAW_LINE X-9.791 Y-30.853, DRAW_LINE X-9.208 Y-28.817, DRAW_LINE X-8.652 Y-26.642, DRAW_LINE X-8.126 Y-24.325, DRAW_LINE X-7.631 Y-21.863, DRAW_LINE X-7.395 Y-20.576, DRAW_LINE X-6.928 Y-18.023, DRAW_LINE X-5.980 Y-13.265, DRAW_LINE X-5.016 Y-8.955, DRAW_LINE X-4.037 Y-5.072, DRAW_LINE X-3.048 Y-1.598, DRAW_LINE X-2.051 Y1.485, DRAW_LINE X-1.050 Y4.198, DRAW_LINE X-0.048 Y6.558, DRAW_LINE X0.953 Y8.586, DRAW_LINE X1.949 Y10.299, DRAW_LINE X2.937 Y11.717, DRAW_LINE X3.914 Y12.860, DRAW_LINE X4.876 Y13.745, DRAW_LINE X5.822 Y14.392, DRAW_LINE X6.747 Y14.820, DRAW_LINE X7.648 Y15.049, DRAW_LINE X8.523 Y15.096, DRAW_LINE X9.368 Y14.981, DRAW_LINE X10.180 Y14.723, DRAW_LINE X10.957 Y14.341, DRAW_LINE X11.694 Y13.855, DRAW_LINE X12.389 Y13.282, DRAW_LINE X13.039 Y12.642, DRAW_LINE X13.640 Y11.954, DRAW_LINE X14.445 Y10.874, DRAW_LINE X15.320 Y9.444, DRAW_LINE X15.945 Y8.163, DRAW_LINE X16.296 Y7.185, DRAW_LINE X16.361 Y6.857, DRAW_LINE X16.387 Y6.792, DRAW_LINE X16.553 Y6.670, DRAW_LINE X17.076 Y6.508, DRAW_LINE X18.253 Y6.329, DRAW_LINE X19.932 Y6.190, DRAW_LINE X23.287 Y6.053, DRAW_LINE X29.064 Y5.993, DRAW_LINE X35.974 Y6.062, DRAW_LINE X43.627 Y6.245, DRAW_LINE X51.633 Y6.527, DRAW_LINE X59.601 Y6.894, DRAW_LINE X67.141 Y7.331, DRAW_LINE X73.863 Y7.823, DRAW_LINE X79.376 Y8.357, DRAW_LINE X82.484 Y8.776, DRAW_LINE X83.974 Y9.060, DRAW_LINE X84.753 Y9.275, DRAW_LINE X85.098 Y9.418, DRAW_LINE X85.298 Y9.562, DRAW_LINE X85.347 Y9.705, DRAW_LINE X85.237 Y9.848, DRAW_LINE X84.964 Y9.990, DRAW_LINE X84.233 Y10.201, DRAW_LINE X82.628 Y10.478, DRAW_LINE X80.257 Y10.749, DRAW_LINE X77.072 Y11.010, DRAW_LINE X73.024 Y11.261, DRAW_LINE X70.661 Y11.382, DRAW_LINE X65.905 Y11.619, DRAW_LINE X57.557 Y12.082, DRAW_LINE X50.656 Y12.528, DRAW_LINE X45.074 Y12.956, DRAW_LINE X40.684 Y13.364, DRAW_LINE X37.359 Y13.749, DRAW_LINE X34.971 Y14.109, DRAW_LINE X33.394 Y14.443, DRAW_LINE X32.667 Y14.674, DRAW_LINE X32.369 Y14.819, DRAW_LINE X32.203 Y14.956, DRAW_LINE X32.151 Y15.085, DRAW_LINE X32.199 Y15.205, DRAW_LINE X32.330 Y15.317, DRAW_LINE X32.649 Y15.468, DRAW_LINE X33.527 Y15.707, DRAW_LINE X34.566 Y15.884, DRAW_LINE X34.744 Y15.907, DRAW_LINE X35.826 Y16.203, DRAW_LINE X40.226 Y17.550, DRAW_LINE X42.924 Y18.509, DRAW_LINE X44.671 Y19.216, DRAW_LINE X45.491 Y19.583, DRAW_LINE X45.678 Y19.689, DRAW_LINE X45.991 Y19.975, DRAW_LINE X46.225 Y20.351, DRAW_LINE X46.388 Y20.808, DRAW_LINE X46.488 Y21.333, DRAW_LINE X46.533 Y21.918, DRAW_LINE X46.511 Y22.883, DRAW_LINE X46.358 Y24.278, DRAW_LINE X46.117 Y25.721, DRAW_LINE X45.723 Y27.791, DRAW_LINE X45.470 Y29.498, DRAW_LINE X45.459 Y30.127, DRAW_LINE X45.512 Y30.439, DRAW_LINE X45.622 Y30.653, DRAW_LINE X45.797 Y30.759, DRAW_LINE X46.043 Y30.746, DRAW_LINE X46.369 Y30.603, DRAW_LINE X46.782 Y30.321, DRAW_LINE X47.290 Y29.889, DRAW_LINE X48.244 Y28.936, DRAW_LINE X49.918 Y27.041, DRAW_LINE X52.105 Y24.358, DRAW_LINE X53.409 Y22.694, DRAW_LINE X54.108 Y21.832, DRAW_LINE X55.562 Y20.259, DRAW_LINE X57.084 Y18.881, DRAW_LINE X58.664 Y17.689, DRAW_LINE X60.297 Y16.673, DRAW_LINE X61.973 Y15.823, DRAW_LINE X63.684 Y15.132, DRAW_LINE X65.422 Y14.588, DRAW_LINE X67.180 Y14.183, DRAW_LINE X68.949 Y13.908, DRAW_LINE X70.722 Y13.753, DRAW_LINE X72.489 Y13.709, DRAW_LINE X74.244 Y13.767, DRAW_LINE X75.978 Y13.917, DRAW_LINE X77.684 Y14.150, DRAW_LINE X79.352 Y14.456, DRAW_LINE X80.976 Y14.827, DRAW_LINE X82.546 Y15.253, DRAW_LINE X84.056 Y15.724, DRAW_LINE X85.497 Y16.232, DRAW_LINE X87.512 Y17.042, DRAW_LINE X89.881 Y18.161, DRAW_LINE X91.831 Y19.258, DRAW_LINE X93.295 Y20.259, DRAW_LINE X94.037 Y20.900, DRAW_LINE X94.347 Y21.259, DRAW_LINE X94.500 Y21.551, DRAW_LINE X94.487 Y21.768, DRAW_LINE X94.417 Y21.846, DRAW_LINE X94.352 Y21.865, DRAW_LINE X94.118 Y21.821, DRAW_LINE X93.514 Y21.556, DRAW_LINE X92.266 Y20.854, DRAW_LINE X90.551 Y19.783, DRAW_LINE X87.203 Y17.557, DRAW_LINE X81.520 Y13.605, DRAW_LINE X74.771 Y8.767, DRAW_LINE X67.309 Y3.306, DRAW_LINE X59.488 Y-2.515, DRAW_LINE X51.663 Y-8.434, DRAW_LINE X44.187 Y-14.190, DRAW_LINE X37.416 Y-19.520, DRAW_LINE X31.703 Y-24.161, DRAW_LINE X28.326 Y-27.033, DRAW_LINE X26.590 Y-28.595, DRAW_LINE X25.317 Y-29.838, DRAW_LINE X24.694 Y-30.541, DRAW_LINE X24.446 Y-30.893, DRAW_LINE X24.340 Y-31.146, DRAW_LINE X24.379 Y-31.297, DRAW_LINE X24.571 Y-31.341, DRAW_LINE X24.920 Y-31.275, DRAW_LINE X25.751 Y-30.959, DRAW_LINE X27.462 Y-30.113, DRAW_LINE X29.902 Y-28.750, DRAW_LINE X33.116 Y-26.838, DRAW_LINE X35.027 Y-25.666, DRAW_LINE X38.878 Y-23.306, DRAW_LINE X45.550 Y-19.344, DRAW_LINE X50.949 Y-16.312, DRAW_LINE X55.192 Y-14.117, DRAW_LINE X57.688 Y-12.961, DRAW_LINE X59.052 Y-12.402, DRAW_LINE X60.194 Y-11.998, DRAW_LINE X61.129 Y-11.737, DRAW_LINE X61.871 Y-11.608, DRAW_LINE X62.436 Y-11.599, DRAW_LINE X62.837 Y-11.697, DRAW_LINE X63.090 Y-11.891, DRAW_LINE X63.210 Y-12.169, DRAW_LINE X63.212 Y-12.519, DRAW_LINE X63.109 Y-12.929, DRAW_LINE X62.918 Y-13.387, DRAW_LINE X62.497 Y-14.138, DRAW_LINE X61.762 Y-15.197, DRAW_LINE X60.531 Y-16.714, DRAW_LINE X59.268 Y-18.104, DRAW_LINE X59.065 Y-18.313, TRAVEL X-71.310 Y17.321, DRAW_LINE X-71.258 Y17.239, DRAW_LINE X-71.289 Y17.097, DRAW_LINE X-71.434 Y16.999, DRAW_LINE X-71.611 Y16.960, DRAW_LINE X-71.687 Y16.967, DRAW_LINE X-71.846 Y17.035, DRAW_LINE X-72.055 Y17.275, DRAW_LINE X-72.128 Y17.595, DRAW_LINE X-72.081 Y17.927, DRAW_LINE X-72.017 Y18.075, DRAW_LINE X-71.942 Y18.191, DRAW_LINE X-71.760 Y18.381, DRAW_LINE X-71.543 Y18.517, DRAW_LINE X-71.302 Y18.601, DRAW_LINE X-70.915 Y18.633, DRAW_LINE X-70.407 Y18.510, DRAW_LINE X-70.178 Y18.381, DRAW_LINE X-70.030 Y18.264, DRAW_LINE X-69.789 Y17.993, DRAW_LINE X-69.620 Y17.681, DRAW_LINE X-69.521 Y17.342, DRAW_LINE X-69.490 Y16.989, DRAW_LINE X-69.527 Y16.632, DRAW_LINE X-69.627 Y16.286, DRAW_LINE X-69.791 Y15.962, DRAW_LINE X-69.896 Y15.812, DRAW_LINE X-70.054 Y15.631, DRAW_LINE X-70.413 Y15.338, DRAW_LINE X-70.819 Y15.135, DRAW_LINE X-71.256 Y15.021, DRAW_LINE X-71.709 Y14.994, DRAW_LINE X-72.162 Y15.051, DRAW_LINE X-72.599 Y15.192, DRAW_LINE X-73.007 Y15.413, DRAW_LINE X-73.195 Y15.553, DRAW_LINE X-73.409 Y15.752, DRAW_LINE X-73.755 Y16.200, DRAW_LINE X-73.992 Y16.700, DRAW_LINE X-74.121 Y17.235, DRAW_LINE X-74.145 Y17.786, DRAW_LINE X-74.066 Y18.336, DRAW_LINE X-73.886 Y18.866, DRAW_LINE X-73.607 Y19.357, DRAW_LINE X-73.431 Y19.583, DRAW_LINE X-73.192 Y19.831, DRAW_LINE X-72.656 Y20.229, DRAW_LINE X-72.061 Y20.500, DRAW_LINE X-71.428 Y20.644, DRAW_LINE X-70.777 Y20.665, DRAW_LINE X-70.131 Y20.565, DRAW_LINE X-69.509 Y20.345, DRAW_LINE X-68.934 Y20.007, DRAW_LINE X-68.670 Y19.795, DRAW_LINE X-68.389 Y19.516, DRAW_LINE X-67.938 Y18.893, DRAW_LINE X-67.633 Y18.204, DRAW_LINE X-67.473 Y17.472, DRAW_LINE X-67.455 Y16.722, DRAW_LINE X-67.578 Y15.979, DRAW_LINE X-67.838 Y15.265, DRAW_LINE X-68.234 Y14.606, DRAW_LINE X-68.482 Y14.304, DRAW_LINE X-68.801 Y13.989, DRAW_LINE X-69.511 Y13.485, DRAW_LINE X-70.295 Y13.147, DRAW_LINE X-71.125 Y12.971, DRAW_LINE X-71.974 Y12.957, DRAW_LINE X-72.815 Y13.101, DRAW_LINE X-73.621 Y13.401, DRAW_LINE X-74.364 Y13.855, DRAW_LINE X-74.703 Y14.139, DRAW_LINE X-74.883 Y14.315, DRAW_LINE X-75.208 Y14.689, DRAW_LINE X-75.609 Y15.296, DRAW_LINE X-75.981 Y16.175, DRAW_LINE X-76.172 Y17.103, DRAW_LINE X-76.184 Y18.052, DRAW_LINE X-76.018 Y18.990, DRAW_LINE X-75.678 Y19.888, DRAW_LINE X-75.165 Y20.714, DRAW_LINE X-74.845 Y21.092, DRAW_LINE X-74.649 Y21.289, DRAW_LINE X-74.234 Y21.645, DRAW_LINE X-73.791 Y21.950, DRAW_LINE X-73.324 Y22.204, DRAW_LINE X-72.587 Y22.490, DRAW_LINE X-71.560 Y22.697, DRAW_LINE X-70.512 Y22.705, DRAW_LINE X-69.477 Y22.517, DRAW_LINE X-68.487 Y22.137, DRAW_LINE X-67.795 Y21.726, DRAW_LINE X-67.366 Y21.393, DRAW_LINE X-67.162 Y21.209, DRAW_LINE X-66.947 Y20.994, DRAW_LINE X-66.560 Y20.538, DRAW_LINE X-66.228 Y20.051, DRAW_LINE X-65.952 Y19.538, DRAW_LINE X-65.732 Y19.004, DRAW_LINE X-65.566 Y18.453, DRAW_LINE X-65.455 Y17.889, DRAW_LINE X-65.399 Y17.318, DRAW_LINE X-65.397 Y16.744, DRAW_LINE X-65.448 Y16.171, DRAW_LINE X-65.552 Y15.604, DRAW_LINE X-65.710 Y15.048, DRAW_LINE X-65.920 Y14.506, DRAW_LINE X-66.183 Y13.985, DRAW_LINE X-66.498 Y13.487, DRAW_LINE X-66.865 Y13.018, DRAW_LINE X-67.068 Y12.796, TRAVEL X-31.999 Y25.522, DRAW_LINE X-31.938 Y25.308, DRAW_LINE X-31.960 Y24.959, DRAW_LINE X-32.138 Y24.710, DRAW_LINE X-32.431 Y24.553, DRAW_LINE X-32.795 Y24.478, DRAW_LINE X-33.190 Y24.478, DRAW_LINE X-33.571 Y24.543, DRAW_LINE X-33.897 Y24.665, DRAW_LINE X-34.026 Y24.744, DRAW_LINE X-34.175 Y24.864, DRAW_LINE X-34.431 Y25.122, DRAW_LINE X-34.718 Y25.553, DRAW_LINE X-34.931 Y26.189, DRAW_LINE X-34.970 Y26.865, DRAW_LINE X-34.856 Y27.551, DRAW_LINE X-34.610 Y28.215, DRAW_LINE X-34.253 Y28.826, DRAW_LINE X-33.805 Y29.353, DRAW_LINE X-33.555 Y29.576, DRAW_LINE X-33.320 Y29.751, DRAW_LINE X-32.834 Y30.048, DRAW_LINE X-32.329 Y30.273, DRAW_LINE X-31.810 Y30.431, DRAW_LINE X-31.280 Y30.523, DRAW_LINE X-30.744 Y30.554, DRAW_LINE X-30.208 Y30.525, DRAW_LINE X-29.674 Y30.440, DRAW_LINE X-28.891 Y30.214, DRAW_LINE X-27.900 Y29.742, DRAW_LINE X-27.005 Y29.097, DRAW_LINE X-26.240 Y28.302, DRAW_LINE X-25.919 Y27.855, DRAW_LINE X-25.711 Y27.514, DRAW_LINE X-25.366 Y26.812, DRAW_LINE X-25.112 Y26.092, DRAW_LINE X-24.946 Y25.359, DRAW_LINE X-24.865 Y24.619, DRAW_LINE X-24.864 Y23.877, DRAW_LINE X-24.940 Y23.139, DRAW_LINE X-25.091 Y22.410, DRAW_LINE X-25.313 Y21.697, DRAW_LINE X-25.602 Y21.005, DRAW_LINE X-25.955 Y20.340, DRAW_LINE X-26.368 Y19.707, DRAW_LINE X-26.839 Y19.113, DRAW_LINE X-27.363 Y18.562, DRAW_LINE X-27.939 Y18.061, DRAW_LINE X-28.561 Y17.615, DRAW_LINE X-28.888 Y17.415, DRAW_LINE X-29.336 Y17.173, DRAW_LINE X-30.249 Y16.776, DRAW_LINE X-31.183 Y16.491, DRAW_LINE X-32.128 Y16.315, DRAW_LINE X-33.079 Y16.243, DRAW_LINE X-34.029 Y16.271, DRAW_LINE X-34.970 Y16.396, DRAW_LINE X-35.895 Y16.613, DRAW_LINE X-36.797 Y16.919, DRAW_LINE X-37.670 Y17.309, DRAW_LINE X-38.506 Y17.780, DRAW_LINE X-39.298 Y18.328, DRAW_LINE X-40.040 Y18.948, DRAW_LINE X-40.723 Y19.637, DRAW_LINE X-41.342 Y20.390, DRAW_LINE X-41.889 Y21.205, DRAW_LINE X-42.133 Y21.634, DRAW_LINE X-42.410 Y22.186, DRAW_LINE X-42.861 Y23.311, DRAW_LINE X-43.178 Y24.457, DRAW_LINE X-43.366 Y25.615, DRAW_LINE X-43.429 Y26.777, DRAW_LINE X-43.371 Y27.934, DRAW_LINE X-43.198 Y29.078, DRAW_LINE X-42.915 Y30.201, DRAW_LINE X-42.524 Y31.293, DRAW_LINE X-42.032 Y32.347, DRAW_LINE X-41.442 Y33.355, DRAW_LINE X-40.760 Y34.307, DRAW_LINE X-39.990 Y35.196, DRAW_LINE X-39.136 Y36.012, DRAW_LINE X-38.203 Y36.748, DRAW_LINE X-37.196 Y37.395, DRAW_LINE X-36.666 Y37.683, DRAW_LINE X-36.009 Y37.996, DRAW_LINE X-34.672 Y38.501, DRAW_LINE X-33.314 Y38.851, DRAW_LINE X-31.944 Y39.051, DRAW_LINE X-30.571 Y39.105, DRAW_LINE X-29.206 Y39.018, DRAW_LINE X-27.859 Y38.797, DRAW_LINE X-26.538 Y38.447, DRAW_LINE X-25.255 Y37.972, DRAW_LINE X-24.019 Y37.377, DRAW_LINE X-22.840 Y36.669, DRAW_LINE X-21.727 Y35.852, DRAW_LINE X-20.692 Y34.931, DRAW_LINE X-19.742 Y33.911, DRAW_LINE X-18.889 Y32.799, DRAW_LINE X-18.142 Y31.598, DRAW_LINE X-17.812 Y30.966, DRAW_LINE X-17.463 Y30.205, DRAW_LINE X-16.902 Y28.658, DRAW_LINE X-16.519 Y27.088, DRAW_LINE X-16.308 Y25.505, DRAW_LINE X-16.262 Y23.921, DRAW_LINE X-16.377 Y22.348, DRAW_LINE X-16.646 Y20.797, DRAW_LINE X-17.064 Y19.279, DRAW_LINE X-17.624 Y17.805, DRAW_LINE X-18.320 Y16.387, DRAW_LINE X-19.148 Y15.036, DRAW_LINE X-20.101 Y13.763, DRAW_LINE X-21.172 Y12.580, DRAW_LINE X-22.357 Y11.498, DRAW_LINE X-23.650 Y10.528, DRAW_LINE X-25.044 Y9.681, DRAW_LINE X-25.777 Y9.308, DRAW_LINE X-26.643 Y8.923, DRAW_LINE X-28.400 Y8.307, DRAW_LINE X-30.183 Y7.890, DRAW_LINE X-31.978 Y7.667, DRAW_LINE X-33.772 Y7.630, DRAW_LINE X-35.554 Y7.773, DRAW_LINE X-37.309 Y8.090, DRAW_LINE X-39.025 Y8.575, DRAW_LINE X-40.689 Y9.220, DRAW_LINE X-42.290 Y10.019, DRAW_LINE X-43.813 Y10.966, DRAW_LINE X-45.246 Y12.054, DRAW_LINE X-46.577 Y13.276, DRAW_LINE X-47.792 Y14.627, DRAW_LINE X-48.878 Y16.100, DRAW_LINE X-49.824 Y17.688, DRAW_LINE X-50.240 Y18.523, DRAW_LINE X-50.458 Y19.006, DRAW_LINE X-50.851 Y19.981, DRAW_LINE X-51.187 Y20.965, DRAW_LINE X-51.467 Y21.957, DRAW_LINE X-51.692 Y22.955, DRAW_LINE X-51.863 Y23.957, DRAW_LINE X-52.020 Y25.463, DRAW_LINE X-52.048 Y27.468, DRAW_LINE X-51.876 Y29.457, DRAW_LINE X-51.511 Y31.416, DRAW_LINE X-50.959 Y33.331, DRAW_LINE X-50.229 Y35.186, DRAW_LINE X-49.328 Y36.969, DRAW_LINE X-48.262 Y38.664, DRAW_LINE X-47.038 Y40.257, DRAW_LINE X-45.664 Y41.735, DRAW_LINE X-44.147 Y43.083, DRAW_LINE X-42.495 Y44.287, DRAW_LINE X-40.713 Y45.332, DRAW_LINE X-39.776 Y45.790, DRAW_LINE X-39.241 Y46.027, DRAW_LINE X-38.161 Y46.453, DRAW_LINE X-37.072 Y46.817, DRAW_LINE X-35.974 Y47.120, DRAW_LINE X-34.871 Y47.361, DRAW_LINE X-33.763 Y47.544, DRAW_LINE X-32.653 Y47.668, DRAW_LINE X-31.543 Y47.734, DRAW_LINE X-30.434 Y47.744, DRAW_LINE X-29.329 Y47.698, DRAW_LINE X-28.230 Y47.598, DRAW_LINE X-27.139 Y47.443, DRAW_LINE X-25.521 Y47.114, DRAW_LINE X-23.408 Y46.496, DRAW_LINE X-21.362 Y45.681, DRAW_LINE X-19.397 Y44.677, DRAW_LINE X-17.530 Y43.491, DRAW_LINE X-15.776 Y42.132, DRAW_LINE X-14.544 Y41.003, DRAW_LINE X-13.766 Y40.201, DRAW_LINE X-13.025 Y39.359, DRAW_LINE X-12.324 Y38.480, DRAW_LINE X-11.664 Y37.563, DRAW_LINE X-11.046 Y36.610, DRAW_LINE X-10.474 Y35.623, DRAW_LINE X-9.949 Y34.601, DRAW_LINE X-9.704 Y34.077, DRAW_LINE X-9.449 Y33.490, DRAW_LINE X-8.989 Y32.306, DRAW_LINE X-8.597 Y31.111, DRAW_LINE X-8.272 Y29.908, DRAW_LINE X-8.013 Y28.698, DRAW_LINE X-7.819 Y27.484, DRAW_LINE X-7.689 Y26.268, DRAW_LINE X-7.622 Y25.051, DRAW_LINE X-7.616 Y23.838, DRAW_LINE X-7.672 Y22.628, DRAW_LINE X-7.786 Y21.425, DRAW_LINE X-7.960 Y20.230, DRAW_LINE X-8.190 Y19.047, DRAW_LINE X-8.478 Y17.876, DRAW_LINE X-8.820 Y16.720, DRAW_LINE X-9.217 Y15.582, DRAW_LINE X-9.667 Y14.463, DRAW_LINE X-10.170 Y13.365, DRAW_LINE X-10.723 Y12.291, DRAW_LINE X-11.327 Y11.243, DRAW_LINE X-11.979 Y10.223, DRAW_LINE X-12.680 Y9.234, DRAW_LINE X-13.428 Y8.276, DRAW_LINE X-14.221 Y7.353, DRAW_LINE X-15.059 Y6.466, DRAW_LINE X-15.941 Y5.619, DRAW_LINE X-16.866 Y4.812, DRAW_LINE X-17.832 Y4.048, DRAW_LINE X-18.839 Y3.329, DRAW_LINE X-19.885 Y2.658, DRAW_LINE X-20.970 Y2.036, DRAW_LINE X-22.092 Y1.466, DRAW_LINE X-22.666 Y1.201]