[TOOL R0 G0 B0 A255 D1.000, TRAVEL X0.000 Y0.000, DRAW_LINE X1.235 Y0.000, DRAW_LINE X2.469 Y0.000, DRAW_LINE X3.704 Y0.000, DRAW_LINE X4.321 Y1.069, DRAW_LINE X4.938 Y2.138, DRAW_LINE X5.556 Y3.208, DRAW_LINE X6.173 Y2.138, DRAW_LINE X6.790 Y1.069, DRAW_LINE X7.407 Y0.000, DRAW_LINE X8.642 Y0.000, DRAW_LINE X9.877 Y0.000, DRAW_LINE X11.111 Y0.000, DRAW_LINE X11.728 Y1.069, DRAW_LINE X12.346 Y2.138, DRAW_LINE X12.963 Y3.208, DRAW_LINE X12.346 Y4.277, DRAW_LINE X11.728 Y5.346, DRAW_LINE X11.111 Y6.415, DRAW_LINE X12.346 Y6.415, DRAW_LINE X13.580 Y6.415, DRAW_LINE X14.815 Y6.415, DRAW_LINE X15.432 Y7.484, DRAW_LINE X16.049 Y8.553, DRAW_LINE X16.667 Y9.623, DRAW_LINE X17.284 Y8.553, DRAW_LINE X17.901 Y7.484, DRAW_LINE X18.519 Y6.415, DRAW_LINE X19.753 Y6.415, DRAW_LINE X20.988 Y6.415, DRAW_LINE X22.222 Y6.415, DRAW_LINE X21.605 Y5.346, DRAW_LINE X20.988 Y4.277, DRAW_LINE X20.370 Y3.208, DRAW_LINE X20.988 Y2.138, DRAW_LINE X21.605 Y1.069, DRAW_LINE X22.222 Y0.000, DRAW_LINE X23.457 Y0.000, DRAW_LINE X24.691 Y0.000, DRAW_LINE X25.926 Y0.000, DRAW_LINE X26.543 Y1.069, DRAW_LINE X27.160 Y2.138, DRAW_LINE X27.778 Y3.208, DRAW_LINE X28.395 Y2.138, DRAW_LINE X29.012 Y1.069, DRAW_LINE X29.630 Y0.000, DRAW_LINE X30.864 Y0.000, DRAW_LINE X32.099 Y0.000, DRAW_LINE X33.333 Y0.000, DRAW_LINE X33.951 Y1.069, DRAW_LINE X34.568 Y2.138, DRAW_LINE X35.185 Y3.208, DRAW_LINE X34.568 Y4.277, DRAW_LINE X33.951 Y5.346, DRAW_LINE X33.333 Y6.415, DRAW_LINE X34.568 Y6.415, DRAW_LINE X35.802 Y6.415, DRAW_LINE X37.037 Y6.415, DRAW_LINE X37.654 Y7.484, DRAW_LINE X38.272 Y8.553, DRAW_LINE X38.889 Y9.623, DRAW_LINE X38.272 Y10.692, DRAW_LINE X37.654 Y11.761, DRAW_LINE X37.037 Y12.830, DRAW_LINE X35.802 Y12.830, DRAW_LINE X34.568 Y12.830, DRAW_LINE X33.333 Y12.830, DRAW_LINE X33.951 Y13.899, DRAW_LINE X34.568 Y14.968, DRAW_LINE X35.185 Y16.038, DRAW_LINE X34.568 Y17.107, DRAW_LINE X33.951 Y18.176, DRAW_LINE X33.333 Y19.245, DRAW_LINE X34.568 Y19.245, DRAW_LINE X35.802 Y19.245, DRAW_LINE X37.037 Y19.245, DRAW_LINE X37.654 Y20.314, DRAW_LINE X38.272 Y21.383, DRAW_LINE X38.889 Y22.453, DRAW_LINE X39.506 Y21.383, DRAW_LINE X40.123 Y20.314, DRAW_LINE X40.741 Y19.245, DRAW_LINE X41.975 Y19.245, DRAW_LINE X43.210 Y19.245, DRAW_LINE X44.444 Y19.245, DRAW_LINE X45.062 Y20.314, DRAW_LINE X45.679 Y21.383, DRAW_LINE X46.296 Y22.453, DRAW_LINE X45.679 Y23.522, DRAW_LINE X45.062 Y24.591, DRAW_LINE X44.444 Y25.660, DRAW_LINE X45.679 Y25.660, DRAW_LINE X46.914 Y25.660, DRAW_LINE X48.148 Y25.660, DRAW_LINE X48.765 Y26.729, DRAW_LINE X49.383 Y27.798, DRAW_LINE X50.000 Y28.868, DRAW_LINE X50.617 Y27.798, DRAW_LINE X51.235 Y26.729, DRAW_LINE X51.852 Y25.660, DRAW_LINE X53.086 Y25.660, DRAW_LINE X54.321 Y25.660, DRAW_LINE X55.556 Y25.660, DRAW_LINE X54.938 Y24.591, DRAW_LINE X54.321 Y23.522, DRAW_LINE X53.704 Y22.453, DRAW_LINE X54.321 Y21.383, DRAW_LINE X54.938 Y20.314, DRAW_LINE X55.556 Y19.245, DRAW_LINE X56.790 Y19.245, DRAW_LINE X58.025 Y19.245, DRAW_LINE X59.259 Y19.245, DRAW_LINE X59.877 Y20.314, DRAW_LINE X60.494 Y21.383, DRAW_LINE X61.111 Y22.453, DRAW_LINE X61.728 Y21.383, DRAW_LINE X62.346 Y20.314, DRAW_LINE X62.963 Y19.245, DRAW_LINE X64.198 Y19.245, DRAW_LINE X65.432 Y19.245, DRAW_LINE X66.667 Y19.245, DRAW_LINE X66.049 Y18.176, DRAW_LINE X65.432 Y17.107, DRAW_LINE X64.815 Y16.038, DRAW_LINE X65.432 Y14.968, DRAW_LINE X66.049 Y13.899, DRAW_LINE X66.667 Y12.830, DRAW_LINE X65.432 Y12.830, DRAW_LINE X64.198 Y12.830, DRAW_LINE X62.963 Y12.830, DRAW_LINE X62.346 Y11.761, DRAW_LINE X61.728 Y10.692, DRAW_LINE X61.111 Y9.623, DRAW_LINE X61.728 Y8.553, DRAW_LINE X62.346 Y7.484, DRAW_LINE X62.963 Y6.415, DRAW_LINE X64.198 Y6.415, DRAW_LINE X65.432 Y6.415, DRAW_LINE X66.667 Y6.415, DRAW_LINE X66.049 Y5.346, DRAW_LINE X65.432 Y4.277, DRAW_LINE X64.815 Y3.208, DRAW_LINE X65.432 Y2.138, DRAW_LINE X66.049 Y1.069, DRAW_LINE X66.667 Y0.000, DRAW_LINE X67.901 Y0.000, DRAW_LINE X69.136 Y0.000, DRAW_LINE X70.370 Y0.000, DRAW_LINE X70.988 Y1.069, DRAW_LINE X71.605 Y2.138, DRAW_LINE X72.222 Y3.208, DRAW_LINE X72.840 Y2.138, DRAW_LINE X73.457 Y1.069, DRAW_LINE X74.074 Y0.000, DRAW_LINE X75.309 Y0.000, DRAW_LINE X76.543 Y0.000, DRAW_LINE X77.778 Y0.000, DRAW_LINE X78.395 Y1.069, DRAW_LINE X79.012 Y2.138, DRAW_LINE X79.630 Y3.208, DRAW_LINE X79.012 Y4.277, DRAW_LINE X78.395 Y5.346, DRAW_LINE X77.778 Y6.415, DRAW_LINE X79.012 Y6.415, DRAW_LINE X80.247 Y6.415, DRAW_LINE X81.481 Y6.415, DRAW_LINE X82.099 Y7.484, DRAW_LINE X82.716 Y8.553, DRAW_LINE X83.333 Y9.623, DRAW_LINE X83.951 Y8.553, DRAW_LINE X84.568 Y7.484, DRAW_LINE X85.185 Y6.415, DRAW_LINE X86.420 Y6.415, DRAW_LINE X87.654 Y6.415, DRAW_LINE X88.889 Y6.415, DRAW_LINE X88.272 Y5.346, DRAW_LINE X87.654 Y4.277, DRAW_LINE X87.037 Y3.208, DRAW_LINE X87.654 Y2.138, DRAW_LINE X88.272 Y1.069, DRAW_LINE X88.889 Y0.000, DRAW_LINE X90.123 Y0.000, DRAW_LINE X91.358 Y0.000, DRAW_LINE X92.593 Y0.000, DRAW_LINE X93.210 Y1.069, DRAW_LINE X93.827 Y2.138, DRAW_LINE X94.444 Y3.208, DRAW_LINE X95.062 Y2.138, DRAW_LINE X95.679 Y1.069, DRAW_LINE X96.296 Y0.000, DRAW_LINE X97.531 Y0.000, DRAW_LINE X98.765 Y0.000, DRAW_LINE X100.000 Y0.000, DRAW_LINE X99.383 Y-1.069, DRAW_LINE X98.765 Y-2.138, DRAW_LINE X98.148 Y-3.208, DRAW_LINE X98.765 Y-4.277, DRAW_LINE X99.383 Y-5.346, DRAW_LINE X100.000 Y-6.415, DRAW_LINE X98.765 Y-6.415, DRAW_LINE X97.531 Y-6.415, DRAW_LINE X96.296 Y-6.415, DRAW_LINE X95.679 Y-7.484, DRAW_LINE X95.062 Y-8.553, DRAW_LINE X94.444 Y-9.623, DRAW_LINE X95.062 Y-10.692, DRAW_LINE X95.679 Y-11.761, DRAW_LINE X96.296 Y-12.830, DRAW_LINE X97.531 Y-12.830, DRAW_LINE X98.765 Y-12.830, DRAW_LINE X100.000 Y-12.830, DRAW_LINE X99.383 Y-13.899, DRAW_LINE X98.765 Y-14.968, DRAW_LINE X98.148 Y-16.038, DRAW_LINE X98.765 Y-17.107, DRAW_LINE X99.383 Y-18.176, DRAW_LINE X100.000 Y-19.245, DRAW_LINE X98.765 Y-19.245, DRAW_LINE X97.531 Y-19.245, DRAW_LINE X96.296 Y-19.245, DRAW_LINE X95.679 Y-20.314, DRAW_LINE X95.062 Y-21.383, DRAW_LINE X94.444 Y-22.453, DRAW_LINE X93.827 Y-21.383, DRAW_LINE X93.210 Y-20.314, DRAW_LINE X92.593 Y-19.245, DRAW_LINE X91.358 Y-19.245, DRAW_LINE X90.123 Y-19.245, DRAW_LINE X88.889 Y-19.245, DRAW_LINE X88.272 Y-20.314, DRAW_LINE X87.654 Y-21.383, DRAW_LINE X87.037 Y-22.453, DRAW_LINE X87.654 Y-23.522, DRAW_LINE X88.272 Y-24.591, DRAW_LINE X88.889 Y-25.660, DRAW_LINE X87.654 Y-25.660, DRAW_LINE X86.420 Y-25.660, DRAW_LINE X85.185 Y-25.660, DRAW_LINE X84.568 Y-26.729, DRAW_LINE X83.951 Y-27.798, DRAW_LINE X83.333 Y-28.868, DRAW_LINE X83.951 Y-29.937, DRAW_LINE X84.568 Y-31.006, DRAW_LINE X85.185 Y-32.075, DRAW_LINE X86.420 Y-32.075, DRAW_LINE X87.654 Y-32.075, DRAW_LINE X88.889 Y-32.075, DRAW_LINE X88.272 Y-33.144, DRAW_LINE X87.654 Y-34.213, DRAW_LINE X87.037 Y-35.283, DRAW_LINE X87.654 Y-36.352, DRAW_LINE X88.272 Y-37.421, DRAW_LINE X88.889 Y-38.490, DRAW_LINE X90.123 Y-38.490, DRAW_LINE X91.358 Y-38.490, DRAW_LINE X92.593 Y-38.490, DRAW_LINE X93.210 Y-37.421, DRAW_LINE X93.827 Y-36.352, DRAW_LINE X94.444 Y-35.283, DRAW_LINE X95.062 Y-36.352, DRAW_LINE X95.679 Y-37.421, DRAW_LINE X96.296 Y-38.490, DRAW_LINE X97.531 Y-38.490, DRAW_LINE X98.765 Y-38.490, DRAW_LINE X100.000 Y-38.490, DRAW_LINE X99.383 Y-39.559, DRAW_LINE X98.765 Y-40.628, DRAW_LINE X98.148 Y-41.698, DRAW_LINE X98.765 Y-42.767, DRAW_LINE X99.383 Y-43.836, DRAW_LINE X100.000 Y-44.905, DRAW_LINE X98.765 Y-44.905, DRAW_LINE X97.531 Y-44.905, DRAW_LINE X96.296 Y-44.905, DRAW_LINE X95.679 Y-45.974, DRAW_LINE X95.062 Y-47.043, DRAW_LINE X94.444 Y-48.113, DRAW_LINE X95.062 Y-49.182, DRAW_LINE X95.679 Y-50.251, DRAW_LINE X96.296 Y-51.320, DRAW_LINE X97.531 Y-51.320, DRAW_LINE X98.765 Y-51.320, DRAW_LINE X100.000 Y-51.320, DRAW_LINE X99.383 Y-52.389, DRAW_LINE X98.765 Y-53.458, DRAW_LINE X98.148 Y-54.528, DRAW_LINE X98.765 Y-55.597, DRAW_LINE X99.383 Y-56.666, DRAW_LINE X100.000 Y-57.735, DRAW_LINE X98.765 Y-57.735, DRAW_LINE X97.531 Y-57.735, DRAW_LINE X96.296 Y-57.735, DRAW_LINE X95.679 Y-58.804, DRAW_LINE X95.062 Y-59.873, DRAW_LINE X94.444 Y-60.943, DRAW_LINE X93.827 Y-59.873, DRAW_LINE X93.210 Y-58.804, DRAW_LINE X92.593 Y-57.735, DRAW_LINE X91.358 Y-57.735, DRAW_LINE X90.123 Y-57.735, DRAW_LINE X88.889 Y-57.735, DRAW_LINE X88.272 Y-58.804, DRAW_LINE X87.654 Y-59.873, DRAW_LINE X87.037 Y-60.943, DRAW_LINE X87.654 Y-62.012, DRAW_LINE X88.272 Y-63.081, DRAW_LINE X88.889 Y-64.150, DRAW_LINE X87.654 Y-64.150, DRAW_LINE X86.420 Y-64.150, DRAW_LINE X85.185 Y-64.150, DRAW_LINE X84.568 Y-65.219, DRAW_LINE X83.951 Y-66.288, DRAW_LINE X83.333 Y-67.358, DRAW_LINE X82.716 Y-66.288, DRAW_LINE X82.099 Y-65.219, DRAW_LINE X81.481 Y-64.150, DRAW_LINE X80.247 Y-64.150, DRAW_LINE X79.012 Y-64.150, DRAW_LINE X77.778 Y-64.150, DRAW_LINE X78.395 Y-63.081, DRAW_LINE X79.012 Y-62.012, DRAW_LINE X79.630 Y-60.943, DRAW_LINE X79.012 Y-59.873, DRAW_LINE X78.395 Y-58.804, DRAW_LINE X77.778 Y-57.735, DRAW_LINE X76.543 Y-57.735, DRAW_LINE X75.309 Y-57.735, DRAW_LINE X74.074 Y-57.735, DRAW_LINE X73.457 Y-58.804, DRAW_LINE X72.840 Y-59.873, DRAW_LINE X72.222 Y-60.943, DRAW_LINE X71.605 Y-59.873, DRAW_LINE X70.988 Y-58.804, DRAW_LINE X70.370 Y-57.735, DRAW_LINE X69.136 Y-57.735, DRAW_LINE X67.901 Y-57.735, DRAW_LINE X66.667 Y-57.735, DRAW_LINE X66.049 Y-58.804, DRAW_LINE X65.432 Y-59.873, DRAW_LINE X64.815 Y-60.943, DRAW_LINE X65.432 Y-62.012, DRAW_LINE X66.049 Y-63.081, DRAW_LINE X66.667 Y-64.150, DRAW_LINE X65.432 Y-64.150, DRAW_LINE X64.198 Y-64.150, DRAW_LINE X62.963 Y-64.150, DRAW_LINE X62.346 Y-65.219, DRAW_LINE X61.728 Y-66.288, DRAW_LINE X61.111 Y-67.358, DRAW_LINE X61.728 Y-68.427, DRAW_LINE X62.346 Y-69.496, DRAW_LINE X62.963 Y-70.565, DRAW_LINE X64.198 Y-70.565, DRAW_LINE X65.432 Y-70.565, DRAW_LINE X66.667 Y-70.565, DRAW_LINE X66.049 Y-71.634, DRAW_LINE X65.432 Y-72.703, DRAW_LINE X64.815 Y-73.773, DRAW_LINE X65.432 Y-74.842, DRAW_LINE X66.049 Y-75.911, DRAW_LINE X66.667 Y-76.980, DRAW_LINE X65.432 Y-76.980, DRAW_LINE X64.198 Y-76.980, DRAW_LINE X62.963 Y-76.980, DRAW_LINE X62.346 Y-78.049, DRAW_LINE X61.728 Y-79.118, DRAW_LINE X61.111 Y-80.188, DRAW_LINE X60.494 Y-79.118, DRAW_LINE X59.877 Y-78.049, DRAW_LINE X59.259 Y-76.980, DRAW_LINE X58.025 Y-76.980, DRAW_LINE X56.790 Y-76.980, DRAW_LINE X55.556 Y-76.980, DRAW_LINE X54.938 Y-78.049, DRAW_LINE X54.321 Y-79.118, DRAW_LINE X53.704 Y-80.188, DRAW_LINE X54.321 Y-81.257, DRAW_LINE X54.938 Y-82.326, DRAW_LINE X55.556 Y-83.395, DRAW_LINE X54.321 Y-83.395, DRAW_LINE X53.086 Y-83.395, DRAW_LINE X51.852 Y-83.395, DRAW_LINE X51.235 Y-84.464, DRAW_LINE X50.617 Y-85.533, DRAW_LINE X50.000 Y-86.603, DRAW_LINE X49.383 Y-85.533, DRAW_LINE X48.765 Y-84.464, DRAW_LINE X48.148 Y-83.395, DRAW_LINE X46.914 Y-83.395, DRAW_LINE X45.679 Y-83.395, DRAW_LINE X44.444 Y-83.395, DRAW_LINE X45.062 Y-82.326, DRAW_LINE X45.679 Y-81.257, DRAW_LINE X46.296 Y-80.188, DRAW_LINE X45.679 Y-79.118, DRAW_LINE X45.062 Y-78.049, DRAW_LINE X44.444 Y-76.980, DRAW_LINE X43.210 Y-76.980, DRAW_LINE X41.975 Y-76.980, DRAW_LINE X40.741 Y-76.980, DRAW_LINE X40.123 Y-78.049, DRAW_LINE X39.506 Y-79.118, DRAW_LINE X38.889 Y-80.188, DRAW_LINE X38.272 Y-79.118, DRAW_LINE X37.654 Y-78.049, DRAW_LINE X37.037 Y-76.980, DRAW_LINE X35.802 Y-76.980, DRAW_LINE X34.568 Y-76.980, DRAW_LINE X33.333 Y-76.980, DRAW_LINE X33.951 Y-75.911, DRAW_LINE X34.568 Y-74.842, DRAW_LINE X35.185 Y-73.773, DRAW_LINE X34.568 Y-72.703, DRAW_LINE X33.951 Y-71.634, DRAW_LINE X33.333 Y-70.565, DRAW_LINE X34.568 Y-70.565, DRAW_LINE X35.802 Y-70.565, DRAW_LINE X37.037 Y-70.565, DRAW_LINE X37.654 Y-69.496, DRAW_LINE X38.272 Y-68.427, DRAW_LINE X38.889 Y-67.358, DRAW_LINE X38.272 Y-66.288, DRAW_LINE X37.654 Y-65.219, DRAW_LINE X37.037 Y-64.150, DRAW_LINE X35.802 Y-64.150, DRAW_LINE X34.568 Y-64.150, DRAW_LINE X33.333 Y-64.150, DRAW_LINE X33.951 Y-63.081, DRAW_LINE X34.568 Y-62.012, DRAW_LINE X35.185 Y-60.943, DRAW_LINE X34.568 Y-59.873, DRAW_LINE X33.951 Y-58.804, DRAW_LINE X33.333 Y-57.735, DRAW_LINE X32.099 Y-57.735, DRAW_LINE X30.864 Y-57.735, DRAW_LINE X29.630 Y-57.735, DRAW_LINE X29.012 Y-58.804, DRAW_LINE X28.395 Y-59.873, DRAW_LINE X27.778 Y-60.943, DRAW_LINE X27.160 Y-59.873, DRAW_LINE X26.543 Y-58.804, DRAW_LINE X25.926 Y-57.735, DRAW_LINE X24.691 Y-57.735, DRAW_LINE X23.457 Y-57.735, DRAW_LINE X22.222 Y-57.735, DRAW_LINE X21.605 Y-58.804, DRAW_LINE X20.988 Y-59.873, DRAW_LINE X20.370 Y-60.943, DRAW_LINE X20.988 Y-62.012, DRAW_LINE X21.605 Y-63.081, DRAW_LINE X22.222 Y-64.150, DRAW_LINE X20.988 Y-64.150, DRAW_LINE X19.753 Y-64.150, DRAW_LINE X18.519 Y-64.150, DRAW_LINE X17.901 Y-65.219, DRAW_LINE X17.284 Y-66.288, DRAW_LINE X16.667 Y-67.358, DRAW_LINE X16.049 Y-66.288, DRAW_LINE X15.432 Y-65.219, DRAW_LINE X14.815 Y-64.150, DRAW_LINE X13.580 Y-64.150, DRAW_LINE X12.346 Y-64.150, DRAW_LINE X11.111 Y-64.150, DRAW_LINE X11.728 Y-63.081, DRAW_LINE X12.346 Y-62.012, DRAW_LINE X12.963 Y-60.943, DRAW_LINE X12.346 Y-59.873, DRAW_LINE X11.728 Y-58.804, DRAW_LINE X11.111 Y-57.735, DRAW_LINE X9.877 Y-57.735, DRAW_LINE X8.642 Y-57.735, DRAW_LINE X7.407 Y-57.735, DRAW_LINE X6.790 Y-58.804, DRAW_LINE X6.173 Y-59.873, DRAW_LINE X5.556 Y-60.943, DRAW_LINE X4.938 Y-59.873, DRAW_LINE X4.321 Y-58.804, DRAW_LINE X3.704 Y-57.735, DRAW_LINE X2.469 Y-57.735, DRAW_LINE X1.235 Y-57.735, DRAW_LINE X-0.000 Y-57.735, DRAW_LINE X0.617 Y-56.666, DRAW_LINE X1.235 Y-55.597, DRAW_LINE X1.852 Y-54.528, DRAW_LINE X1.235 Y-53.458, DRAW_LINE X0.617 Y-52.389, DRAW_LINE X-0.000 Y-51.320, DRAW_LINE X1.235 Y-51.320, DRAW_LINE X2.469 Y-51.320, DRAW_LINE X3.704 Y-51.320, DRAW_LINE X4.321 Y-50.251, DRAW_LINE X4.938 Y-49.182, DRAW_LINE X5.556 Y-48.113, DRAW_LINE X4.938 Y-47.043, DRAW_LINE X4.321 Y-45.974, DRAW_LINE X3.704 Y-44.905, DRAW_LINE X2.469 Y-44.905, DRAW_LINE X1.235 Y-44.905, DRAW_LINE X-0.000 Y-44.905, DRAW_LINE X0.617 Y-43.836, DRAW_LINE X1.235 Y-42.767, DRAW_LINE X1.852 Y-41.698, DRAW_LINE X1.235 Y-40.628, DRAW_LINE X0.617 Y-39.559, DRAW_LINE X-0.000 Y-38.490, DRAW_LINE X1.235 Y-38.490, DRAW_LINE X2.469 Y-38.490, DRAW_LINE X3.704 Y-38.490, DRAW_LINE X4.321 Y-37.421, DRAW_LINE X4.938 Y-36.352, DRAW_LINE X5.556 Y-35.283, DRAW_LINE X6.173 Y-36.352, DRAW_LINE X6.790 Y-37.421, DRAW_LINE X7.407 Y-38.490, DRAW_LINE X8.642 Y-38.490, DRAW_LINE X9.877 Y-38.490, DRAW_LINE X11.111 Y-38.490, DRAW_LINE X11.728 Y-37.421, DRAW_LINE X12.346 Y-36.352, DRAW_LINE X12.963 Y-35.283, DRAW_LINE X12.346 Y-34.213, DRAW_LINE X11.728 Y-33.144, DRAW_LINE X11.111 Y-32.075, DRAW_LINE X12.346 Y-32.075, DRAW_LINE X13.580 Y-32.075, DRAW_LINE X14.815 Y-32.075, DRAW_LINE X15.432 Y-31.006, DRAW_LINE X16.049 Y-29.937, DRAW_LINE X16.667 Y-28.868, DRAW_LINE X16.049 Y-27.798, DRAW_LINE X15.432 Y-26.729, DRAW_LINE X14.815 Y-25.660, DRAW_LINE X13.580 Y-25.660, DRAW_LINE X12.346 Y-25.660, DRAW_LINE X11.111 Y-25.660, DRAW_LINE X11.728 Y-24.591, DRAW_LINE X12.346 Y-23.522, DRAW_LINE X12.963 Y-22.453, DRAW_LINE X12.346 Y-21.383, DRAW_LINE X11.728 Y-20.314, DRAW_LINE X11.111 Y-19.245, DRAW_LINE X9.877 Y-19.245, DRAW_LINE X8.642 Y-19.245, DRAW_LINE X7.407 Y-19.245, DRAW_LINE X6.790 Y-20.314, DRAW_LINE X6.173 Y-21.383, DRAW_LINE X5.556 Y-22.453, DRAW_LINE X4.938 Y-21.383, DRAW_LINE X4.321 Y-20.314, DRAW_LINE X3.704 Y-19.245, DRAW_LINE X2.469 Y-19.245, DRAW_LINE X1.235 Y-19.245, DRAW_LINE X-0.000 Y-19.245, DRAW_LINE X0.617 Y-18.176, DRAW_LINE X1.235 Y-17.107, DRAW_LINE X1.852 Y-16.038, DRAW_LINE X1.235 Y-14.968, DRAW_LINE X0.617 Y-13.899, DRAW_LINE X-0.000 Y-12.830, DRAW_LINE X1.235 Y-12.830, DRAW_LINE X2.469 Y-12.830, DRAW_LINE X3.704 Y-12.830, DRAW_LINE X4.321 Y-11.761, DRAW_LINE X4.938 Y-10.692, DRAW_LINE X5.556 Y-9.623, DRAW_LINE X4.938 Y-8.553, DRAW_LINE X4.321 Y-7.484, DRAW_LINE X3.704 Y-6.415, DRAW_LINE X2.469 Y-6.415, DRAW_LINE X1.235 Y-6.415, DRAW_LINE X-0.000 Y-6.415, DRAW_LINE X0.617 Y-5.346, DRAW_LINE X1.235 Y-4.277, DRAW_LINE X1.852 Y-3.208, DRAW_LINE X1.235 Y-2.138, DRAW_LINE X0.617 Y-1.069, DRAW_LINE X-0.000 Y-0.000]