[TOOL R0 G0 B0 A255 D1.000, TRAVEL X191.895 Y549.615, DRAW_LINE X191.895 Y549.615, DRAW_LINE X186.936 Y549.516, DRAW_LINE X182.014 Y549.219, DRAW_LINE X177.135 Y548.730, DRAW_LINE X172.302 Y548.049, DRAW_LINE X167.520 Y547.182, DRAW_LINE X162.794 Y546.130, DRAW_LINE X158.128 Y544.897, DRAW_LINE X153.528 Y543.485, DRAW_LINE X148.998 Y541.899, DRAW_LINE X144.542 Y540.141, DRAW_LINE X140.165 Y538.214, DRAW_LINE X135.873 Y536.121, DRAW_LINE X131.668 Y533.866, DRAW_LINE X127.557 Y531.452, DRAW_LINE X123.543 Y528.881, DRAW_LINE X119.632 Y526.157, DRAW_LINE X115.828 Y523.282, DRAW_LINE X112.135 Y520.261, DRAW_LINE X108.559 Y517.096, DRAW_LINE X105.104 Y513.789, DRAW_LINE X101.775 Y510.346, DRAW_LINE X98.576 Y506.767, DRAW_LINE X95.511 Y503.057, DRAW_LINE X92.587 Y499.219, DRAW_LINE X89.806 Y495.255, DRAW_LINE X87.175 Y491.169, DRAW_LINE X84.697 Y486.965, DRAW_LINE X82.377 Y482.644, DRAW_LINE X80.220 Y478.210, DRAW_LINE X78.230 Y473.667, DRAW_LINE X76.424 Y469.047, DRAW_LINE X74.814 Y464.387, DRAW_LINE X73.399 Y459.691, DRAW_LINE X72.178 Y454.965, DRAW_LINE X71.150 Y450.216, DRAW_LINE X70.313 Y445.447, DRAW_LINE X69.667 Y440.665, DRAW_LINE X69.211 Y435.874, DRAW_LINE X68.943 Y431.082, DRAW_LINE X68.862 Y426.293, DRAW_LINE X68.967 Y421.512, DRAW_LINE X69.258 Y416.745, DRAW_LINE X69.732 Y411.997, DRAW_LINE X70.390 Y407.275, DRAW_LINE X71.229 Y402.583, DRAW_LINE X72.249 Y397.927, DRAW_LINE X73.449 Y393.313, DRAW_LINE X74.827 Y388.745, DRAW_LINE X76.383 Y384.230, DRAW_LINE X78.115 Y379.772, DRAW_LINE X80.023 Y375.379, DRAW_LINE X82.105 Y371.053, DRAW_LINE X84.359 Y366.803, DRAW_LINE X86.786 Y362.632, DRAW_LINE X89.384 Y358.546, DRAW_LINE X92.152 Y354.551, DRAW_LINE X95.088 Y350.653, DRAW_LINE X98.193 Y346.856, DRAW_LINE X101.463 Y343.166, DRAW_LINE X104.900 Y339.590, DRAW_LINE X108.476 Y336.153, DRAW_LINE X112.166 Y332.883, DRAW_LINE X115.963 Y329.778, DRAW_LINE X119.861 Y326.842, DRAW_LINE X123.856 Y324.074, DRAW_LINE X127.942 Y321.476, DRAW_LINE X132.113 Y319.049, DRAW_LINE X136.363 Y316.795, DRAW_LINE X140.689 Y314.713, DRAW_LINE X145.082 Y312.805, DRAW_LINE X149.540 Y311.073, DRAW_LINE X154.055 Y309.517, DRAW_LINE X158.623 Y308.139, DRAW_LINE X163.237 Y306.939, DRAW_LINE X167.893 Y305.919, DRAW_LINE X172.585 Y305.080, DRAW_LINE X177.307 Y304.422, DRAW_LINE X182.055 Y303.948, DRAW_LINE X186.822 Y303.657, DRAW_LINE X191.603 Y303.552, DRAW_LINE X196.392 Y303.633, DRAW_LINE X201.184 Y303.901, DRAW_LINE X205.975 Y304.357, DRAW_LINE X210.757 Y305.003, DRAW_LINE X215.526 Y305.840, DRAW_LINE X220.275 Y306.868, DRAW_LINE X225.001 Y308.089, DRAW_LINE X229.697 Y309.504, DRAW_LINE X234.357 Y311.114, DRAW_LINE X238.977 Y312.920, DRAW_LINE X243.520 Y314.910, DRAW_LINE X247.954 Y317.067, DRAW_LINE X252.275 Y319.387, DRAW_LINE X256.479 Y321.865, DRAW_LINE X260.565 Y324.496, DRAW_LINE X264.529 Y327.277, DRAW_LINE X268.367 Y330.201, DRAW_LINE X272.077 Y333.266, DRAW_LINE X275.656 Y336.465, DRAW_LINE X279.099 Y339.794, DRAW_LINE X282.406 Y343.249, DRAW_LINE X285.571 Y346.825, DRAW_LINE X288.592 Y350.518, DRAW_LINE X291.467 Y354.322, DRAW_LINE X294.191 Y358.233, DRAW_LINE X296.762 Y362.247, DRAW_LINE X299.176 Y366.358, DRAW_LINE X301.431 Y370.563, DRAW_LINE X303.524 Y374.855, DRAW_LINE X305.451 Y379.232, DRAW_LINE X307.209 Y383.688, DRAW_LINE X308.795 Y388.218, DRAW_LINE X310.207 Y392.818, DRAW_LINE X311.440 Y397.484, DRAW_LINE X312.492 Y402.210, DRAW_LINE X313.359 Y406.992, DRAW_LINE X314.040 Y411.825, DRAW_LINE X314.529 Y416.704, DRAW_LINE X314.826 Y421.626, DRAW_LINE X314.925 Y426.585, DRAW_LINE X314.743 Y433.335, DRAW_LINE X314.203 Y439.990, DRAW_LINE X313.315 Y446.541, DRAW_LINE X312.087 Y452.978, DRAW_LINE X310.530 Y459.291, DRAW_LINE X308.653 Y465.472, DRAW_LINE X306.465 Y471.511, DRAW_LINE X303.975 Y477.398, DRAW_LINE X301.193 Y483.124, DRAW_LINE X298.128 Y488.681, DRAW_LINE X294.790 Y494.057, DRAW_LINE X291.187 Y499.245, DRAW_LINE X287.330 Y504.234, DRAW_LINE X283.228 Y509.016, DRAW_LINE X278.890 Y513.580, DRAW_LINE X274.326 Y517.918, DRAW_LINE X269.544 Y522.020, DRAW_LINE X264.555 Y525.877, DRAW_LINE X259.367 Y529.480, DRAW_LINE X253.991 Y532.818, DRAW_LINE X248.434 Y535.883, DRAW_LINE X242.708 Y538.665, DRAW_LINE X236.821 Y541.155, DRAW_LINE X230.782 Y543.343, DRAW_LINE X224.601 Y545.220, DRAW_LINE X218.288 Y546.777, DRAW_LINE X211.851 Y548.005, DRAW_LINE X205.300 Y548.893, DRAW_LINE X198.645 Y549.433, DRAW_LINE X191.895 Y549.615]