[TOOL R0 G0 B0 A255 D1.000, TRAVEL X1490.111 Y-436.111, DRAW_LINE X1490.111 Y-436.111, DRAW_LINE X1476.720 Y-436.451, DRAW_LINE X1463.430 Y-437.466, DRAW_LINE X1450.253 Y-439.143, DRAW_LINE X1437.201 Y-441.472, DRAW_LINE X1424.288 Y-444.444, DRAW_LINE X1411.527 Y-448.046, DRAW_LINE X1398.928 Y-452.269, DRAW_LINE X1386.506 Y-457.102, DRAW_LINE X1374.272 Y-462.535, DRAW_LINE X1362.240 Y-468.556, DRAW_LINE X1350.421 Y-475.154, DRAW_LINE X1338.829 Y-482.321, DRAW_LINE X1327.475 Y-490.043, DRAW_LINE X1316.373 Y-498.312, DRAW_LINE X1305.535 Y-507.117, DRAW_LINE X1294.973 Y-516.446, DRAW_LINE X1284.701 Y-526.289, DRAW_LINE X1274.729 Y-536.636, DRAW_LINE X1265.073 Y-547.476, DRAW_LINE X1255.742 Y-558.798, DRAW_LINE X1246.752 Y-570.591, DRAW_LINE X1238.112 Y-582.846, DRAW_LINE X1229.838 Y-595.551, DRAW_LINE X1221.940 Y-608.695, DRAW_LINE X1214.432 Y-622.269, DRAW_LINE X1207.326 Y-636.261, DRAW_LINE X1200.634 Y-650.661, DRAW_LINE X1194.369 Y-665.458, DRAW_LINE X1188.545 Y-680.642, DRAW_LINE X1183.172 Y-696.201, DRAW_LINE X1178.295 Y-712.021, DRAW_LINE X1173.948 Y-727.980, DRAW_LINE X1170.127 Y-744.061, DRAW_LINE X1166.830 Y-760.244, DRAW_LINE X1164.053 Y-776.510, DRAW_LINE X1161.794 Y-792.841, DRAW_LINE X1160.049 Y-809.218, DRAW_LINE X1158.816 Y-825.622, DRAW_LINE X1158.092 Y-842.034, DRAW_LINE X1157.874 Y-858.436, DRAW_LINE X1158.158 Y-874.808, DRAW_LINE X1158.943 Y-891.133, DRAW_LINE X1160.224 Y-907.391, DRAW_LINE X1162.000 Y-923.563, DRAW_LINE X1164.266 Y-939.630, DRAW_LINE X1167.021 Y-955.575, DRAW_LINE X1170.261 Y-971.378, DRAW_LINE X1173.983 Y-987.020, DRAW_LINE X1178.184 Y-1002.482, DRAW_LINE X1182.862 Y-1017.747, DRAW_LINE X1188.013 Y-1032.794, DRAW_LINE X1193.634 Y-1047.605, DRAW_LINE X1199.724 Y-1062.162, DRAW_LINE X1206.277 Y-1076.446, DRAW_LINE X1213.292 Y-1090.437, DRAW_LINE X1220.766 Y-1104.118, DRAW_LINE X1228.696 Y-1117.469, DRAW_LINE X1237.079 Y-1130.471, DRAW_LINE X1245.911 Y-1143.106, DRAW_LINE X1255.190 Y-1155.355, DRAW_LINE X1264.849 Y-1167.123, DRAW_LINE X1274.812 Y-1178.324, DRAW_LINE X1285.065 Y-1188.954, DRAW_LINE X1295.592 Y-1199.010, DRAW_LINE X1306.380 Y-1208.488, DRAW_LINE X1317.413 Y-1217.385, DRAW_LINE X1328.676 Y-1225.696, DRAW_LINE X1340.155 Y-1233.418, DRAW_LINE X1351.834 Y-1240.547, DRAW_LINE X1363.699 Y-1247.080, DRAW_LINE X1375.736 Y-1253.012, DRAW_LINE X1387.928 Y-1258.340, DRAW_LINE X1400.263 Y-1263.060, DRAW_LINE X1412.724 Y-1267.169, DRAW_LINE X1425.297 Y-1270.662, DRAW_LINE X1437.967 Y-1273.536, DRAW_LINE X1450.719 Y-1275.788, DRAW_LINE X1463.539 Y-1277.413, DRAW_LINE X1476.411 Y-1278.408, DRAW_LINE X1489.322 Y-1278.769, DRAW_LINE X1502.255 Y-1278.492, DRAW_LINE X1515.197 Y-1277.573, DRAW_LINE X1528.132 Y-1276.010, DRAW_LINE X1541.045 Y-1273.797, DRAW_LINE X1553.923 Y-1270.932, DRAW_LINE X1566.749 Y-1267.411, DRAW_LINE X1579.510 Y-1263.229, DRAW_LINE X1592.190 Y-1258.384, DRAW_LINE X1604.775 Y-1252.871, DRAW_LINE X1617.250 Y-1246.686, DRAW_LINE X1629.519 Y-1239.873, DRAW_LINE X1641.492 Y-1232.486, DRAW_LINE X1653.160 Y-1224.542, DRAW_LINE X1664.514 Y-1216.056, DRAW_LINE X1675.548 Y-1207.044, DRAW_LINE X1686.251 Y-1197.522, DRAW_LINE X1696.616 Y-1187.506, DRAW_LINE X1706.634 Y-1177.012, DRAW_LINE X1716.297 Y-1166.056, DRAW_LINE X1725.597 Y-1154.654, DRAW_LINE X1734.525 Y-1142.822, DRAW_LINE X1743.072 Y-1130.576, DRAW_LINE X1751.231 Y-1117.931, DRAW_LINE X1758.993 Y-1104.903, DRAW_LINE X1766.349 Y-1091.509, DRAW_LINE X1773.292 Y-1077.764, DRAW_LINE X1779.812 Y-1063.685, DRAW_LINE X1785.902 Y-1049.287, DRAW_LINE X1791.553 Y-1034.585, DRAW_LINE X1796.756 Y-1019.597, DRAW_LINE X1801.504 Y-1004.338, DRAW_LINE X1805.788 Y-988.824, DRAW_LINE X1809.599 Y-973.070, DRAW_LINE X1812.929 Y-957.093, DRAW_LINE X1815.769 Y-940.909, DRAW_LINE X1818.113 Y-924.533, DRAW_LINE X1819.950 Y-907.982, DRAW_LINE X1821.272 Y-891.271, DRAW_LINE X1822.072 Y-874.417, DRAW_LINE X1822.340 Y-857.434, DRAW_LINE X1822.224 Y-846.276, DRAW_LINE X1821.876 Y-835.154, DRAW_LINE X1821.298 Y-824.073, DRAW_LINE X1820.492 Y-813.038, DRAW_LINE X1819.459 Y-802.054, DRAW_LINE X1818.201 Y-791.127, DRAW_LINE X1816.721 Y-780.262, DRAW_LINE X1815.019 Y-769.464, DRAW_LINE X1813.097 Y-758.739, DRAW_LINE X1810.958 Y-748.091, DRAW_LINE X1808.602 Y-737.526, DRAW_LINE X1806.032 Y-727.050, DRAW_LINE X1803.249 Y-716.666, DRAW_LINE X1800.254 Y-706.382, DRAW_LINE X1797.051 Y-696.201, DRAW_LINE X1793.639 Y-686.129, DRAW_LINE X1790.022 Y-676.172, DRAW_LINE X1786.201 Y-666.334, DRAW_LINE X1782.176 Y-656.621, DRAW_LINE X1777.952 Y-647.038, DRAW_LINE X1773.528 Y-637.590, DRAW_LINE X1768.906 Y-628.283, DRAW_LINE X1764.089 Y-619.122, DRAW_LINE X1759.078 Y-610.111, DRAW_LINE X1753.874 Y-601.257, DRAW_LINE X1748.480 Y-592.565, DRAW_LINE X1742.897 Y-584.039, DRAW_LINE X1737.127 Y-575.685, DRAW_LINE X1731.172 Y-567.508, DRAW_LINE X1725.033 Y-559.514, DRAW_LINE X1718.729 Y-551.728, DRAW_LINE X1712.281 Y-544.176, DRAW_LINE X1705.694 Y-536.858, DRAW_LINE X1698.971 Y-529.778, DRAW_LINE X1692.116 Y-522.938, DRAW_LINE X1685.134 Y-516.339, DRAW_LINE X1678.029 Y-509.984, DRAW_LINE X1670.805 Y-503.875, DRAW_LINE X1663.466 Y-498.014, DRAW_LINE X1656.017 Y-492.403, DRAW_LINE X1648.460 Y-487.045, DRAW_LINE X1640.801 Y-481.942, DRAW_LINE X1633.043 Y-477.096, DRAW_LINE X1625.192 Y-472.508, DRAW_LINE X1617.250 Y-468.182, DRAW_LINE X1609.222 Y-464.120, DRAW_LINE X1601.112 Y-460.322, DRAW_LINE X1592.924 Y-456.793, DRAW_LINE X1584.663 Y-453.533, DRAW_LINE X1576.332 Y-450.546, DRAW_LINE X1567.936 Y-447.832, DRAW_LINE X1559.479 Y-445.396, DRAW_LINE X1550.965 Y-443.237, DRAW_LINE X1542.397 Y-441.360, DRAW_LINE X1533.781 Y-439.765, DRAW_LINE X1525.120 Y-438.455, DRAW_LINE X1516.418 Y-437.433, DRAW_LINE X1507.680 Y-436.700, DRAW_LINE X1498.910 Y-436.259, DRAW_LINE X1490.111 Y-436.111]