[TOOL R0 G0 B0 A255 D1.000, TRAVEL X125.042 Y559.422, DRAW_LINE X128.981 Y560.523, DRAW_LINE X132.705 Y561.435, DRAW_LINE X136.222 Y562.169, DRAW_LINE X139.535 Y562.734, DRAW_LINE X142.651 Y563.142, DRAW_LINE X145.576 Y563.404, DRAW_LINE X148.315 Y563.530, DRAW_LINE X150.873 Y563.530, DRAW_LINE X153.257 Y563.416, DRAW_LINE X155.472 Y563.198, DRAW_LINE X157.523 Y562.886, DRAW_LINE X159.417 Y562.492, DRAW_LINE X161.160 Y562.026, DRAW_LINE X162.755 Y561.499, DRAW_LINE X164.211 Y560.921, DRAW_LINE X165.531 Y560.303, DRAW_LINE X166.722 Y559.656, DRAW_LINE X167.790 Y558.990, DRAW_LINE X168.739 Y558.316, DRAW_LINE X169.576 Y557.645, DRAW_LINE X170.307 Y556.987, DRAW_LINE X170.936 Y556.353, DRAW_LINE X171.471 Y555.754, DRAW_LINE X171.916 Y555.200, DRAW_LINE X172.276 Y554.702, DRAW_LINE X172.559 Y554.271, DRAW_LINE X172.769 Y553.916, DRAW_LINE X172.912 Y553.650, DRAW_LINE X172.993 Y553.483, DRAW_LINE X173.019 Y553.425, DRAW_LINE X173.130 Y553.264, DRAW_LINE X173.454 Y552.804, DRAW_LINE X173.978 Y552.082, DRAW_LINE X174.690 Y551.131, DRAW_LINE X175.578 Y549.989, DRAW_LINE X176.627 Y548.689, DRAW_LINE X177.826 Y547.268, DRAW_LINE X179.162 Y545.761, DRAW_LINE X180.621 Y544.203, DRAW_LINE X182.193 Y542.630, DRAW_LINE X183.862 Y541.076, DRAW_LINE X185.618 Y539.578, DRAW_LINE X187.447 Y538.171, DRAW_LINE X189.336 Y536.890, DRAW_LINE X191.273 Y535.770, DRAW_LINE X193.245 Y534.848, DRAW_LINE X195.239 Y534.157, DRAW_LINE X197.243 Y533.735, DRAW_LINE X199.243 Y533.615, DRAW_LINE X201.228 Y533.834, DRAW_LINE X203.184 Y534.426, DRAW_LINE X205.099 Y535.428, DRAW_LINE X206.959 Y536.875, DRAW_LINE X208.753 Y538.801, DRAW_LINE X210.467 Y541.243, DRAW_LINE X212.089 Y544.235, DRAW_LINE X213.605 Y547.814, DRAW_LINE X215.004 Y552.014, DRAW_LINE X216.273 Y556.871, DRAW_LINE X217.398 Y562.420, DRAW_LINE X218.460 Y568.045, DRAW_LINE X219.544 Y573.120, DRAW_LINE X220.646 Y577.670, DRAW_LINE X221.762 Y581.720, DRAW_LINE X222.887 Y585.294, DRAW_LINE X224.019 Y588.417, DRAW_LINE X225.153 Y591.113, DRAW_LINE X226.285 Y593.406, DRAW_LINE X227.411 Y595.321, DRAW_LINE X228.526 Y596.882, DRAW_LINE X229.628 Y598.114, DRAW_LINE X230.712 Y599.042, DRAW_LINE X231.774 Y599.689, DRAW_LINE X232.810 Y600.080, DRAW_LINE X233.816 Y600.240, DRAW_LINE X234.788 Y600.193, DRAW_LINE X235.721 Y599.964, DRAW_LINE X236.613 Y599.577, DRAW_LINE X237.459 Y599.056, DRAW_LINE X238.255 Y598.426, DRAW_LINE X238.997 Y597.711, DRAW_LINE X239.681 Y596.937, DRAW_LINE X240.303 Y596.126, DRAW_LINE X240.859 Y595.304, DRAW_LINE X241.345 Y594.496, DRAW_LINE X241.758 Y593.725, DRAW_LINE X242.092 Y593.016, DRAW_LINE X242.344 Y592.394, DRAW_LINE X242.510 Y591.883, DRAW_LINE X242.587 Y591.507, DRAW_LINE X242.983 Y591.234, DRAW_LINE X244.070 Y591.012, DRAW_LINE X245.785 Y590.840, DRAW_LINE X248.066 Y590.714, DRAW_LINE X250.849 Y590.634, DRAW_LINE X254.072 Y590.595, DRAW_LINE X257.672 Y590.597, DRAW_LINE X261.587 Y590.636, DRAW_LINE X265.752 Y590.711, DRAW_LINE X270.107 Y590.818, DRAW_LINE X274.587 Y590.957, DRAW_LINE X279.131 Y591.123, DRAW_LINE X283.675 Y591.316, DRAW_LINE X288.157 Y591.532, DRAW_LINE X292.513 Y591.769, DRAW_LINE X296.682 Y592.026, DRAW_LINE X300.600 Y592.299, DRAW_LINE X304.204 Y592.586, DRAW_LINE X307.432 Y592.886, DRAW_LINE X310.222 Y593.195, DRAW_LINE X312.509 Y593.511, DRAW_LINE X314.232 Y593.833, DRAW_LINE X315.328 Y594.157, DRAW_LINE X315.733 Y594.481, DRAW_LINE X315.386 Y594.804, DRAW_LINE X314.223 Y595.122, DRAW_LINE X312.182 Y595.434, DRAW_LINE X309.199 Y595.736, DRAW_LINE X305.213 Y596.027, DRAW_LINE X300.160 Y596.305, DRAW_LINE X294.796 Y596.572, DRAW_LINE X289.905 Y596.836, DRAW_LINE X285.467 Y597.095, DRAW_LINE X281.462 Y597.349, DRAW_LINE X277.869 Y597.597, DRAW_LINE X274.667 Y597.840, DRAW_LINE X271.836 Y598.077, DRAW_LINE X269.356 Y598.307, DRAW_LINE X267.205 Y598.531, DRAW_LINE X265.365 Y598.748, DRAW_LINE X263.813 Y598.957, DRAW_LINE X262.531 Y599.159, DRAW_LINE X261.496 Y599.353, DRAW_LINE X260.690 Y599.539, DRAW_LINE X260.091 Y599.716, DRAW_LINE X259.679 Y599.883, DRAW_LINE X259.433 Y600.042, DRAW_LINE X259.333 Y600.191, DRAW_LINE X259.359 Y600.330, DRAW_LINE X259.490 Y600.458, DRAW_LINE X259.705 Y600.576, DRAW_LINE X259.985 Y600.683, DRAW_LINE X260.308 Y600.779, DRAW_LINE X260.655 Y600.862, DRAW_LINE X261.004 Y600.934, DRAW_LINE X261.336 Y600.994, DRAW_LINE X261.630 Y601.041, DRAW_LINE X261.865 Y601.075, DRAW_LINE X262.021 Y601.095, DRAW_LINE X262.077 Y601.102, DRAW_LINE X262.100 Y601.108, DRAW_LINE X262.167 Y601.126, DRAW_LINE X262.275 Y601.155, DRAW_LINE X262.423 Y601.195, DRAW_LINE X262.609 Y601.245, DRAW_LINE X262.831 Y601.306, DRAW_LINE X263.086 Y601.377, DRAW_LINE X263.372 Y601.458, DRAW_LINE X263.689 Y601.548, DRAW_LINE X264.032 Y601.647, DRAW_LINE X264.401 Y601.754, DRAW_LINE X264.793 Y601.870, DRAW_LINE X265.206 Y601.994, DRAW_LINE X265.639 Y602.125, DRAW_LINE X266.088 Y602.264, DRAW_LINE X266.552 Y602.410, DRAW_LINE X267.030 Y602.563, DRAW_LINE X267.518 Y602.722, DRAW_LINE X268.015 Y602.886, DRAW_LINE X268.519 Y603.057, DRAW_LINE X269.027 Y603.233, DRAW_LINE X269.538 Y603.414, DRAW_LINE X270.050 Y603.599, DRAW_LINE X270.560 Y603.789, DRAW_LINE X271.066 Y603.983, DRAW_LINE X271.567 Y604.181, DRAW_LINE X272.060 Y604.381, DRAW_LINE X272.543 Y604.585, DRAW_LINE X273.015 Y604.792, DRAW_LINE X273.472 Y605.001, DRAW_LINE X273.870 Y605.272, DRAW_LINE X274.169 Y605.658, DRAW_LINE X274.379 Y606.145, DRAW_LINE X274.511 Y606.720, DRAW_LINE X274.573 Y607.369, DRAW_LINE X274.576 Y608.078, DRAW_LINE X274.528 Y608.835, DRAW_LINE X274.441 Y609.625, DRAW_LINE X274.322 Y610.436, DRAW_LINE X274.183 Y611.253, DRAW_LINE X274.032 Y612.064, DRAW_LINE X273.880 Y612.854, DRAW_LINE X273.736 Y613.611, DRAW_LINE X273.609 Y614.321, DRAW_LINE X273.510 Y614.971, DRAW_LINE X273.447 Y615.546, DRAW_LINE X273.432 Y616.034, DRAW_LINE X273.472 Y616.422, DRAW_LINE X273.579 Y616.694, DRAW_LINE X273.761 Y616.839, DRAW_LINE X274.028 Y616.843, DRAW_LINE X274.391 Y616.692, DRAW_LINE X274.858 Y616.373, DRAW_LINE X275.439 Y615.872, DRAW_LINE X276.144 Y615.176, DRAW_LINE X276.983 Y614.272, DRAW_LINE X277.965 Y613.145, DRAW_LINE X279.101 Y611.783, DRAW_LINE X280.398 Y610.172, DRAW_LINE X281.868 Y608.299, DRAW_LINE X283.474 Y606.414, DRAW_LINE X285.165 Y604.769, DRAW_LINE X286.931 Y603.351, DRAW_LINE X288.763 Y602.150, DRAW_LINE X290.649 Y601.152, DRAW_LINE X292.579 Y600.347, DRAW_LINE X294.544 Y599.721, DRAW_LINE X296.532 Y599.263, DRAW_LINE X298.533 Y598.961, DRAW_LINE X300.537 Y598.803, DRAW_LINE X302.534 Y598.777, DRAW_LINE X304.514 Y598.871, DRAW_LINE X306.465 Y599.073, DRAW_LINE X308.378 Y599.371, DRAW_LINE X310.242 Y599.753, DRAW_LINE X312.048 Y600.207, DRAW_LINE X313.784 Y600.721, DRAW_LINE X315.440 Y601.282, DRAW_LINE X317.007 Y601.880, DRAW_LINE X318.473 Y602.502, DRAW_LINE X319.829 Y603.135, DRAW_LINE X321.064 Y603.769, DRAW_LINE X322.167 Y604.391, DRAW_LINE X323.129 Y604.989, DRAW_LINE X323.939 Y605.550, DRAW_LINE X324.586 Y606.064, DRAW_LINE X325.061 Y606.518, DRAW_LINE X325.354 Y606.900, DRAW_LINE X325.452 Y607.198, DRAW_LINE X325.348 Y607.399, DRAW_LINE X324.800 Y607.285, DRAW_LINE X323.613 Y606.668, DRAW_LINE X321.844 Y605.592, DRAW_LINE X319.551 Y604.099, DRAW_LINE X316.789 Y602.231, DRAW_LINE X313.617 Y600.030, DRAW_LINE X310.091 Y597.538, DRAW_LINE X306.269 Y594.798, DRAW_LINE X302.206 Y591.852, DRAW_LINE X297.961 Y588.741, DRAW_LINE X293.589 Y585.509, DRAW_LINE X289.149 Y582.197, DRAW_LINE X284.696 Y578.847, DRAW_LINE X280.289 Y575.502, DRAW_LINE X275.983 Y572.203, DRAW_LINE X271.837 Y568.994, DRAW_LINE X267.906 Y565.916, DRAW_LINE X264.248 Y563.011, DRAW_LINE X260.920 Y560.321, DRAW_LINE X257.979 Y557.889, DRAW_LINE X255.482 Y555.757, DRAW_LINE X253.485 Y553.967, DRAW_LINE X252.047 Y552.562, DRAW_LINE X251.222 Y551.582, DRAW_LINE X251.070 Y551.072, DRAW_LINE X251.646 Y551.072, DRAW_LINE X253.008 Y551.625, DRAW_LINE X255.213 Y552.773, DRAW_LINE X258.317 Y554.558, DRAW_LINE X262.377 Y557.023, DRAW_LINE X266.719 Y559.682, DRAW_LINE X270.643 Y562.033, DRAW_LINE X274.167 Y564.091, DRAW_LINE X277.310 Y565.870, DRAW_LINE X280.091 Y567.388, DRAW_LINE X282.530 Y568.658, DRAW_LINE X284.646 Y569.696, DRAW_LINE X286.457 Y570.517, DRAW_LINE X287.983 Y571.137, DRAW_LINE X289.242 Y571.572, DRAW_LINE X290.255 Y571.836, DRAW_LINE X291.039 Y571.944, DRAW_LINE X291.614 Y571.913, DRAW_LINE X291.999 Y571.757, DRAW_LINE X292.213 Y571.491, DRAW_LINE X292.275 Y571.132, DRAW_LINE X292.205 Y570.694, DRAW_LINE X292.020 Y570.193, DRAW_LINE X291.741 Y569.644, DRAW_LINE X291.386 Y569.062, DRAW_LINE X290.974 Y568.463, DRAW_LINE X290.525 Y567.861, DRAW_LINE X290.057 Y567.274, DRAW_LINE X289.590 Y566.714, DRAW_LINE X289.143 Y566.199, DRAW_LINE X288.734 Y565.743, DRAW_LINE X288.382 Y565.362, DRAW_LINE X288.108 Y565.071, DRAW_LINE X287.929 Y564.885, DRAW_LINE X287.865 Y564.819, TRAVEL X149.630 Y602.602, DRAW_LINE X149.650 Y602.578, DRAW_LINE X149.667 Y602.554, DRAW_LINE X149.679 Y602.531, DRAW_LINE X149.687 Y602.509, DRAW_LINE X149.692 Y602.487, DRAW_LINE X149.693 Y602.466, DRAW_LINE X149.691 Y602.445, DRAW_LINE X149.686 Y602.425, DRAW_LINE X149.678 Y602.406, DRAW_LINE X149.668 Y602.387, DRAW_LINE X149.655 Y602.369, DRAW_LINE X149.641 Y602.352, DRAW_LINE X149.624 Y602.336, DRAW_LINE X149.605 Y602.321, DRAW_LINE X149.585 Y602.306, DRAW_LINE X149.563 Y602.293, DRAW_LINE X149.540 Y602.280, DRAW_LINE X149.517 Y602.269, DRAW_LINE X149.492 Y602.259, DRAW_LINE X149.467 Y602.249, DRAW_LINE X149.442 Y602.241, DRAW_LINE X149.416 Y602.234, DRAW_LINE X149.390 Y602.229, DRAW_LINE X149.365 Y602.224, DRAW_LINE X149.340 Y602.221, DRAW_LINE X149.316 Y602.220, DRAW_LINE X149.293 Y602.219, DRAW_LINE X149.271 Y602.220, DRAW_LINE X149.250 Y602.223, DRAW_LINE X149.230 Y602.227, DRAW_LINE X149.181 Y602.242, DRAW_LINE X149.135 Y602.260, DRAW_LINE X149.092 Y602.281, DRAW_LINE X149.051 Y602.305, DRAW_LINE X149.013 Y602.332, DRAW_LINE X148.979 Y602.361, DRAW_LINE X148.946 Y602.393, DRAW_LINE X148.917 Y602.428, DRAW_LINE X148.890 Y602.464, DRAW_LINE X148.866 Y602.503, DRAW_LINE X148.845 Y602.543, DRAW_LINE X148.826 Y602.584, DRAW_LINE X148.809 Y602.627, DRAW_LINE X148.795 Y602.672, DRAW_LINE X148.784 Y602.717, DRAW_LINE X148.775 Y602.763, DRAW_LINE X148.768 Y602.810, DRAW_LINE X148.764 Y602.857, DRAW_LINE X148.762 Y602.905, DRAW_LINE X148.762 Y602.953, DRAW_LINE X148.764 Y603.001, DRAW_LINE X148.769 Y603.048, DRAW_LINE X148.776 Y603.095, DRAW_LINE X148.785 Y603.142, DRAW_LINE X148.796 Y603.188, DRAW_LINE X148.809 Y603.233, DRAW_LINE X148.824 Y603.277, DRAW_LINE X148.841 Y603.320, DRAW_LINE X148.860 Y603.362, DRAW_LINE X148.880 Y603.401, DRAW_LINE X148.921 Y603.469, DRAW_LINE X148.965 Y603.532, DRAW_LINE X149.013 Y603.591, DRAW_LINE X149.064 Y603.646, DRAW_LINE X149.118 Y603.696, DRAW_LINE X149.174 Y603.743, DRAW_LINE X149.233 Y603.785, DRAW_LINE X149.294 Y603.824, DRAW_LINE X149.358 Y603.858, DRAW_LINE X149.423 Y603.889, DRAW_LINE X149.491 Y603.915, DRAW_LINE X149.559 Y603.938, DRAW_LINE X149.630 Y603.957, DRAW_LINE X149.701 Y603.972, DRAW_LINE X149.773 Y603.983, DRAW_LINE X149.846 Y603.991, DRAW_LINE X149.919 Y603.995, DRAW_LINE X149.993 Y603.995, DRAW_LINE X150.067 Y603.992, DRAW_LINE X150.141 Y603.985, DRAW_LINE X150.214 Y603.974, DRAW_LINE X150.287 Y603.960, DRAW_LINE X150.359 Y603.943, DRAW_LINE X150.431 Y603.922, DRAW_LINE X150.501 Y603.897, DRAW_LINE X150.570 Y603.870, DRAW_LINE X150.638 Y603.839, DRAW_LINE X150.704 Y603.804, DRAW_LINE X150.768 Y603.767, DRAW_LINE X150.829 Y603.726, DRAW_LINE X150.916 Y603.662, DRAW_LINE X150.996 Y603.593, DRAW_LINE X151.072 Y603.521, DRAW_LINE X151.141 Y603.445, DRAW_LINE X151.205 Y603.366, DRAW_LINE X151.264 Y603.283, DRAW_LINE X151.317 Y603.197, DRAW_LINE X151.365 Y603.109, DRAW_LINE X151.407 Y603.019, DRAW_LINE X151.444 Y602.926, DRAW_LINE X151.476 Y602.831, DRAW_LINE X151.503 Y602.735, DRAW_LINE X151.524 Y602.637, DRAW_LINE X151.541 Y602.538, DRAW_LINE X151.552 Y602.438, DRAW_LINE X151.558 Y602.338, DRAW_LINE X151.559 Y602.237, DRAW_LINE X151.555 Y602.136, DRAW_LINE X151.546 Y602.035, DRAW_LINE X151.532 Y601.934, DRAW_LINE X151.513 Y601.834, DRAW_LINE X151.489 Y601.735, DRAW_LINE X151.461 Y601.637, DRAW_LINE X151.427 Y601.540, DRAW_LINE X151.389 Y601.445, DRAW_LINE X151.347 Y601.352, DRAW_LINE X151.299 Y601.261, DRAW_LINE X151.247 Y601.172, DRAW_LINE X151.191 Y601.086, DRAW_LINE X151.129 Y601.002, DRAW_LINE X151.042 Y600.897, DRAW_LINE X150.950 Y600.798, DRAW_LINE X150.853 Y600.707, DRAW_LINE X150.753 Y600.622, DRAW_LINE X150.648 Y600.544, DRAW_LINE X150.539 Y600.474, DRAW_LINE X150.427 Y600.410, DRAW_LINE X150.312 Y600.352, DRAW_LINE X150.195 Y600.302, DRAW_LINE X150.074 Y600.258, DRAW_LINE X149.952 Y600.221, DRAW_LINE X149.828 Y600.190, DRAW_LINE X149.702 Y600.166, DRAW_LINE X149.575 Y600.149, DRAW_LINE X149.448 Y600.138, DRAW_LINE X149.319 Y600.133, DRAW_LINE X149.191 Y600.135, DRAW_LINE X149.062 Y600.144, DRAW_LINE X148.934 Y600.158, DRAW_LINE X148.806 Y600.179, DRAW_LINE X148.679 Y600.206, DRAW_LINE X148.554 Y600.240, DRAW_LINE X148.430 Y600.280, DRAW_LINE X148.308 Y600.326, DRAW_LINE X148.188 Y600.377, DRAW_LINE X148.070 Y600.435, DRAW_LINE X147.955 Y600.500, DRAW_LINE X147.844 Y600.570, DRAW_LINE X147.736 Y600.646, DRAW_LINE X147.631 Y600.728, DRAW_LINE X147.506 Y600.837, DRAW_LINE X147.390 Y600.953, DRAW_LINE X147.281 Y601.073, DRAW_LINE X147.182 Y601.199, DRAW_LINE X147.090 Y601.329, DRAW_LINE X147.007 Y601.464, DRAW_LINE X146.932 Y601.602, DRAW_LINE X146.865 Y601.744, DRAW_LINE X146.806 Y601.889, DRAW_LINE X146.756 Y602.036, DRAW_LINE X146.713 Y602.186, DRAW_LINE X146.679 Y602.338, DRAW_LINE X146.652 Y602.492, DRAW_LINE X146.633 Y602.646, DRAW_LINE X146.623 Y602.802, DRAW_LINE X146.620 Y602.959, DRAW_LINE X146.625 Y603.115, DRAW_LINE X146.637 Y603.271, DRAW_LINE X146.658 Y603.427, DRAW_LINE X146.686 Y603.582, DRAW_LINE X146.722 Y603.736, DRAW_LINE X146.765 Y603.888, DRAW_LINE X146.816 Y604.038, DRAW_LINE X146.874 Y604.185, DRAW_LINE X146.940 Y604.330, DRAW_LINE X147.014 Y604.472, DRAW_LINE X147.095 Y604.610, DRAW_LINE X147.183 Y604.745, DRAW_LINE X147.278 Y604.875, DRAW_LINE X147.381 Y605.001, DRAW_LINE X147.513 Y605.145, DRAW_LINE X147.652 Y605.280, DRAW_LINE X147.797 Y605.404, DRAW_LINE X147.947 Y605.519, DRAW_LINE X148.102 Y605.625, DRAW_LINE X148.263 Y605.720, DRAW_LINE X148.427 Y605.806, DRAW_LINE X148.596 Y605.883, DRAW_LINE X148.768 Y605.950, DRAW_LINE X148.943 Y606.007, DRAW_LINE X149.120 Y606.055, DRAW_LINE X149.300 Y606.094, DRAW_LINE X149.482 Y606.123, DRAW_LINE X149.665 Y606.142, DRAW_LINE X149.848 Y606.153, DRAW_LINE X150.033 Y606.154, DRAW_LINE X150.217 Y606.146, DRAW_LINE X150.401 Y606.129, DRAW_LINE X150.585 Y606.103, DRAW_LINE X150.767 Y606.068, DRAW_LINE X150.947 Y606.024, DRAW_LINE X151.126 Y605.970, DRAW_LINE X151.302 Y605.908, DRAW_LINE X151.475 Y605.837, DRAW_LINE X151.645 Y605.757, DRAW_LINE X151.811 Y605.668, DRAW_LINE X151.972 Y605.571, DRAW_LINE X152.130 Y605.464, DRAW_LINE X152.282 Y605.349, DRAW_LINE X152.429 Y605.225, DRAW_LINE X152.593 Y605.071, DRAW_LINE X152.745 Y604.909, DRAW_LINE X152.887 Y604.740, DRAW_LINE X153.017 Y604.565, DRAW_LINE X153.136 Y604.385, DRAW_LINE X153.244 Y604.199, DRAW_LINE X153.341 Y604.008, DRAW_LINE X153.428 Y603.813, DRAW_LINE X153.503 Y603.613, DRAW_LINE X153.567 Y603.411, DRAW_LINE X153.620 Y603.206, DRAW_LINE X153.663 Y602.998, DRAW_LINE X153.694 Y602.788, DRAW_LINE X153.715 Y602.577, DRAW_LINE X153.726 Y602.365, DRAW_LINE X153.726 Y602.153, DRAW_LINE X153.715 Y601.941, DRAW_LINE X153.693 Y601.729, DRAW_LINE X153.661 Y601.518, DRAW_LINE X153.619 Y601.308, DRAW_LINE X153.566 Y601.101, DRAW_LINE X153.503 Y600.896, DRAW_LINE X153.429 Y600.694, DRAW_LINE X153.345 Y600.495, DRAW_LINE X153.251 Y600.301, DRAW_LINE X153.147 Y600.111, DRAW_LINE X153.032 Y599.925, DRAW_LINE X152.908 Y599.745, DRAW_LINE X152.773 Y599.571, DRAW_LINE X152.629 Y599.403, DRAW_LINE X152.452 Y599.220, DRAW_LINE X152.267 Y599.049, DRAW_LINE X152.074 Y598.891, DRAW_LINE X151.874 Y598.745, DRAW_LINE X151.669 Y598.612, DRAW_LINE X151.457 Y598.491, DRAW_LINE X151.240 Y598.383, DRAW_LINE X151.018 Y598.288, DRAW_LINE X150.791 Y598.204, DRAW_LINE X150.562 Y598.133, DRAW_LINE X150.329 Y598.074, DRAW_LINE X150.093 Y598.028, DRAW_LINE X149.855 Y597.994, DRAW_LINE X149.616 Y597.971, DRAW_LINE X149.376 Y597.961, DRAW_LINE X149.135 Y597.963, DRAW_LINE X148.895 Y597.977, DRAW_LINE X148.655 Y598.003, DRAW_LINE X148.417 Y598.041, DRAW_LINE X148.180 Y598.090, DRAW_LINE X147.946 Y598.152, DRAW_LINE X147.714 Y598.225, DRAW_LINE X147.486 Y598.310, DRAW_LINE X147.262 Y598.406, DRAW_LINE X147.043 Y598.514, DRAW_LINE X146.828 Y598.634, DRAW_LINE X146.619 Y598.766, DRAW_LINE X146.417 Y598.908, DRAW_LINE X146.221 Y599.063, DRAW_LINE X146.032 Y599.228, DRAW_LINE X145.829 Y599.428, DRAW_LINE X145.640 Y599.636, DRAW_LINE X145.465 Y599.852, DRAW_LINE X145.304 Y600.076, DRAW_LINE X145.157 Y600.307, DRAW_LINE X145.024 Y600.545, DRAW_LINE X144.904 Y600.789, DRAW_LINE X144.799 Y601.037, DRAW_LINE X144.708 Y601.291, DRAW_LINE X144.630 Y601.548, DRAW_LINE X144.566 Y601.809, DRAW_LINE X144.515 Y602.072, DRAW_LINE X144.478 Y602.338, DRAW_LINE X144.455 Y602.605, DRAW_LINE X144.445 Y602.873, DRAW_LINE X144.448 Y603.142, DRAW_LINE X144.465 Y603.410, DRAW_LINE X144.495 Y603.678, DRAW_LINE X144.539 Y603.944, DRAW_LINE X144.596 Y604.208, DRAW_LINE X144.666 Y604.469, DRAW_LINE X144.749 Y604.727, DRAW_LINE X144.845 Y604.981, DRAW_LINE X144.954 Y605.231, DRAW_LINE X145.077 Y605.475, DRAW_LINE X145.212 Y605.714, DRAW_LINE X145.360 Y605.947, DRAW_LINE X145.521 Y606.172, DRAW_LINE X145.695 Y606.390, DRAW_LINE X145.882 Y606.600, DRAW_LINE X146.103 Y606.823, DRAW_LINE X146.335 Y607.030, DRAW_LINE X146.575 Y607.221, DRAW_LINE X146.824 Y607.398, DRAW_LINE X147.080 Y607.559, DRAW_LINE X147.344 Y607.704, DRAW_LINE X147.613 Y607.834, DRAW_LINE X147.889 Y607.949, DRAW_LINE X148.169 Y608.049, DRAW_LINE X148.454 Y608.134, DRAW_LINE X148.742 Y608.204, DRAW_LINE X149.034 Y608.258, DRAW_LINE X149.328 Y608.298, DRAW_LINE X149.623 Y608.322, DRAW_LINE X149.919 Y608.332, DRAW_LINE X150.216 Y608.327, DRAW_LINE X150.512 Y608.307, DRAW_LINE X150.808 Y608.272, DRAW_LINE X151.101 Y608.223, DRAW_LINE X151.393 Y608.159, DRAW_LINE X151.681 Y608.080, DRAW_LINE X151.966 Y607.987, DRAW_LINE X152.246 Y607.880, DRAW_LINE X152.521 Y607.758, DRAW_LINE X152.790 Y607.621, DRAW_LINE X153.053 Y607.470, DRAW_LINE X153.309 Y607.305, DRAW_LINE X153.557 Y607.126, DRAW_LINE X153.797 Y606.932, DRAW_LINE X154.028 Y606.725, DRAW_LINE X154.270 Y606.481, DRAW_LINE X154.496 Y606.226, DRAW_LINE X154.704 Y605.962, DRAW_LINE X154.896 Y605.689, DRAW_LINE X155.071 Y605.407, DRAW_LINE X155.229 Y605.118, DRAW_LINE X155.370 Y604.822, DRAW_LINE X155.495 Y604.520, DRAW_LINE X155.603 Y604.212, DRAW_LINE X155.694 Y603.900, DRAW_LINE X155.769 Y603.584, DRAW_LINE X155.828 Y603.265, DRAW_LINE X155.870 Y602.943, DRAW_LINE X155.896 Y602.619, DRAW_LINE X155.905 Y602.295, DRAW_LINE X155.899 Y601.970, DRAW_LINE X155.876 Y601.645, DRAW_LINE X155.837 Y601.322, DRAW_LINE X155.782 Y601.001, DRAW_LINE X155.710 Y600.682, DRAW_LINE X155.623 Y600.367, DRAW_LINE X155.520 Y600.056, DRAW_LINE X155.401 Y599.750, DRAW_LINE X155.266 Y599.449, DRAW_LINE X155.116 Y599.155, DRAW_LINE X154.949 Y598.868, DRAW_LINE X154.767 Y598.588, DRAW_LINE X154.570 Y598.317, DRAW_LINE X154.357 Y598.056, DRAW_LINE X154.128 Y597.804, TRAVEL X191.311 Y611.298, DRAW_LINE X191.352 Y611.173, DRAW_LINE X191.378 Y611.056, DRAW_LINE X191.388 Y610.947, DRAW_LINE X191.385 Y610.847, DRAW_LINE X191.369 Y610.754, DRAW_LINE X191.340 Y610.669, DRAW_LINE X191.300 Y610.592, DRAW_LINE X191.249 Y610.521, DRAW_LINE X191.188 Y610.458, DRAW_LINE X191.119 Y610.402, DRAW_LINE X191.041 Y610.353, DRAW_LINE X190.956 Y610.310, DRAW_LINE X190.865 Y610.274, DRAW_LINE X190.768 Y610.244, DRAW_LINE X190.666 Y610.220, DRAW_LINE X190.561 Y610.202, DRAW_LINE X190.452 Y610.189, DRAW_LINE X190.342 Y610.183, DRAW_LINE X190.230 Y610.181, DRAW_LINE X190.118 Y610.185, DRAW_LINE X190.007 Y610.194, DRAW_LINE X189.896 Y610.208, DRAW_LINE X189.788 Y610.226, DRAW_LINE X189.683 Y610.250, DRAW_LINE X189.581 Y610.277, DRAW_LINE X189.484 Y610.308, DRAW_LINE X189.393 Y610.344, DRAW_LINE X189.308 Y610.383, DRAW_LINE X189.231 Y610.426, DRAW_LINE X189.162 Y610.473, DRAW_LINE X188.994 Y610.608, DRAW_LINE X188.842 Y610.751, DRAW_LINE X188.707 Y610.902, DRAW_LINE X188.588 Y611.060, DRAW_LINE X188.485 Y611.225, DRAW_LINE X188.396 Y611.395, DRAW_LINE X188.322 Y611.571, DRAW_LINE X188.262 Y611.751, DRAW_LINE X188.215 Y611.935, DRAW_LINE X188.182 Y612.122, DRAW_LINE X188.162 Y612.312, DRAW_LINE X188.155 Y612.504, DRAW_LINE X188.159 Y612.697, DRAW_LINE X188.175 Y612.891, DRAW_LINE X188.202 Y613.086, DRAW_LINE X188.240 Y613.280, DRAW_LINE X188.288 Y613.473, DRAW_LINE X188.346 Y613.664, DRAW_LINE X188.414 Y613.853, DRAW_LINE X188.490 Y614.038, DRAW_LINE X188.575 Y614.221, DRAW_LINE X188.669 Y614.399, DRAW_LINE X188.770 Y614.572, DRAW_LINE X188.879 Y614.739, DRAW_LINE X188.994 Y614.901, DRAW_LINE X189.116 Y615.056, DRAW_LINE X189.245 Y615.203, DRAW_LINE X189.378 Y615.343, DRAW_LINE X189.517 Y615.474, DRAW_LINE X189.661 Y615.596, DRAW_LINE X189.927 Y615.793, DRAW_LINE X190.199 Y615.969, DRAW_LINE X190.478 Y616.123, DRAW_LINE X190.762 Y616.256, DRAW_LINE X191.051 Y616.368, DRAW_LINE X191.345 Y616.459, DRAW_LINE X191.642 Y616.531, DRAW_LINE X191.941 Y616.583, DRAW_LINE X192.243 Y616.617, DRAW_LINE X192.546 Y616.632, DRAW_LINE X192.850 Y616.629, DRAW_LINE X193.153 Y616.608, DRAW_LINE X193.456 Y616.570, DRAW_LINE X193.757 Y616.516, DRAW_LINE X194.055 Y616.446, DRAW_LINE X194.351 Y616.360, DRAW_LINE X194.642 Y616.259, DRAW_LINE X194.930 Y616.143, DRAW_LINE X195.211 Y616.012, DRAW_LINE X195.487 Y615.868, DRAW_LINE X195.757 Y615.711, DRAW_LINE X196.018 Y615.541, DRAW_LINE X196.272 Y615.358, DRAW_LINE X196.517 Y615.164, DRAW_LINE X196.752 Y614.958, DRAW_LINE X196.976 Y614.741, DRAW_LINE X197.190 Y614.513, DRAW_LINE X197.392 Y614.275, DRAW_LINE X197.581 Y614.028, DRAW_LINE X197.758 Y613.771, DRAW_LINE X197.991 Y613.385, DRAW_LINE X198.197 Y612.991, DRAW_LINE X198.375 Y612.590, DRAW_LINE X198.525 Y612.184, DRAW_LINE X198.648 Y611.773, DRAW_LINE X198.745 Y611.359, DRAW_LINE X198.817 Y610.942, DRAW_LINE X198.863 Y610.523, DRAW_LINE X198.884 Y610.104, DRAW_LINE X198.882 Y609.684, DRAW_LINE X198.856 Y609.265, DRAW_LINE X198.807 Y608.848, DRAW_LINE X198.735 Y608.434, DRAW_LINE X198.642 Y608.023, DRAW_LINE X198.527 Y607.617, DRAW_LINE X198.391 Y607.217, DRAW_LINE X198.235 Y606.823, DRAW_LINE X198.059 Y606.436, DRAW_LINE X197.864 Y606.058, DRAW_LINE X197.651 Y605.688, DRAW_LINE X197.419 Y605.329, DRAW_LINE X197.170 Y604.981, DRAW_LINE X196.904 Y604.645, DRAW_LINE X196.621 Y604.321, DRAW_LINE X196.322 Y604.012, DRAW_LINE X196.008 Y603.717, DRAW_LINE X195.679 Y603.437, DRAW_LINE X195.336 Y603.174, DRAW_LINE X194.979 Y602.929, DRAW_LINE X194.609 Y602.702, DRAW_LINE X194.103 Y602.429, DRAW_LINE X193.589 Y602.192, DRAW_LINE X193.068 Y601.989, DRAW_LINE X192.541 Y601.819, DRAW_LINE X192.010 Y601.683, DRAW_LINE X191.475 Y601.579, DRAW_LINE X190.939 Y601.508, DRAW_LINE X190.401 Y601.467, DRAW_LINE X189.863 Y601.457, DRAW_LINE X189.326 Y601.477, DRAW_LINE X188.791 Y601.526, DRAW_LINE X188.260 Y601.603, DRAW_LINE X187.733 Y601.709, DRAW_LINE X187.212 Y601.842, DRAW_LINE X186.698 Y602.002, DRAW_LINE X186.192 Y602.188, DRAW_LINE X185.694 Y602.399, DRAW_LINE X185.207 Y602.636, DRAW_LINE X184.731 Y602.896, DRAW_LINE X184.268 Y603.180, DRAW_LINE X183.818 Y603.487, DRAW_LINE X183.383 Y603.816, DRAW_LINE X182.963 Y604.167, DRAW_LINE X182.561 Y604.539, DRAW_LINE X182.177 Y604.931, DRAW_LINE X181.811 Y605.343, DRAW_LINE X181.467 Y605.774, DRAW_LINE X181.143 Y606.223, DRAW_LINE X180.843 Y606.690, DRAW_LINE X180.566 Y607.175, DRAW_LINE X180.254 Y607.799, DRAW_LINE X179.983 Y608.433, DRAW_LINE X179.754 Y609.074, DRAW_LINE X179.565 Y609.721, DRAW_LINE X179.415 Y610.372, DRAW_LINE X179.304 Y611.027, DRAW_LINE X179.231 Y611.683, DRAW_LINE X179.196 Y612.340, DRAW_LINE X179.197 Y612.997, DRAW_LINE X179.234 Y613.651, DRAW_LINE X179.306 Y614.302, DRAW_LINE X179.412 Y614.947, DRAW_LINE X179.552 Y615.587, DRAW_LINE X179.725 Y616.219, DRAW_LINE X179.930 Y616.842, DRAW_LINE X180.167 Y617.454, DRAW_LINE X180.434 Y618.056, DRAW_LINE X180.731 Y618.644, DRAW_LINE X181.057 Y619.217, DRAW_LINE X181.412 Y619.775, DRAW_LINE X181.794 Y620.316, DRAW_LINE X182.204 Y620.838, DRAW_LINE X182.639 Y621.341, DRAW_LINE X183.101 Y621.823, DRAW_LINE X183.587 Y622.282, DRAW_LINE X184.097 Y622.717, DRAW_LINE X184.630 Y623.127, DRAW_LINE X185.186 Y623.510, DRAW_LINE X185.764 Y623.865, DRAW_LINE X186.363 Y624.192, DRAW_LINE X187.106 Y624.544, DRAW_LINE X187.859 Y624.848, DRAW_LINE X188.619 Y625.104, DRAW_LINE X189.386 Y625.313, DRAW_LINE X190.158 Y625.476, DRAW_LINE X190.933 Y625.595, DRAW_LINE X191.709 Y625.668, DRAW_LINE X192.485 Y625.699, DRAW_LINE X193.260 Y625.687, DRAW_LINE X194.032 Y625.633, DRAW_LINE X194.798 Y625.538, DRAW_LINE X195.559 Y625.403, DRAW_LINE X196.311 Y625.229, DRAW_LINE X197.054 Y625.016, DRAW_LINE X197.786 Y624.766, DRAW_LINE X198.506 Y624.479, DRAW_LINE X199.210 Y624.156, DRAW_LINE X199.900 Y623.798, DRAW_LINE X200.571 Y623.405, DRAW_LINE X201.224 Y622.980, DRAW_LINE X201.856 Y622.521, DRAW_LINE X202.465 Y622.031, DRAW_LINE X203.051 Y621.511, DRAW_LINE X203.612 Y620.960, DRAW_LINE X204.145 Y620.380, DRAW_LINE X204.651 Y619.771, DRAW_LINE X205.125 Y619.135, DRAW_LINE X205.569 Y618.472, DRAW_LINE X205.979 Y617.784, DRAW_LINE X206.353 Y617.070, DRAW_LINE X206.746 Y616.209, DRAW_LINE X207.084 Y615.337, DRAW_LINE X207.367 Y614.457, DRAW_LINE X207.597 Y613.570, DRAW_LINE X207.774 Y612.678, DRAW_LINE X207.900 Y611.783, DRAW_LINE X207.975 Y610.887, DRAW_LINE X208.000 Y609.992, DRAW_LINE X207.977 Y609.098, DRAW_LINE X207.906 Y608.209, DRAW_LINE X207.788 Y607.326, DRAW_LINE X207.625 Y606.451, DRAW_LINE X207.416 Y605.585, DRAW_LINE X207.164 Y604.731, DRAW_LINE X206.868 Y603.890, DRAW_LINE X206.530 Y603.064, DRAW_LINE X206.152 Y602.255, DRAW_LINE X205.732 Y601.465, DRAW_LINE X205.274 Y600.695, DRAW_LINE X204.777 Y599.948, DRAW_LINE X204.243 Y599.225, DRAW_LINE X203.672 Y598.528, DRAW_LINE X203.066 Y597.859, DRAW_LINE X202.426 Y597.219, DRAW_LINE X201.751 Y596.611, DRAW_LINE X201.044 Y596.036, DRAW_LINE X200.305 Y595.496, DRAW_LINE X199.536 Y594.993, DRAW_LINE X198.736 Y594.529, DRAW_LINE X197.907 Y594.106, DRAW_LINE X196.928 Y593.672, DRAW_LINE X195.938 Y593.301, DRAW_LINE X194.938 Y592.990, DRAW_LINE X193.931 Y592.740, DRAW_LINE X192.919 Y592.549, DRAW_LINE X191.904 Y592.415, DRAW_LINE X190.888 Y592.339, DRAW_LINE X189.873 Y592.318, DRAW_LINE X188.862 Y592.352, DRAW_LINE X187.855 Y592.440, DRAW_LINE X186.856 Y592.581, DRAW_LINE X185.865 Y592.773, DRAW_LINE X184.887 Y593.016, DRAW_LINE X183.921 Y593.308, DRAW_LINE X182.971 Y593.649, DRAW_LINE X182.039 Y594.038, DRAW_LINE X181.126 Y594.473, DRAW_LINE X180.234 Y594.953, DRAW_LINE X179.366 Y595.478, DRAW_LINE X178.524 Y596.046, DRAW_LINE X177.710 Y596.656, DRAW_LINE X176.926 Y597.307, DRAW_LINE X176.173 Y597.999, DRAW_LINE X175.454 Y598.729, DRAW_LINE X174.772 Y599.498, DRAW_LINE X174.127 Y600.304, DRAW_LINE X173.522 Y601.145, DRAW_LINE X172.960 Y602.022, DRAW_LINE X172.442 Y602.933, DRAW_LINE X171.970 Y603.876, DRAW_LINE X171.495 Y604.973, DRAW_LINE X171.090 Y606.082, DRAW_LINE X170.752 Y607.202, DRAW_LINE X170.481 Y608.328, DRAW_LINE X170.276 Y609.460, DRAW_LINE X170.135 Y610.595, DRAW_LINE X170.057 Y611.731, DRAW_LINE X170.041 Y612.865, DRAW_LINE X170.086 Y613.996, DRAW_LINE X170.191 Y615.120, DRAW_LINE X170.354 Y616.236, DRAW_LINE X170.575 Y617.341, DRAW_LINE X170.852 Y618.433, DRAW_LINE X171.185 Y619.510, DRAW_LINE X171.571 Y620.569, DRAW_LINE X172.010 Y621.608, DRAW_LINE X172.501 Y622.626, DRAW_LINE X173.043 Y623.618, DRAW_LINE X173.633 Y624.584, DRAW_LINE X174.273 Y625.521, DRAW_LINE X174.959 Y626.426, DRAW_LINE X175.691 Y627.298, DRAW_LINE X176.468 Y628.134, DRAW_LINE X177.288 Y628.932, DRAW_LINE X178.152 Y629.689, DRAW_LINE X179.056 Y630.404, DRAW_LINE X180.001 Y631.073, DRAW_LINE X180.984 Y631.695, DRAW_LINE X182.006 Y632.267, DRAW_LINE X183.064 Y632.788, DRAW_LINE X184.279 Y633.303, DRAW_LINE X185.507 Y633.743, DRAW_LINE X186.746 Y634.108, DRAW_LINE X187.992 Y634.399, DRAW_LINE X189.245 Y634.619, DRAW_LINE X190.500 Y634.768, DRAW_LINE X191.755 Y634.847, DRAW_LINE X193.009 Y634.858, DRAW_LINE X194.258 Y634.802, DRAW_LINE X195.500 Y634.680, DRAW_LINE X196.732 Y634.494, DRAW_LINE X197.952 Y634.245, DRAW_LINE X199.158 Y633.933, DRAW_LINE X200.346 Y633.561, DRAW_LINE X201.514 Y633.129, DRAW_LINE X202.660 Y632.639, DRAW_LINE X203.781 Y632.092, DRAW_LINE X204.875 Y631.490, DRAW_LINE X205.939 Y630.832, DRAW_LINE X206.971 Y630.122, DRAW_LINE X207.968 Y629.360, DRAW_LINE X208.927 Y628.547, DRAW_LINE X209.846 Y627.684, DRAW_LINE X210.723 Y626.774, DRAW_LINE X211.555 Y625.816, DRAW_LINE X212.339 Y624.813, DRAW_LINE X213.073 Y623.765, DRAW_LINE X213.755 Y622.674, DRAW_LINE X214.381 Y621.542, DRAW_LINE X214.949 Y620.368, DRAW_LINE X215.506 Y619.036, DRAW_LINE X215.980 Y617.689, DRAW_LINE X216.372 Y616.331, DRAW_LINE X216.685 Y614.964, DRAW_LINE X216.919 Y613.592, DRAW_LINE X217.075 Y612.217, DRAW_LINE X217.156 Y610.841, DRAW_LINE X217.162 Y609.469, DRAW_LINE X217.096 Y608.101, DRAW_LINE X216.957 Y606.741, DRAW_LINE X216.748 Y605.393, DRAW_LINE X216.470 Y604.058, DRAW_LINE X216.124 Y602.739, DRAW_LINE X215.712 Y601.439, DRAW_LINE X215.234 Y600.162, DRAW_LINE X214.694 Y598.909, DRAW_LINE X214.091 Y597.683, DRAW_LINE X213.427 Y596.488, DRAW_LINE X212.703 Y595.326, DRAW_LINE X211.922 Y594.199, DRAW_LINE X211.083 Y593.112, DRAW_LINE X210.189 Y592.065, DRAW_LINE X209.241 Y591.062, DRAW_LINE X208.241 Y590.106, DRAW_LINE X207.189 Y589.200, DRAW_LINE X206.087 Y588.346, DRAW_LINE X204.936 Y587.548, DRAW_LINE X203.738 Y586.807, DRAW_LINE X202.494 Y586.126, DRAW_LINE X201.206 Y585.510]