[TOOL R0 G0 B0 A255 D1.000, TRAVEL X222.750 Y438.750, DRAW_LINE X222.750 Y438.750, TRAVEL X313.500 Y540.000, DRAW_LINE X191.250 Y505.350, DRAW_LINE X313.500 Y540.000, TRAVEL X69.750 Y178.500, DRAW_LINE X168.000 Y178.500, DRAW_LINE X168.000 Y80.250, DRAW_LINE X69.750 Y80.250, DRAW_LINE X69.750 Y178.500, TRAVEL X102.825 Y556.875, DRAW_LINE X99.685 Y554.565, DRAW_LINE X96.627 Y552.151, DRAW_LINE X93.653 Y549.637, DRAW_LINE X90.764 Y547.026, DRAW_LINE X87.962 Y544.323, DRAW_LINE X85.249 Y541.529, DRAW_LINE X82.627 Y538.650, DRAW_LINE X80.097 Y535.688, DRAW_LINE X77.662 Y532.647, DRAW_LINE X75.322 Y529.531, DRAW_LINE X73.081 Y526.342, DRAW_LINE X70.939 Y523.084, DRAW_LINE X68.898 Y519.761, DRAW_LINE X66.961 Y516.377, DRAW_LINE X65.128 Y512.934, DRAW_LINE X63.402 Y509.437, DRAW_LINE X61.785 Y505.888, DRAW_LINE X60.278 Y502.292, DRAW_LINE X58.884 Y498.651, DRAW_LINE X57.603 Y494.969, DRAW_LINE X56.438 Y491.251, DRAW_LINE X55.390 Y487.498, DRAW_LINE X54.461 Y483.715, DRAW_LINE X53.654 Y479.905, DRAW_LINE X52.969 Y476.071, DRAW_LINE X52.409 Y472.218, DRAW_LINE X51.975 Y468.348, DRAW_LINE X51.670 Y464.465, DRAW_LINE X51.494 Y460.573, DRAW_LINE X51.450 Y456.675, TRAVEL X128.475 Y567.225, DRAW_LINE X127.540 Y567.181, DRAW_LINE X126.609 Y567.108, DRAW_LINE X125.683 Y567.008, DRAW_LINE X124.762 Y566.882, DRAW_LINE X123.846 Y566.729, DRAW_LINE X122.935 Y566.552, DRAW_LINE X122.028 Y566.350, DRAW_LINE X121.128 Y566.125, DRAW_LINE X120.232 Y565.878, DRAW_LINE X119.342 Y565.608, DRAW_LINE X118.457 Y565.318, DRAW_LINE X117.578 Y565.007, DRAW_LINE X116.704 Y564.677, DRAW_LINE X115.837 Y564.329, DRAW_LINE X114.975 Y563.963, DRAW_LINE X114.119 Y563.579, DRAW_LINE X113.270 Y563.180, DRAW_LINE X112.426 Y562.765, DRAW_LINE X111.589 Y562.335, DRAW_LINE X110.758 Y561.892, DRAW_LINE X109.934 Y561.435, DRAW_LINE X109.116 Y560.967, DRAW_LINE X108.306 Y560.487, DRAW_LINE X107.501 Y559.996, DRAW_LINE X106.704 Y559.496, DRAW_LINE X105.914 Y558.986, DRAW_LINE X105.131 Y558.469, DRAW_LINE X104.355 Y557.944, DRAW_LINE X103.586 Y557.412, DRAW_LINE X102.825 Y556.875, TRAVEL X381.450 Y271.200, DRAW_LINE X380.932 Y269.343, DRAW_LINE X380.383 Y267.492, DRAW_LINE X379.802 Y265.650, DRAW_LINE X379.190 Y263.816, DRAW_LINE X378.547 Y261.992, DRAW_LINE X377.872 Y260.179, DRAW_LINE X377.164 Y258.378, DRAW_LINE X376.425 Y256.590, DRAW_LINE X375.654 Y254.816, DRAW_LINE X374.850 Y253.058, DRAW_LINE X374.014 Y251.317, DRAW_LINE X373.145 Y249.593, DRAW_LINE X372.243 Y247.888, DRAW_LINE X371.308 Y246.202, DRAW_LINE X370.341 Y244.537, DRAW_LINE X369.340 Y242.895, DRAW_LINE X368.305 Y241.275, DRAW_LINE X367.237 Y239.680, DRAW_LINE X366.136 Y238.110, DRAW_LINE X365.000 Y236.567, DRAW_LINE X363.830 Y235.051, DRAW_LINE X362.627 Y233.563, DRAW_LINE X361.389 Y232.105, DRAW_LINE X360.116 Y230.678, DRAW_LINE X358.809 Y229.283, DRAW_LINE X357.468 Y227.921, DRAW_LINE X356.091 Y226.593, DRAW_LINE X354.679 Y225.301, DRAW_LINE X353.232 Y224.044, DRAW_LINE X351.750 Y222.825, TRAVEL X386.700 Y328.500, DRAW_LINE X386.741 Y326.572, DRAW_LINE X386.774 Y324.643, DRAW_LINE X386.798 Y322.714, DRAW_LINE X386.812 Y320.784, DRAW_LINE X386.816 Y318.855, DRAW_LINE X386.809 Y316.925, DRAW_LINE X386.790 Y314.995, DRAW_LINE X386.759 Y313.066, DRAW_LINE X386.714 Y311.138, DRAW_LINE X386.656 Y309.211, DRAW_LINE X386.582 Y307.285, DRAW_LINE X386.494 Y305.360, DRAW_LINE X386.389 Y303.437, DRAW_LINE X386.267 Y301.516, DRAW_LINE X386.128 Y299.597, DRAW_LINE X385.971 Y297.680, DRAW_LINE X385.794 Y295.765, DRAW_LINE X385.598 Y293.854, DRAW_LINE X385.382 Y291.945, DRAW_LINE X385.144 Y290.039, DRAW_LINE X384.885 Y288.136, DRAW_LINE X384.603 Y286.238, DRAW_LINE X384.298 Y284.342, DRAW_LINE X383.969 Y282.451, DRAW_LINE X383.615 Y280.564, DRAW_LINE X383.236 Y278.682, DRAW_LINE X382.830 Y276.804, DRAW_LINE X382.398 Y274.931, DRAW_LINE X381.938 Y273.063, DRAW_LINE X381.450 Y271.200, TRAVEL X381.600 Y390.300, DRAW_LINE X381.896 Y388.252, DRAW_LINE X382.182 Y386.203, DRAW_LINE X382.460 Y384.153, DRAW_LINE X382.729 Y382.102, DRAW_LINE X382.989 Y380.051, DRAW_LINE X383.240 Y377.998, DRAW_LINE X383.482 Y375.945, DRAW_LINE X383.716 Y373.891, DRAW_LINE X383.942 Y371.836, DRAW_LINE X384.158 Y369.781, DRAW_LINE X384.367 Y367.724, DRAW_LINE X384.566 Y365.668, DRAW_LINE X384.758 Y363.610, DRAW_LINE X384.941 Y361.552, DRAW_LINE X385.116 Y359.494, DRAW_LINE X385.282 Y357.435, DRAW_LINE X385.440 Y355.375, DRAW_LINE X385.591 Y353.315, DRAW_LINE X385.733 Y351.255, DRAW_LINE X385.867 Y349.194, DRAW_LINE X385.993 Y347.133, DRAW_LINE X386.111 Y345.072, DRAW_LINE X386.221 Y343.011, DRAW_LINE X386.323 Y340.949, DRAW_LINE X386.418 Y338.887, DRAW_LINE X386.504 Y336.825, DRAW_LINE X386.584 Y334.762, DRAW_LINE X386.655 Y332.700, DRAW_LINE X386.719 Y330.637, DRAW_LINE X386.775 Y328.575, TRAVEL X357.675 Y438.600, DRAW_LINE X359.244 Y437.626, DRAW_LINE X360.742 Y436.580, DRAW_LINE X362.172 Y435.466, DRAW_LINE X363.535 Y434.286, DRAW_LINE X364.833 Y433.043, DRAW_LINE X366.067 Y431.741, DRAW_LINE X367.240 Y430.382, DRAW_LINE X368.354 Y428.969, DRAW_LINE X369.411 Y427.506, DRAW_LINE X370.411 Y425.994, DRAW_LINE X371.358 Y424.438, DRAW_LINE X372.253 Y422.840, DRAW_LINE X373.097 Y421.204, DRAW_LINE X373.894 Y419.531, DRAW_LINE X374.644 Y417.825, DRAW_LINE X375.349 Y416.089, DRAW_LINE X376.012 Y414.326, DRAW_LINE X376.634 Y412.540, DRAW_LINE X377.218 Y410.732, DRAW_LINE X377.764 Y408.906, DRAW_LINE X378.275 Y407.064, DRAW_LINE X378.753 Y405.211, DRAW_LINE X379.199 Y403.348, DRAW_LINE X379.616 Y401.479, DRAW_LINE X380.005 Y399.607, DRAW_LINE X380.368 Y397.734, DRAW_LINE X380.707 Y395.864, DRAW_LINE X381.025 Y394.000, DRAW_LINE X381.321 Y392.144, DRAW_LINE X381.600 Y390.300, TRAVEL X153.225 Y553.050, DRAW_LINE X159.743 Y551.518, DRAW_LINE X166.230 Y549.861, DRAW_LINE X172.685 Y548.082, DRAW_LINE X179.105 Y546.182, DRAW_LINE X185.488 Y544.160, DRAW_LINE X191.833 Y542.019, DRAW_LINE X198.136 Y539.759, DRAW_LINE X204.397 Y537.382, DRAW_LINE X210.612 Y534.889, DRAW_LINE X216.781 Y532.281, DRAW_LINE X222.900 Y529.558, DRAW_LINE X228.968 Y526.722, DRAW_LINE X234.983 Y523.774, DRAW_LINE X240.942 Y520.715, DRAW_LINE X246.844 Y517.547, DRAW_LINE X252.686 Y514.270, DRAW_LINE X258.467 Y510.885, DRAW_LINE X264.184 Y507.393, DRAW_LINE X269.836 Y503.796, DRAW_LINE X275.419 Y500.094, DRAW_LINE X280.933 Y496.290, DRAW_LINE X286.375 Y492.383, DRAW_LINE X291.743 Y488.374, DRAW_LINE X297.035 Y484.266, DRAW_LINE X302.249 Y480.059, DRAW_LINE X307.383 Y475.753, DRAW_LINE X312.435 Y471.351, DRAW_LINE X317.402 Y466.854, DRAW_LINE X322.283 Y462.261, DRAW_LINE X327.075 Y457.575, TRAVEL X98.025 Y349.650, DRAW_LINE X103.902 Y343.054, DRAW_LINE X109.907 Y336.559, DRAW_LINE X116.037 Y330.170, DRAW_LINE X122.291 Y323.892, DRAW_LINE X128.665 Y317.730, DRAW_LINE X135.158 Y311.690, DRAW_LINE X141.768 Y305.776, DRAW_LINE X148.492 Y299.993, DRAW_LINE X155.327 Y294.347, DRAW_LINE X162.272 Y288.842, DRAW_LINE X169.325 Y283.483, DRAW_LINE X176.482 Y278.276, DRAW_LINE X183.743 Y273.226, DRAW_LINE X191.103 Y268.338, DRAW_LINE X198.563 Y263.616, DRAW_LINE X206.118 Y259.065, DRAW_LINE X213.766 Y254.692, DRAW_LINE X221.507 Y250.501, DRAW_LINE X229.336 Y246.496, DRAW_LINE X237.253 Y242.683, DRAW_LINE X245.254 Y239.068, DRAW_LINE X253.337 Y235.654, DRAW_LINE X261.501 Y232.448, DRAW_LINE X269.743 Y229.453, DRAW_LINE X278.060 Y226.676, DRAW_LINE X286.450 Y224.121, DRAW_LINE X294.912 Y221.794, DRAW_LINE X303.442 Y219.698, DRAW_LINE X312.039 Y217.840, DRAW_LINE X320.700 Y216.225, TRAVEL X58.500 Y438.150, DRAW_LINE X58.299 Y434.844, DRAW_LINE X58.249 Y431.558, DRAW_LINE X58.343 Y428.291, DRAW_LINE X58.578 Y425.044, DRAW_LINE X58.949 Y421.818, DRAW_LINE X59.450 Y418.614, DRAW_LINE X60.077 Y415.432, DRAW_LINE X60.825 Y412.272, DRAW_LINE X61.689 Y409.135, DRAW_LINE X62.664 Y406.022, DRAW_LINE X63.745 Y402.934, DRAW_LINE X64.928 Y399.870, DRAW_LINE X66.208 Y396.832, DRAW_LINE X67.579 Y393.820, DRAW_LINE X69.038 Y390.834, DRAW_LINE X70.578 Y387.876, DRAW_LINE X72.195 Y384.946, DRAW_LINE X73.885 Y382.044, DRAW_LINE X75.642 Y379.171, DRAW_LINE X77.461 Y376.328, DRAW_LINE X79.338 Y373.515, DRAW_LINE X81.268 Y370.732, DRAW_LINE X83.246 Y367.981, DRAW_LINE X85.267 Y365.262, DRAW_LINE X87.326 Y362.575, DRAW_LINE X89.419 Y359.922, DRAW_LINE X91.540 Y357.302, DRAW_LINE X93.684 Y354.716, DRAW_LINE X95.848 Y352.165, DRAW_LINE X98.025 Y349.650, TRAVEL X136.350 Y566.025, DRAW_LINE X136.776 Y565.841, DRAW_LINE X137.198 Y565.648, DRAW_LINE X137.616 Y565.447, DRAW_LINE X138.031 Y565.238, DRAW_LINE X138.442 Y565.022, DRAW_LINE X138.848 Y564.797, DRAW_LINE X139.251 Y564.564, DRAW_LINE X139.649 Y564.324, DRAW_LINE X140.044 Y564.077, DRAW_LINE X140.433 Y563.822, DRAW_LINE X140.819 Y563.560, DRAW_LINE X141.199 Y563.291, DRAW_LINE X141.575 Y563.016, DRAW_LINE X141.946 Y562.733, DRAW_LINE X142.313 Y562.444, DRAW_LINE X142.674 Y562.148, DRAW_LINE X143.030 Y561.846, DRAW_LINE X143.381 Y561.538, DRAW_LINE X143.726 Y561.223, DRAW_LINE X144.067 Y560.903, DRAW_LINE X144.401 Y560.577, DRAW_LINE X144.731 Y560.245, DRAW_LINE X145.054 Y559.907, DRAW_LINE X145.372 Y559.564, DRAW_LINE X145.683 Y559.216, DRAW_LINE X145.989 Y558.863, DRAW_LINE X146.289 Y558.504, DRAW_LINE X146.582 Y558.141, DRAW_LINE X146.869 Y557.773, DRAW_LINE X147.150 Y557.400, TRAVEL X351.675 Y445.725, DRAW_LINE X350.986 Y445.858, DRAW_LINE X350.299 Y446.004, DRAW_LINE X349.615 Y446.161, DRAW_LINE X348.933 Y446.330, DRAW_LINE X348.255 Y446.511, DRAW_LINE X347.579 Y446.704, DRAW_LINE X346.906 Y446.908, DRAW_LINE X346.237 Y447.123, DRAW_LINE X345.572 Y447.350, DRAW_LINE X344.911 Y447.589, DRAW_LINE X344.254 Y447.839, DRAW_LINE X343.601 Y448.100, DRAW_LINE X342.953 Y448.372, DRAW_LINE X342.310 Y448.656, DRAW_LINE X341.672 Y448.950, DRAW_LINE X341.039 Y449.255, DRAW_LINE X340.411 Y449.572, DRAW_LINE X339.790 Y449.899, DRAW_LINE X339.174 Y450.237, DRAW_LINE X338.564 Y450.586, DRAW_LINE X337.960 Y450.946, DRAW_LINE X337.364 Y451.316, DRAW_LINE X336.773 Y451.696, DRAW_LINE X336.190 Y452.087, DRAW_LINE X335.614 Y452.489, DRAW_LINE X335.046 Y452.901, DRAW_LINE X334.485 Y453.323, DRAW_LINE X333.932 Y453.755, DRAW_LINE X333.387 Y454.198, DRAW_LINE X332.850 Y454.650, TRAVEL X342.825 Y220.050, DRAW_LINE X342.232 Y220.136, DRAW_LINE X341.638 Y220.212, DRAW_LINE X341.044 Y220.279, DRAW_LINE X340.448 Y220.338, DRAW_LINE X339.852 Y220.388, DRAW_LINE X339.256 Y220.428, DRAW_LINE X338.660 Y220.459, DRAW_LINE X338.063 Y220.482, DRAW_LINE X337.466 Y220.496, DRAW_LINE X336.869 Y220.500, DRAW_LINE X336.273 Y220.496, DRAW_LINE X335.677 Y220.482, DRAW_LINE X335.081 Y220.459, DRAW_LINE X334.485 Y220.428, DRAW_LINE X333.891 Y220.388, DRAW_LINE X333.297 Y220.338, DRAW_LINE X332.704 Y220.279, DRAW_LINE X332.111 Y220.212, DRAW_LINE X331.520 Y220.136, DRAW_LINE X330.931 Y220.050, DRAW_LINE X330.342 Y219.955, DRAW_LINE X329.755 Y219.852, DRAW_LINE X329.170 Y219.740, DRAW_LINE X328.586 Y219.618, DRAW_LINE X328.004 Y219.487, DRAW_LINE X327.424 Y219.348, DRAW_LINE X326.846 Y219.200, DRAW_LINE X326.270 Y219.042, DRAW_LINE X325.696 Y218.876, DRAW_LINE X325.125 Y218.700, TRAVEL X57.900 Y445.200, DRAW_LINE X57.788 Y445.410, DRAW_LINE X57.676 Y445.620, DRAW_LINE X57.565 Y445.830, DRAW_LINE X57.454 Y446.040, DRAW_LINE X57.343 Y446.250, DRAW_LINE X57.233 Y446.460, DRAW_LINE X57.123 Y446.670, DRAW_LINE X57.013 Y446.880, DRAW_LINE X56.904 Y447.090, DRAW_LINE X56.794 Y447.300, DRAW_LINE X56.685 Y447.510, DRAW_LINE X56.576 Y447.720, DRAW_LINE X56.468 Y447.930, DRAW_LINE X56.359 Y448.140, DRAW_LINE X56.250 Y448.350, DRAW_LINE X56.141 Y448.560, DRAW_LINE X56.032 Y448.770, DRAW_LINE X55.924 Y448.980, DRAW_LINE X55.815 Y449.190, DRAW_LINE X55.706 Y449.400, DRAW_LINE X55.596 Y449.610, DRAW_LINE X55.487 Y449.820, DRAW_LINE X55.377 Y450.030, DRAW_LINE X55.267 Y450.240, DRAW_LINE X55.157 Y450.450, DRAW_LINE X55.046 Y450.660, DRAW_LINE X54.935 Y450.870, DRAW_LINE X54.824 Y451.080, DRAW_LINE X54.712 Y451.290, DRAW_LINE X54.600 Y451.500, TRAVEL X222.750 Y438.750, DRAW_LINE X217.792 Y438.651, DRAW_LINE X212.872 Y438.355, DRAW_LINE X207.993 Y437.865, DRAW_LINE X203.161 Y437.185, DRAW_LINE X198.381 Y436.317, DRAW_LINE X193.656 Y435.266, DRAW_LINE X188.992 Y434.033, DRAW_LINE X184.393 Y432.622, DRAW_LINE X179.863 Y431.036, DRAW_LINE X175.409 Y429.278, DRAW_LINE X171.033 Y427.352, DRAW_LINE X166.741 Y425.260, DRAW_LINE X162.538 Y423.005, DRAW_LINE X158.427 Y420.591, DRAW_LINE X154.415 Y418.021, DRAW_LINE X150.505 Y415.297, DRAW_LINE X146.701 Y412.424, DRAW_LINE X143.010 Y409.403, DRAW_LINE X139.435 Y406.238, DRAW_LINE X135.980 Y402.933, DRAW_LINE X132.652 Y399.490, DRAW_LINE X129.453 Y395.913, DRAW_LINE X126.390 Y392.204, DRAW_LINE X123.466 Y388.366, DRAW_LINE X120.686 Y384.404, DRAW_LINE X118.055 Y380.319, DRAW_LINE X115.578 Y376.115, DRAW_LINE X113.258 Y371.795, DRAW_LINE X111.102 Y367.362, DRAW_LINE X109.113 Y362.820, DRAW_LINE X107.307 Y358.202, DRAW_LINE X105.698 Y353.542, DRAW_LINE X104.283 Y348.848, DRAW_LINE X103.063 Y344.123, DRAW_LINE X102.035 Y339.375, DRAW_LINE X101.198 Y334.607, DRAW_LINE X100.552 Y329.826, DRAW_LINE X100.096 Y325.037, DRAW_LINE X99.828 Y320.246, DRAW_LINE X99.747 Y315.458, DRAW_LINE X99.852 Y310.678, DRAW_LINE X100.143 Y305.912, DRAW_LINE X100.617 Y301.166, DRAW_LINE X101.274 Y296.445, DRAW_LINE X102.113 Y291.754, DRAW_LINE X103.133 Y287.099, DRAW_LINE X104.333 Y282.486, DRAW_LINE X105.711 Y277.919, DRAW_LINE X107.266 Y273.405, DRAW_LINE X108.998 Y268.949, DRAW_LINE X110.905 Y264.556, DRAW_LINE X112.986 Y260.232, DRAW_LINE X115.241 Y255.982, DRAW_LINE X117.667 Y251.812, DRAW_LINE X120.264 Y247.728, DRAW_LINE X123.031 Y243.734, DRAW_LINE X125.967 Y239.836, DRAW_LINE X129.070 Y236.040, DRAW_LINE X132.340 Y232.352, DRAW_LINE X135.776 Y228.776, DRAW_LINE X139.352 Y225.340, DRAW_LINE X143.040 Y222.070, DRAW_LINE X146.836 Y218.967, DRAW_LINE X150.734 Y216.031, DRAW_LINE X154.728 Y213.264, DRAW_LINE X158.812 Y210.667, DRAW_LINE X162.982 Y208.241, DRAW_LINE X167.232 Y205.986, DRAW_LINE X171.556 Y203.905, DRAW_LINE X175.949 Y201.998, DRAW_LINE X180.405 Y200.266, DRAW_LINE X184.919 Y198.711, DRAW_LINE X189.486 Y197.333, DRAW_LINE X194.099 Y196.133, DRAW_LINE X198.754 Y195.113, DRAW_LINE X203.445 Y194.274, DRAW_LINE X208.166 Y193.617, DRAW_LINE X212.912 Y193.143, DRAW_LINE X217.678 Y192.852, DRAW_LINE X222.458 Y192.747, DRAW_LINE X227.246 Y192.828, DRAW_LINE X232.037 Y193.096, DRAW_LINE X236.826 Y193.552, DRAW_LINE X241.607 Y194.198, DRAW_LINE X246.375 Y195.035, DRAW_LINE X251.123 Y196.063, DRAW_LINE X255.848 Y197.283, DRAW_LINE X260.542 Y198.698, DRAW_LINE X265.202 Y200.307, DRAW_LINE X269.820 Y202.113, DRAW_LINE X274.362 Y204.102, DRAW_LINE X278.795 Y206.258, DRAW_LINE X283.115 Y208.578, DRAW_LINE X287.319 Y211.055, DRAW_LINE X291.404 Y213.686, DRAW_LINE X295.366 Y216.466, DRAW_LINE X299.204 Y219.390, DRAW_LINE X302.913 Y222.453, DRAW_LINE X306.490 Y225.652, DRAW_LINE X309.933 Y228.980, DRAW_LINE X313.238 Y232.435, DRAW_LINE X316.403 Y236.010, DRAW_LINE X319.424 Y239.701, DRAW_LINE X322.297 Y243.505, DRAW_LINE X325.021 Y247.415, DRAW_LINE X327.591 Y251.427, DRAW_LINE X330.005 Y255.538, DRAW_LINE X332.260 Y259.741, DRAW_LINE X334.352 Y264.033, DRAW_LINE X336.278 Y268.409, DRAW_LINE X338.036 Y272.863, DRAW_LINE X339.622 Y277.393, DRAW_LINE X341.033 Y281.992, DRAW_LINE X342.266 Y286.656, DRAW_LINE X343.317 Y291.381, DRAW_LINE X344.185 Y296.161, DRAW_LINE X344.865 Y300.993, DRAW_LINE X345.355 Y305.872, DRAW_LINE X345.651 Y310.792, DRAW_LINE X345.750 Y315.750, DRAW_LINE X345.707 Y319.007, DRAW_LINE X345.578 Y322.254, DRAW_LINE X345.364 Y325.490, DRAW_LINE X345.066 Y328.711, DRAW_LINE X344.683 Y331.918, DRAW_LINE X344.218 Y335.108, DRAW_LINE X343.670 Y338.279, DRAW_LINE X343.039 Y341.432, DRAW_LINE X342.328 Y344.563, DRAW_LINE X341.536 Y347.671, DRAW_LINE X340.664 Y350.756, DRAW_LINE X339.712 Y353.814, DRAW_LINE X338.682 Y356.845, DRAW_LINE X337.573 Y359.848, DRAW_LINE X336.387 Y362.820, DRAW_LINE X335.124 Y365.760, DRAW_LINE X333.785 Y368.667, DRAW_LINE X332.370 Y371.539, DRAW_LINE X330.880 Y374.375, DRAW_LINE X329.316 Y377.173, DRAW_LINE X327.678 Y379.931, DRAW_LINE X325.967 Y382.648, DRAW_LINE X324.184 Y385.322, DRAW_LINE X322.329 Y387.953, DRAW_LINE X320.402 Y390.538, DRAW_LINE X318.405 Y393.075, DRAW_LINE X316.338 Y395.564, DRAW_LINE X314.202 Y398.003, DRAW_LINE X311.997 Y400.390, DRAW_LINE X309.724 Y402.724, DRAW_LINE X307.390 Y404.997, DRAW_LINE X305.003 Y407.202, DRAW_LINE X302.564 Y409.338, DRAW_LINE X300.075 Y411.405, DRAW_LINE X297.538 Y413.402, DRAW_LINE X294.953 Y415.329, DRAW_LINE X292.322 Y417.184, DRAW_LINE X289.648 Y418.967, DRAW_LINE X286.931 Y420.678, DRAW_LINE X284.173 Y422.316, DRAW_LINE X281.375 Y423.880, DRAW_LINE X278.539 Y425.370, DRAW_LINE X275.667 Y426.785, DRAW_LINE X272.760 Y428.124, DRAW_LINE X269.820 Y429.387, DRAW_LINE X266.848 Y430.573, DRAW_LINE X263.845 Y431.682, DRAW_LINE X260.814 Y432.712, DRAW_LINE X257.756 Y433.664, DRAW_LINE X254.671 Y434.536, DRAW_LINE X251.563 Y435.328, DRAW_LINE X248.432 Y436.039, DRAW_LINE X245.279 Y436.670, DRAW_LINE X242.108 Y437.218, DRAW_LINE X238.918 Y437.683, DRAW_LINE X235.711 Y438.066, DRAW_LINE X232.490 Y438.364, DRAW_LINE X229.254 Y438.578, DRAW_LINE X226.007 Y438.707, DRAW_LINE X222.750 Y438.750, TRAVEL X345.450 Y529.050, DRAW_LINE X343.866 Y527.452, DRAW_LINE X342.280 Y525.853, DRAW_LINE X340.690 Y524.255, DRAW_LINE X339.096 Y522.659, DRAW_LINE X337.496 Y521.066, DRAW_LINE X335.891 Y519.478, DRAW_LINE X334.279 Y517.897, DRAW_LINE X332.659 Y516.323, DRAW_LINE X331.031 Y514.758, DRAW_LINE X329.394 Y513.203, DRAW_LINE X327.748 Y511.660, DRAW_LINE X326.090 Y510.130, DRAW_LINE X324.422 Y508.614, DRAW_LINE X322.741 Y507.114, DRAW_LINE X321.047 Y505.631, DRAW_LINE X319.339 Y504.167, DRAW_LINE X317.617 Y502.723, DRAW_LINE X315.880 Y501.299, DRAW_LINE X314.126 Y499.899, DRAW_LINE X312.356 Y498.522, DRAW_LINE X310.567 Y497.171, DRAW_LINE X308.761 Y495.846, DRAW_LINE X306.935 Y494.550, DRAW_LINE X305.089 Y493.283, DRAW_LINE X303.223 Y492.047, DRAW_LINE X301.334 Y490.842, DRAW_LINE X299.424 Y489.672, DRAW_LINE X297.490 Y488.536, DRAW_LINE X295.532 Y487.437, DRAW_LINE X293.550 Y486.375, DRAW_LINE X291.539 Y485.362, DRAW_LINE X289.499 Y484.395, DRAW_LINE X287.430 Y483.475, DRAW_LINE X285.336 Y482.604, DRAW_LINE X283.218 Y481.783, DRAW_LINE X281.078 Y481.013, DRAW_LINE X278.919 Y480.298, DRAW_LINE X276.742 Y479.637, DRAW_LINE X274.550 Y479.032, DRAW_LINE X272.344 Y478.486, DRAW_LINE X270.127 Y478.000, DRAW_LINE X267.901 Y477.574, DRAW_LINE X265.668 Y477.212, DRAW_LINE X263.429 Y476.913, DRAW_LINE X261.188 Y476.681, DRAW_LINE X258.945 Y476.517, DRAW_LINE X256.703 Y476.421, DRAW_LINE X254.465 Y476.396, DRAW_LINE X252.232 Y476.443, DRAW_LINE X250.006 Y476.564, DRAW_LINE X247.789 Y476.760, DRAW_LINE X245.584 Y477.033, DRAW_LINE X243.392 Y477.385, DRAW_LINE X241.216 Y477.817, DRAW_LINE X239.057 Y478.330, DRAW_LINE X236.918 Y478.926, DRAW_LINE X234.801 Y479.607, DRAW_LINE X232.707 Y480.375, DRAW_LINE X230.640 Y481.230, DRAW_LINE X228.600 Y482.175]