[TOOL R0 G0 B0 A255 D1.000, TRAVEL X642.881 Y-599.484, DRAW_LINE X642.239 Y-615.020, DRAW_LINE X640.320 Y-630.387, DRAW_LINE X637.145 Y-645.414, DRAW_LINE X632.748 Y-659.939, DRAW_LINE X627.179 Y-673.801, DRAW_LINE X620.497 Y-686.848, DRAW_LINE X612.777 Y-698.939, DRAW_LINE X604.102 Y-709.940, DRAW_LINE X594.568 Y-719.731, DRAW_LINE X584.280 Y-728.204, DRAW_LINE X573.349 Y-735.267, DRAW_LINE X561.896 Y-740.843, DRAW_LINE X550.046 Y-744.869, DRAW_LINE X537.929 Y-747.303, DRAW_LINE X525.678 Y-748.117, DRAW_LINE X513.427 Y-747.303, DRAW_LINE X501.310 Y-744.869, DRAW_LINE X489.460 Y-740.843, DRAW_LINE X478.007 Y-735.267, DRAW_LINE X467.077 Y-728.204, DRAW_LINE X456.788 Y-719.731, DRAW_LINE X447.254 Y-709.940, DRAW_LINE X438.579 Y-698.939, DRAW_LINE X430.859 Y-686.848, DRAW_LINE X424.177 Y-673.801, DRAW_LINE X418.608 Y-659.939, DRAW_LINE X414.212 Y-645.414, DRAW_LINE X411.036 Y-630.387, DRAW_LINE X409.117 Y-615.020, DRAW_LINE X408.475 Y-599.484, DRAW_LINE X409.117 Y-583.947, DRAW_LINE X411.036 Y-568.581, DRAW_LINE X414.212 Y-553.554, DRAW_LINE X418.608 Y-539.029, DRAW_LINE X424.177 Y-525.167, DRAW_LINE X430.859 Y-512.119, DRAW_LINE X438.579 Y-500.029, DRAW_LINE X447.254 Y-489.028, DRAW_LINE X456.788 Y-479.237, DRAW_LINE X467.077 Y-470.763, DRAW_LINE X478.007 Y-463.700, DRAW_LINE X489.460 Y-458.125, DRAW_LINE X501.310 Y-454.098, DRAW_LINE X513.427 Y-451.665, DRAW_LINE X525.678 Y-450.850, DRAW_LINE X537.929 Y-451.665, DRAW_LINE X550.046 Y-454.098, DRAW_LINE X561.896 Y-458.125, DRAW_LINE X573.349 Y-463.700, DRAW_LINE X584.280 Y-470.763, DRAW_LINE X594.568 Y-479.237, DRAW_LINE X604.102 Y-489.028, DRAW_LINE X612.777 Y-500.029, DRAW_LINE X620.497 Y-512.119, DRAW_LINE X627.179 Y-525.167, DRAW_LINE X632.748 Y-539.029, DRAW_LINE X637.145 Y-553.554, DRAW_LINE X640.320 Y-568.581, DRAW_LINE X642.239 Y-583.947, DRAW_LINE X642.881 Y-599.484]