[TOOL R0 G0 B0 A255 D1.000, TRAVEL X0.238 Y-7.599, DRAW_LINE X2.440 Y-7.599, DRAW_LINE X1.413 Y-7.599, DRAW_LINE X1.413 Y-0.199, DRAW_LINE X0.202 Y-0.199, DRAW_LINE X2.440 Y-0.199, DRAW_LINE X1.413 Y-0.199, DRAW_LINE X1.413 Y-3.834, DRAW_LINE X6.425 Y-3.834, DRAW_LINE X6.425 Y-0.165, DRAW_LINE X5.398 Y-0.165, DRAW_LINE X7.565 Y-0.165, DRAW_LINE X6.459 Y-0.165, DRAW_LINE X6.459 Y-7.599, DRAW_LINE X7.565 Y-7.599, DRAW_LINE X5.465 Y-7.599, TRAVEL X9.347 Y-4.895, DRAW_LINE X14.079 Y-4.895, DRAW_LINE X14.079 Y-4.116, DRAW_LINE X13.830 Y-3.439, DRAW_LINE X13.469 Y-2.976, DRAW_LINE X12.871 Y-2.513, DRAW_LINE X12.081 Y-2.299, DRAW_LINE X11.268 Y-2.265, DRAW_LINE X10.455 Y-2.581, DRAW_LINE X9.773 Y-3.191, DRAW_LINE X9.454 Y-3.902, DRAW_LINE X9.311 Y-4.681, DRAW_LINE X9.311 Y-5.539, DRAW_LINE X9.490 Y-6.216, DRAW_LINE X10.060 Y-7.030, DRAW_LINE X10.771 Y-7.493, DRAW_LINE X11.335 Y-7.670, DRAW_LINE X12.193 Y-7.670, DRAW_LINE X13.119 Y-7.385, DRAW_LINE X13.830 Y-6.888, TRAVEL X15.503 Y-7.599, DRAW_LINE X17.702 Y-7.599, DRAW_LINE X16.574 Y-7.599, DRAW_LINE X16.574 Y-0.131, DRAW_LINE X15.503 Y-0.131, TRAVEL X18.811 Y-7.599, DRAW_LINE X21.010 Y-7.599, DRAW_LINE X19.881 Y-7.599, DRAW_LINE X19.881 Y-0.131, DRAW_LINE X18.811 Y-0.131, TRAVEL X24.995 Y-7.670, DRAW_LINE X25.740 Y-7.599, DRAW_LINE X26.564 Y-7.172, DRAW_LINE X27.163 Y-6.498, DRAW_LINE X27.456 Y-5.640, DRAW_LINE X27.524 Y-4.715, DRAW_LINE X27.377 Y-3.936, DRAW_LINE X26.959 Y-3.191, DRAW_LINE X26.384 Y-2.694, DRAW_LINE X25.605 Y-2.333, DRAW_LINE X24.995 Y-2.265, DRAW_LINE X24.035 Y-2.366, DRAW_LINE X23.155 Y-3.010, DRAW_LINE X22.616 Y-3.789, DRAW_LINE X22.438 Y-4.794, DRAW_LINE X22.474 Y-5.753, DRAW_LINE X22.866 Y-6.600, DRAW_LINE X23.505 Y-7.278, DRAW_LINE X24.363 Y-7.634, DRAW_LINE X24.995 Y-7.670, TRAVEL X33.324 Y-7.599, DRAW_LINE X35.674 Y-7.599, DRAW_LINE X34.466 Y-7.599, DRAW_LINE X34.466 Y-2.333, DRAW_LINE X33.324 Y-2.333, TRAVEL X34.387 Y-1.238, DRAW_LINE X34.715 Y-1.057, DRAW_LINE X34.715 Y-0.775, DRAW_LINE X34.500 Y-0.594, DRAW_LINE X34.218 Y-0.662, DRAW_LINE X34.105 Y-0.944, DRAW_LINE X34.173 Y-1.091, DRAW_LINE X34.387 Y-1.238, TRAVEL X36.812 Y-7.599, DRAW_LINE X39.016 Y-7.599, DRAW_LINE X37.989 Y-7.599, DRAW_LINE X37.989 Y-0.199, DRAW_LINE X36.848 Y-0.199, DRAW_LINE X38.237 Y-0.199, DRAW_LINE X41.578 Y-7.528, DRAW_LINE X44.988 Y-0.165, DRAW_LINE X46.308 Y-0.165, DRAW_LINE X45.134 Y-0.165, DRAW_LINE X45.134 Y-7.599, DRAW_LINE X44.175 Y-7.599, DRAW_LINE X46.308 Y-7.599, TRAVEL X48.257 Y-2.908, DRAW_LINE X48.860 Y-2.445, DRAW_LINE X49.684 Y-2.231, DRAW_LINE X50.643 Y-2.299, DRAW_LINE X51.310 Y-2.513, DRAW_LINE X51.885 Y-3.157, DRAW_LINE X52.066 Y-3.721, DRAW_LINE X52.066 Y-6.171, DRAW_LINE X51.603 Y-6.780, DRAW_LINE X50.813 Y-7.385, DRAW_LINE X50.034 Y-7.670, DRAW_LINE X49.007 Y-7.599, DRAW_LINE X48.222 Y-7.172, DRAW_LINE X47.866 Y-6.600, DRAW_LINE X47.866 Y-5.968, DRAW_LINE X48.186 Y-5.290, DRAW_LINE X49.007 Y-4.794, DRAW_LINE X49.966 Y-4.681, DRAW_LINE X52.066 Y-4.681, DRAW_LINE X52.066 Y-7.564, DRAW_LINE X53.161 Y-7.564, TRAVEL X54.266 Y-0.131, DRAW_LINE X55.441 Y-0.131, DRAW_LINE X55.441 Y-7.564, DRAW_LINE X54.301 Y-7.564, DRAW_LINE X56.468 Y-7.564, DRAW_LINE X55.475 Y-7.564, DRAW_LINE X55.475 Y-6.035, DRAW_LINE X58.817 Y-2.366, DRAW_LINE X59.776 Y-2.366, DRAW_LINE X57.575 Y-2.366, DRAW_LINE X58.817 Y-2.366, DRAW_LINE X56.897 Y-4.432, DRAW_LINE X59.133 Y-7.599, DRAW_LINE X60.103 Y-7.599, DRAW_LINE X57.959 Y-7.599, TRAVEL X61.480 Y-4.895, DRAW_LINE X66.211 Y-4.895, DRAW_LINE X66.211 Y-4.116, DRAW_LINE X65.962 Y-3.439, DRAW_LINE X65.601 Y-2.976, DRAW_LINE X65.003 Y-2.513, DRAW_LINE X64.213 Y-2.299, DRAW_LINE X63.400 Y-2.265, DRAW_LINE X62.587 Y-2.581, DRAW_LINE X61.905 Y-3.191, DRAW_LINE X61.586 Y-3.902, DRAW_LINE X61.444 Y-4.681, DRAW_LINE X61.444 Y-5.539, DRAW_LINE X61.622 Y-6.216, DRAW_LINE X62.192 Y-7.030, DRAW_LINE X62.903 Y-7.493, DRAW_LINE X63.468 Y-7.670, DRAW_LINE X64.326 Y-7.670, DRAW_LINE X65.251 Y-7.385, DRAW_LINE X65.962 Y-6.888, TRAVEL X67.884 Y-7.564, DRAW_LINE X70.128 Y-7.564, DRAW_LINE X68.988 Y-7.564, DRAW_LINE X68.988 Y-0.199, DRAW_LINE X67.884 Y-0.199, DRAW_LINE X71.833 Y-0.199, DRAW_LINE X72.510 Y-0.346, DRAW_LINE X73.041 Y-0.628, DRAW_LINE X73.503 Y-1.204, DRAW_LINE X73.650 Y-1.836, DRAW_LINE X73.605 Y-2.412, DRAW_LINE X73.436 Y-3.123, DRAW_LINE X73.108 Y-3.507, DRAW_LINE X72.646 Y-3.868, DRAW_LINE X72.047 Y-4.003, DRAW_LINE X68.988 Y-4.003, DRAW_LINE X71.009 Y-4.003, DRAW_LINE X73.605 Y-7.599, DRAW_LINE X72.363 Y-7.599, DRAW_LINE X74.531 Y-7.599, TRAVEL X78.369 Y-7.670, DRAW_LINE X79.114 Y-7.599, DRAW_LINE X79.938 Y-7.172, DRAW_LINE X80.536 Y-6.498, DRAW_LINE X80.830 Y-5.640, DRAW_LINE X80.898 Y-4.715, DRAW_LINE X80.751 Y-3.936, DRAW_LINE X80.333 Y-3.191, DRAW_LINE X79.757 Y-2.694, DRAW_LINE X78.979 Y-2.333, DRAW_LINE X78.369 Y-2.265, DRAW_LINE X77.409 Y-2.366, DRAW_LINE X76.529 Y-3.010, DRAW_LINE X75.990 Y-3.789, DRAW_LINE X75.812 Y-4.794, DRAW_LINE X75.848 Y-5.753, DRAW_LINE X76.240 Y-6.600, DRAW_LINE X76.879 Y-7.278, DRAW_LINE X77.737 Y-7.634, DRAW_LINE X78.369 Y-7.670, TRAVEL X81.933 Y-0.165, DRAW_LINE X83.071 Y-0.165, DRAW_LINE X83.071 Y-7.599, DRAW_LINE X83.071 Y-6.103, DRAW_LINE X83.528 Y-6.634, DRAW_LINE X84.138 Y-7.243, DRAW_LINE X84.634 Y-7.528, DRAW_LINE X85.458 Y-7.706, DRAW_LINE X86.203 Y-7.599, DRAW_LINE X86.915 Y-7.172, DRAW_LINE X87.479 Y-6.385, DRAW_LINE X87.727 Y-5.539, DRAW_LINE X87.727 Y-4.466, DRAW_LINE X87.513 Y-3.755, DRAW_LINE X87.129 Y-3.123, DRAW_LINE X86.486 Y-2.694, DRAW_LINE X85.741 Y-2.445, DRAW_LINE X84.996 Y-2.412, DRAW_LINE X83.106 Y-2.412, TRAVEL X92.062 Y-7.670, DRAW_LINE X92.808 Y-7.599, DRAW_LINE X93.632 Y-7.172, DRAW_LINE X94.230 Y-6.498, DRAW_LINE X94.523 Y-5.640, DRAW_LINE X94.591 Y-4.715, DRAW_LINE X94.444 Y-3.936, DRAW_LINE X94.027 Y-3.191, DRAW_LINE X93.451 Y-2.694, DRAW_LINE X92.672 Y-2.333, DRAW_LINE X92.062 Y-2.265, DRAW_LINE X91.103 Y-2.366, DRAW_LINE X90.222 Y-3.010, DRAW_LINE X89.684 Y-3.789, DRAW_LINE X89.506 Y-4.794, DRAW_LINE X89.542 Y-5.753, DRAW_LINE X89.933 Y-6.600, DRAW_LINE X90.572 Y-7.278, DRAW_LINE X91.430 Y-7.634, DRAW_LINE X92.062 Y-7.670, TRAVEL X96.973 Y-0.165, DRAW_LINE X96.973 Y-2.366, DRAW_LINE X95.911 Y-2.366, DRAW_LINE X99.152 Y-2.366, DRAW_LINE X96.973 Y-2.366, DRAW_LINE X96.973 Y-6.318, DRAW_LINE X97.120 Y-6.888, DRAW_LINE X97.402 Y-7.314, DRAW_LINE X97.865 Y-7.599, DRAW_LINE X98.328 Y-7.670, DRAW_LINE X98.903 Y-7.599, DRAW_LINE X99.468 Y-7.349, DRAW_LINE X99.784 Y-7.065, TRAVEL X100.992 Y-7.599, DRAW_LINE X100.992 Y-5.753, DRAW_LINE X100.992 Y-6.532, DRAW_LINE X101.455 Y-6.959, DRAW_LINE X101.985 Y-7.349, DRAW_LINE X102.696 Y-7.634, DRAW_LINE X103.374 Y-7.706, DRAW_LINE X104.232 Y-7.599, DRAW_LINE X104.977 Y-7.278, DRAW_LINE X105.361 Y-6.814, DRAW_LINE X105.474 Y-6.318, DRAW_LINE X105.361 Y-5.753, DRAW_LINE X104.864 Y-5.358, DRAW_LINE X104.266 Y-5.144, DRAW_LINE X103.193 Y-4.963, DRAW_LINE X102.200 Y-4.794, DRAW_LINE X101.556 Y-4.545, DRAW_LINE X101.134 Y-4.184, DRAW_LINE X100.992 Y-3.755, DRAW_LINE X100.992 Y-3.292, DRAW_LINE X101.240 Y-2.829, DRAW_LINE X101.884 Y-2.412, DRAW_LINE X102.482 Y-2.299, DRAW_LINE X103.408 Y-2.299, DRAW_LINE X104.017 Y-2.479, DRAW_LINE X104.480 Y-2.762, DRAW_LINE X104.909 Y-3.157, DRAW_LINE X105.225 Y-3.439, DRAW_LINE X105.225 Y-4.184, DRAW_LINE X105.225 Y-2.366, TRAVEL X1.943 Y-21.710, DRAW_LINE X4.291 Y-21.710, DRAW_LINE X3.049 Y-21.710, DRAW_LINE X3.049 Y-14.310, DRAW_LINE X0.131 Y-14.310, DRAW_LINE X0.131 Y-15.981, DRAW_LINE X0.131 Y-14.310, DRAW_LINE X6.030 Y-14.310, DRAW_LINE X6.030 Y-15.981, TRAVEL X7.208 Y-14.276, DRAW_LINE X8.276 Y-14.276, DRAW_LINE X8.276 Y-21.675, DRAW_LINE X7.208 Y-21.675, DRAW_LINE X9.270 Y-21.675, DRAW_LINE X8.276 Y-21.675, DRAW_LINE X8.276 Y-17.832, DRAW_LINE X8.920 Y-17.155, DRAW_LINE X9.518 Y-16.624, DRAW_LINE X10.342 Y-16.376, DRAW_LINE X10.974 Y-16.376, DRAW_LINE X11.652 Y-16.590, DRAW_LINE X12.081 Y-16.907, DRAW_LINE X12.476 Y-17.482, DRAW_LINE X12.543 Y-18.193, DRAW_LINE X12.543 Y-21.710, DRAW_LINE X11.550 Y-21.710, DRAW_LINE X13.638 Y-21.710, TRAVEL X14.788 Y-21.710, DRAW_LINE X17.138 Y-21.710, DRAW_LINE X15.930 Y-21.710, DRAW_LINE X15.930 Y-16.444, DRAW_LINE X14.788 Y-16.444, TRAVEL X15.851 Y-15.349, DRAW_LINE X16.178 Y-15.168, DRAW_LINE X16.178 Y-14.886, DRAW_LINE X15.964 Y-14.705, DRAW_LINE X15.682 Y-14.773, DRAW_LINE X15.569 Y-15.055, DRAW_LINE X15.637 Y-15.202, DRAW_LINE X15.851 Y-15.349, TRAVEL X18.560 Y-21.710, DRAW_LINE X18.560 Y-19.864, DRAW_LINE X18.560 Y-20.643, DRAW_LINE X19.023 Y-21.070, DRAW_LINE X19.554 Y-21.460, DRAW_LINE X20.265 Y-21.745, DRAW_LINE X20.942 Y-21.817, DRAW_LINE X21.800 Y-21.710, DRAW_LINE X22.545 Y-21.389, DRAW_LINE X22.929 Y-20.925, DRAW_LINE X23.042 Y-20.429, DRAW_LINE X22.929 Y-19.864, DRAW_LINE X22.432 Y-19.469, DRAW_LINE X21.834 Y-19.255, DRAW_LINE X20.762 Y-19.074, DRAW_LINE X19.768 Y-18.905, DRAW_LINE X19.125 Y-18.656, DRAW_LINE X18.703 Y-18.295, DRAW_LINE X18.560 Y-17.866, DRAW_LINE X18.560 Y-17.403, DRAW_LINE X18.809 Y-16.940, DRAW_LINE X19.452 Y-16.523, DRAW_LINE X20.050 Y-16.410, DRAW_LINE X20.976 Y-16.410, DRAW_LINE X21.586 Y-16.590, DRAW_LINE X22.049 Y-16.873, DRAW_LINE X22.478 Y-17.268, DRAW_LINE X22.794 Y-17.550, DRAW_LINE X22.794 Y-18.295, DRAW_LINE X22.794 Y-16.478, TRAVEL X28.910 Y-21.710, DRAW_LINE X31.260 Y-21.710, DRAW_LINE X30.053 Y-21.710, DRAW_LINE X30.053 Y-16.444, DRAW_LINE X28.910 Y-16.444, TRAVEL X29.973 Y-15.349, DRAW_LINE X30.301 Y-15.168, DRAW_LINE X30.301 Y-14.886, DRAW_LINE X30.086 Y-14.705, DRAW_LINE X29.804 Y-14.773, DRAW_LINE X29.691 Y-15.055, DRAW_LINE X29.759 Y-15.202, DRAW_LINE X29.973 Y-15.349, TRAVEL X32.683 Y-21.710, DRAW_LINE X32.683 Y-19.864, DRAW_LINE X32.683 Y-20.643, DRAW_LINE X33.146 Y-21.070, DRAW_LINE X33.676 Y-21.460, DRAW_LINE X34.387 Y-21.745, DRAW_LINE X35.065 Y-21.817, DRAW_LINE X35.923 Y-21.710, DRAW_LINE X36.668 Y-21.389, DRAW_LINE X37.052 Y-20.925, DRAW_LINE X37.164 Y-20.429, DRAW_LINE X37.052 Y-19.864, DRAW_LINE X36.555 Y-19.469, DRAW_LINE X35.957 Y-19.255, DRAW_LINE X34.884 Y-19.074, DRAW_LINE X33.891 Y-18.905, DRAW_LINE X33.247 Y-18.656, DRAW_LINE X32.825 Y-18.295, DRAW_LINE X32.683 Y-17.866, DRAW_LINE X32.683 Y-17.403, DRAW_LINE X32.931 Y-16.940, DRAW_LINE X33.575 Y-16.523, DRAW_LINE X34.173 Y-16.410, DRAW_LINE X35.099 Y-16.410, DRAW_LINE X35.708 Y-16.590, DRAW_LINE X36.171 Y-16.873, DRAW_LINE X36.600 Y-17.268, DRAW_LINE X36.916 Y-17.550, DRAW_LINE X36.916 Y-18.295, DRAW_LINE X36.916 Y-16.478, TRAVEL X43.459 Y-17.019, DRAW_LINE X44.062 Y-16.557, DRAW_LINE X44.886 Y-16.342, DRAW_LINE X45.846 Y-16.410, DRAW_LINE X46.512 Y-16.624, DRAW_LINE X47.087 Y-17.268, DRAW_LINE X47.268 Y-17.832, DRAW_LINE X47.268 Y-20.282, DRAW_LINE X46.805 Y-20.891, DRAW_LINE X46.015 Y-21.497, DRAW_LINE X45.236 Y-21.781, DRAW_LINE X44.209 Y-21.710, DRAW_LINE X43.424 Y-21.283, DRAW_LINE X43.069 Y-20.711, DRAW_LINE X43.069 Y-20.079, DRAW_LINE X43.388 Y-19.401, DRAW_LINE X44.209 Y-18.905, DRAW_LINE X45.168 Y-18.792, DRAW_LINE X47.268 Y-18.792, DRAW_LINE X47.268 Y-21.675, DRAW_LINE X48.363 Y-21.675, TRAVEL X57.507 Y-23.883, DRAW_LINE X59.889 Y-23.883, DRAW_LINE X58.715 Y-23.883, DRAW_LINE X58.715 Y-16.444, DRAW_LINE X58.715 Y-17.798, DRAW_LINE X58.286 Y-17.302, DRAW_LINE X57.722 Y-16.839, DRAW_LINE X57.010 Y-16.478, DRAW_LINE X56.265 Y-16.342, DRAW_LINE X55.554 Y-16.523, DRAW_LINE X54.798 Y-17.019, DRAW_LINE X54.376 Y-17.652, DRAW_LINE X54.162 Y-18.295, DRAW_LINE X54.091 Y-19.040, DRAW_LINE X54.162 Y-19.785, DRAW_LINE X54.412 Y-20.463, DRAW_LINE X55.012 Y-21.141, DRAW_LINE X55.870 Y-21.568, DRAW_LINE X56.864 Y-21.675, DRAW_LINE X58.715 Y-21.675, TRAVEL X60.741 Y-16.478, DRAW_LINE X61.955 Y-16.478, DRAW_LINE X61.955 Y-20.146, DRAW_LINE X61.989 Y-20.609, DRAW_LINE X62.271 Y-21.070, DRAW_LINE X62.587 Y-21.425, DRAW_LINE X63.050 Y-21.710, DRAW_LINE X63.727 Y-21.817, DRAW_LINE X64.405 Y-21.710, DRAW_LINE X65.150 Y-21.425, DRAW_LINE X65.680 Y-20.891, DRAW_LINE X66.177 Y-20.282, DRAW_LINE X66.177 Y-21.710, DRAW_LINE X67.317 Y-21.710, DRAW_LINE X66.177 Y-21.710, DRAW_LINE X66.177 Y-16.444, DRAW_LINE X65.048 Y-16.444, TRAVEL X68.568 Y-21.710, DRAW_LINE X70.918 Y-21.710, DRAW_LINE X69.710 Y-21.710, DRAW_LINE X69.710 Y-16.444, DRAW_LINE X68.568 Y-16.444, TRAVEL X69.631 Y-15.349, DRAW_LINE X69.959 Y-15.168, DRAW_LINE X69.959 Y-14.886, DRAW_LINE X69.744 Y-14.705, DRAW_LINE X69.462 Y-14.773, DRAW_LINE X69.349 Y-15.055, DRAW_LINE X69.417 Y-15.202, DRAW_LINE X69.631 Y-15.349, TRAVEL X76.788 Y-16.444, DRAW_LINE X76.788 Y-18.261, DRAW_LINE X76.788 Y-17.550, DRAW_LINE X76.043 Y-16.907, DRAW_LINE X74.971 Y-16.444, DRAW_LINE X74.158 Y-16.444, DRAW_LINE X73.447 Y-16.658, DRAW_LINE X72.837 Y-17.121, DRAW_LINE X72.412 Y-17.832, DRAW_LINE X72.233 Y-18.656, DRAW_LINE X72.233 Y-19.616, DRAW_LINE X72.483 Y-20.429, DRAW_LINE X73.052 Y-21.248, DRAW_LINE X73.865 Y-21.710, DRAW_LINE X74.474 Y-21.781, DRAW_LINE X75.152 Y-21.781, DRAW_LINE X76.145 Y-21.460, DRAW_LINE X76.755 Y-20.964, TRAVEL X78.176 Y-14.242, DRAW_LINE X79.351 Y-14.242, DRAW_LINE X79.351 Y-21.675, DRAW_LINE X78.211 Y-21.675, DRAW_LINE X80.378 Y-21.675, DRAW_LINE X79.385 Y-21.675, DRAW_LINE X79.385 Y-20.146, DRAW_LINE X82.726 Y-16.478, DRAW_LINE X83.686 Y-16.478, DRAW_LINE X81.485 Y-16.478, DRAW_LINE X82.726 Y-16.478, DRAW_LINE X80.807 Y-18.543, DRAW_LINE X83.043 Y-21.710, DRAW_LINE X84.013 Y-21.710, DRAW_LINE X81.869 Y-21.710, TRAVEL X90.256 Y-14.276, DRAW_LINE X90.256 Y-16.478, DRAW_LINE X89.194 Y-16.478, DRAW_LINE X92.435 Y-16.478, DRAW_LINE X90.256 Y-16.478, DRAW_LINE X90.256 Y-20.429, DRAW_LINE X90.403 Y-20.999, DRAW_LINE X90.685 Y-21.425, DRAW_LINE X91.148 Y-21.710, DRAW_LINE X91.611 Y-21.781, DRAW_LINE X92.187 Y-21.710, DRAW_LINE X92.751 Y-21.460, DRAW_LINE X93.067 Y-21.176, TRAVEL X94.240 Y-19.006, DRAW_LINE X98.971 Y-19.006, DRAW_LINE X98.971 Y-18.227, DRAW_LINE X98.723 Y-17.550, DRAW_LINE X98.362 Y-17.087, DRAW_LINE X97.763 Y-16.624, DRAW_LINE X96.973 Y-16.410, DRAW_LINE X96.160 Y-16.376, DRAW_LINE X95.347 Y-16.692, DRAW_LINE X94.666 Y-17.302, DRAW_LINE X94.346 Y-18.013, DRAW_LINE X94.204 Y-18.792, DRAW_LINE X94.204 Y-19.650, DRAW_LINE X94.382 Y-20.327, DRAW_LINE X94.952 Y-21.141, DRAW_LINE X95.664 Y-21.604, DRAW_LINE X96.228 Y-21.781, DRAW_LINE X97.086 Y-21.781, DRAW_LINE X98.012 Y-21.497, DRAW_LINE X98.723 Y-20.999, TRAVEL X100.823 Y-21.710, DRAW_LINE X100.823 Y-19.864, DRAW_LINE X100.823 Y-20.643, DRAW_LINE X101.286 Y-21.070, DRAW_LINE X101.816 Y-21.460, DRAW_LINE X102.527 Y-21.745, DRAW_LINE X103.205 Y-21.817, DRAW_LINE X104.063 Y-21.710, DRAW_LINE X104.808 Y-21.389, DRAW_LINE X105.192 Y-20.925, DRAW_LINE X105.305 Y-20.429, DRAW_LINE X105.192 Y-19.864, DRAW_LINE X104.695 Y-19.469, DRAW_LINE X104.097 Y-19.255, DRAW_LINE X103.024 Y-19.074, DRAW_LINE X102.031 Y-18.905, DRAW_LINE X101.387 Y-18.656, DRAW_LINE X100.965 Y-18.295, DRAW_LINE X100.823 Y-17.866, DRAW_LINE X100.823 Y-17.403, DRAW_LINE X101.071 Y-16.940, DRAW_LINE X101.715 Y-16.523, DRAW_LINE X102.313 Y-16.410, DRAW_LINE X103.239 Y-16.410, DRAW_LINE X103.848 Y-16.590, DRAW_LINE X104.311 Y-16.873, DRAW_LINE X104.740 Y-17.268, DRAW_LINE X105.056 Y-17.550, DRAW_LINE X105.056 Y-18.295, DRAW_LINE X105.056 Y-16.478, TRAVEL X107.754 Y-14.276, DRAW_LINE X107.754 Y-16.478, DRAW_LINE X106.692 Y-16.478, DRAW_LINE X109.933 Y-16.478, DRAW_LINE X107.754 Y-16.478, DRAW_LINE X107.754 Y-20.429, DRAW_LINE X107.901 Y-20.999, DRAW_LINE X108.183 Y-21.425, DRAW_LINE X108.646 Y-21.710, DRAW_LINE X109.109 Y-21.781, DRAW_LINE X109.685 Y-21.710, DRAW_LINE X110.249 Y-21.460, DRAW_LINE X110.565 Y-21.176, TRAVEL X0.202 Y-35.787, DRAW_LINE X2.587 Y-35.787, DRAW_LINE X1.300 Y-35.787, DRAW_LINE X1.300 Y-30.589, DRAW_LINE X0.202 Y-30.589, DRAW_LINE X3.366 Y-30.589, DRAW_LINE X1.266 Y-30.589, DRAW_LINE X1.266 Y-29.957, DRAW_LINE X1.379 Y-29.313, DRAW_LINE X1.808 Y-28.670, DRAW_LINE X2.372 Y-28.354, DRAW_LINE X3.049 Y-28.286, DRAW_LINE X3.794 Y-28.535, DRAW_LINE X4.291 Y-28.964, TRAVEL X7.847 Y-35.893, DRAW_LINE X8.592 Y-35.822, DRAW_LINE X9.416 Y-35.395, DRAW_LINE X10.015 Y-34.721, DRAW_LINE X10.308 Y-33.863, DRAW_LINE X10.376 Y-32.937, DRAW_LINE X10.229 Y-32.158, DRAW_LINE X9.811 Y-31.413, DRAW_LINE X9.236 Y-30.917, DRAW_LINE X8.457 Y-30.555, DRAW_LINE X7.847 Y-30.488, DRAW_LINE X6.888 Y-30.589, DRAW_LINE X6.007 Y-31.233, DRAW_LINE X5.469 Y-32.012, DRAW_LINE X5.290 Y-33.016, DRAW_LINE X5.326 Y-33.976, DRAW_LINE X5.718 Y-34.822, DRAW_LINE X6.357 Y-35.501, DRAW_LINE X7.215 Y-35.857, DRAW_LINE X7.847 Y-35.893, TRAVEL X14.327 Y-35.822, DRAW_LINE X11.838 Y-35.822, DRAW_LINE X12.972 Y-35.822, DRAW_LINE X12.972 Y-30.589, DRAW_LINE X11.945 Y-30.589, DRAW_LINE X12.972 Y-30.589, DRAW_LINE X12.972 Y-32.226, DRAW_LINE X13.469 Y-31.662, DRAW_LINE X13.932 Y-31.199, DRAW_LINE X14.508 Y-30.849, DRAW_LINE X15.004 Y-30.589, DRAW_LINE X15.603 Y-30.521, DRAW_LINE X16.461 Y-30.521, DRAW_LINE X16.461 Y-31.910, TRAVEL X22.929 Y-28.388, DRAW_LINE X22.929 Y-30.589, DRAW_LINE X21.867 Y-30.589, DRAW_LINE X25.108 Y-30.589, DRAW_LINE X22.929 Y-30.589, DRAW_LINE X22.929 Y-34.540, DRAW_LINE X23.076 Y-35.110, DRAW_LINE X23.358 Y-35.537, DRAW_LINE X23.821 Y-35.822, DRAW_LINE X24.284 Y-35.893, DRAW_LINE X24.860 Y-35.822, DRAW_LINE X25.424 Y-35.572, DRAW_LINE X25.740 Y-35.288, TRAVEL X26.557 Y-28.388, DRAW_LINE X27.625 Y-28.388, DRAW_LINE X27.625 Y-35.787, DRAW_LINE X26.557 Y-35.787, DRAW_LINE X28.619 Y-35.787, DRAW_LINE X27.625 Y-35.787, DRAW_LINE X27.625 Y-31.944, DRAW_LINE X28.269 Y-31.266, DRAW_LINE X28.867 Y-30.736, DRAW_LINE X29.691 Y-30.488, DRAW_LINE X30.323 Y-30.488, DRAW_LINE X31.001 Y-30.702, DRAW_LINE X31.430 Y-31.018, DRAW_LINE X31.825 Y-31.594, DRAW_LINE X31.893 Y-32.305, DRAW_LINE X31.893 Y-35.822, DRAW_LINE X30.899 Y-35.822, DRAW_LINE X32.988 Y-35.822, TRAVEL X34.386 Y-33.118, DRAW_LINE X39.117 Y-33.118, DRAW_LINE X39.117 Y-32.339, DRAW_LINE X38.869 Y-31.662, DRAW_LINE X38.508 Y-31.199, DRAW_LINE X37.910 Y-30.736, DRAW_LINE X37.119 Y-30.521, DRAW_LINE X36.306 Y-30.488, DRAW_LINE X35.494 Y-30.804, DRAW_LINE X34.812 Y-31.413, DRAW_LINE X34.492 Y-32.124, DRAW_LINE X34.350 Y-32.903, DRAW_LINE X34.350 Y-33.761, DRAW_LINE X34.528 Y-34.439, DRAW_LINE X35.099 Y-35.253, DRAW_LINE X35.810 Y-35.715, DRAW_LINE X36.374 Y-35.893, DRAW_LINE X37.232 Y-35.893, DRAW_LINE X38.158 Y-35.608, DRAW_LINE X38.869 Y-35.110, TRAVEL X44.845 Y-28.388, DRAW_LINE X45.913 Y-28.388, DRAW_LINE X45.913 Y-35.787, DRAW_LINE X44.845 Y-35.787, DRAW_LINE X46.907 Y-35.787, DRAW_LINE X45.913 Y-35.787, DRAW_LINE X45.913 Y-31.944, DRAW_LINE X46.557 Y-31.266, DRAW_LINE X47.155 Y-30.736, DRAW_LINE X47.979 Y-30.488, DRAW_LINE X48.611 Y-30.488, DRAW_LINE X49.289 Y-30.702, DRAW_LINE X49.718 Y-31.018, DRAW_LINE X50.113 Y-31.594, DRAW_LINE X50.181 Y-32.305, DRAW_LINE X50.181 Y-35.822, DRAW_LINE X49.187 Y-35.822, DRAW_LINE X51.276 Y-35.822, TRAVEL X52.674 Y-33.118, DRAW_LINE X57.406 Y-33.118, DRAW_LINE X57.406 Y-32.339, DRAW_LINE X57.157 Y-31.662, DRAW_LINE X56.796 Y-31.199, DRAW_LINE X56.198 Y-30.736, DRAW_LINE X55.407 Y-30.521, DRAW_LINE X54.595 Y-30.488, DRAW_LINE X53.782 Y-30.804, DRAW_LINE X53.100 Y-31.413, DRAW_LINE X52.780 Y-32.124, DRAW_LINE X52.638 Y-32.903, DRAW_LINE X52.638 Y-33.761, DRAW_LINE X52.817 Y-34.439, DRAW_LINE X53.387 Y-35.253, DRAW_LINE X54.098 Y-35.715, DRAW_LINE X54.662 Y-35.893, DRAW_LINE X55.520 Y-35.893, DRAW_LINE X56.446 Y-35.608, DRAW_LINE X57.157 Y-35.110, TRAVEL X61.390 Y-35.822, DRAW_LINE X58.901 Y-35.822, DRAW_LINE X60.036 Y-35.822, DRAW_LINE X60.036 Y-30.589, DRAW_LINE X59.008 Y-30.589, DRAW_LINE X60.036 Y-30.589, DRAW_LINE X60.036 Y-32.226, DRAW_LINE X60.532 Y-31.662, DRAW_LINE X60.995 Y-31.199, DRAW_LINE X61.571 Y-30.849, DRAW_LINE X62.068 Y-30.589, DRAW_LINE X62.666 Y-30.521, DRAW_LINE X63.524 Y-30.521, DRAW_LINE X63.524 Y-31.910, TRAVEL X65.161 Y-35.822, DRAW_LINE X65.161 Y-33.976, DRAW_LINE X65.161 Y-34.755, DRAW_LINE X65.624 Y-35.181, DRAW_LINE X66.154 Y-35.572, DRAW_LINE X66.866 Y-35.857, DRAW_LINE X67.543 Y-35.929, DRAW_LINE X68.401 Y-35.822, DRAW_LINE X69.146 Y-35.501, DRAW_LINE X69.530 Y-35.037, DRAW_LINE X69.643 Y-34.540, DRAW_LINE X69.530 Y-33.976, DRAW_LINE X69.033 Y-33.581, DRAW_LINE X68.435 Y-33.366, DRAW_LINE X67.362 Y-33.186, DRAW_LINE X66.369 Y-33.016, DRAW_LINE X65.725 Y-32.768, DRAW_LINE X65.303 Y-32.407, DRAW_LINE X65.161 Y-31.978, DRAW_LINE X65.161 Y-31.515, DRAW_LINE X65.409 Y-31.052, DRAW_LINE X66.053 Y-30.634, DRAW_LINE X66.651 Y-30.521, DRAW_LINE X67.577 Y-30.521, DRAW_LINE X68.186 Y-30.702, DRAW_LINE X68.649 Y-30.984, DRAW_LINE X69.078 Y-31.379, DRAW_LINE X69.394 Y-31.662, DRAW_LINE X69.394 Y-32.407, DRAW_LINE X69.394 Y-30.589, TRAVEL X71.137 Y-28.388, DRAW_LINE X72.205 Y-28.388, DRAW_LINE X72.205 Y-35.787, DRAW_LINE X71.137 Y-35.787, DRAW_LINE X73.199 Y-35.787, DRAW_LINE X72.205 Y-35.787, DRAW_LINE X72.205 Y-31.944, DRAW_LINE X72.849 Y-31.266, DRAW_LINE X73.447 Y-30.736, DRAW_LINE X74.271 Y-30.488, DRAW_LINE X74.903 Y-30.488, DRAW_LINE X75.581 Y-30.702, DRAW_LINE X76.010 Y-31.018, DRAW_LINE X76.405 Y-31.594, DRAW_LINE X76.472 Y-32.305, DRAW_LINE X76.472 Y-35.822, DRAW_LINE X75.479 Y-35.822, DRAW_LINE X77.567 Y-35.822, TRAVEL X78.966 Y-33.118, DRAW_LINE X83.697 Y-33.118, DRAW_LINE X83.697 Y-32.339, DRAW_LINE X83.449 Y-31.662, DRAW_LINE X83.088 Y-31.199, DRAW_LINE X82.489 Y-30.736, DRAW_LINE X81.699 Y-30.521, DRAW_LINE X80.886 Y-30.488, DRAW_LINE X80.074 Y-30.804, DRAW_LINE X79.392 Y-31.413, DRAW_LINE X79.072 Y-32.124, DRAW_LINE X78.930 Y-32.903, DRAW_LINE X78.930 Y-33.761, DRAW_LINE X79.108 Y-34.439, DRAW_LINE X79.678 Y-35.253, DRAW_LINE X80.390 Y-35.715, DRAW_LINE X80.954 Y-35.893, DRAW_LINE X81.812 Y-35.893, DRAW_LINE X82.738 Y-35.608, DRAW_LINE X83.449 Y-35.110, TRAVEL X85.193 Y-37.498, DRAW_LINE X85.514 Y-37.780, DRAW_LINE X85.939 Y-38.096, DRAW_LINE X86.362 Y-38.096, DRAW_LINE X86.824 Y-38.096, DRAW_LINE X87.321 Y-37.814, DRAW_LINE X87.784 Y-37.244, DRAW_LINE X88.213 Y-36.248, DRAW_LINE X90.426 Y-30.634, DRAW_LINE X91.340 Y-30.634, DRAW_LINE X89.285 Y-30.634, TRAVEL X84.909 Y-30.589, DRAW_LINE X86.937 Y-30.589, DRAW_LINE X85.904 Y-30.589, DRAW_LINE X88.360 Y-35.822, TRAVEL X96.711 Y-35.787, DRAW_LINE X99.095 Y-35.787, DRAW_LINE X97.808 Y-35.787, DRAW_LINE X97.808 Y-30.589, DRAW_LINE X96.711 Y-30.589, DRAW_LINE X99.874 Y-30.589, DRAW_LINE X97.775 Y-30.589, DRAW_LINE X97.775 Y-29.957, DRAW_LINE X97.887 Y-29.313, DRAW_LINE X98.316 Y-28.670, DRAW_LINE X98.881 Y-28.354, DRAW_LINE X99.558 Y-28.286, DRAW_LINE X100.303 Y-28.535, DRAW_LINE X100.800 Y-28.964, TRAVEL X104.356 Y-35.893, DRAW_LINE X105.101 Y-35.822, DRAW_LINE X105.925 Y-35.395, DRAW_LINE X106.523 Y-34.721, DRAW_LINE X106.817 Y-33.863, DRAW_LINE X106.884 Y-32.937, DRAW_LINE X106.737 Y-32.158, DRAW_LINE X106.320 Y-31.413, DRAW_LINE X105.744 Y-30.917, DRAW_LINE X104.965 Y-30.555, DRAW_LINE X104.356 Y-30.488, DRAW_LINE X103.396 Y-30.589, DRAW_LINE X102.515 Y-31.233, DRAW_LINE X101.977 Y-32.012, DRAW_LINE X101.799 Y-33.016, DRAW_LINE X101.835 Y-33.976, DRAW_LINE X102.226 Y-34.822, DRAW_LINE X102.865 Y-35.501, DRAW_LINE X103.723 Y-35.857, DRAW_LINE X104.356 Y-35.893, TRAVEL X108.488 Y-35.822, DRAW_LINE X110.519 Y-35.822, DRAW_LINE X109.594 Y-35.822, DRAW_LINE X109.594 Y-30.589, DRAW_LINE X108.488 Y-30.589, DRAW_LINE X109.560 Y-30.589, DRAW_LINE X109.560 Y-32.057, DRAW_LINE X110.158 Y-31.266, DRAW_LINE X110.689 Y-30.849, DRAW_LINE X111.332 Y-30.521, DRAW_LINE X111.942 Y-30.488, DRAW_LINE X112.619 Y-30.589, DRAW_LINE X113.251 Y-30.883, DRAW_LINE X113.680 Y-31.413, DRAW_LINE X113.827 Y-31.876, DRAW_LINE X113.827 Y-32.441, DRAW_LINE X113.827 Y-35.750, DRAW_LINE X112.822 Y-35.750, DRAW_LINE X115.001 Y-35.750, TRAVEL X116.943 Y-28.388, DRAW_LINE X116.943 Y-30.589, DRAW_LINE X115.881 Y-30.589, DRAW_LINE X119.122 Y-30.589, DRAW_LINE X116.943 Y-30.589, DRAW_LINE X116.943 Y-34.540, DRAW_LINE X117.090 Y-35.110, DRAW_LINE X117.372 Y-35.537, DRAW_LINE X117.835 Y-35.822, DRAW_LINE X118.298 Y-35.893, DRAW_LINE X118.874 Y-35.822, DRAW_LINE X119.438 Y-35.572, DRAW_LINE X119.754 Y-35.288, TRAVEL X122.181 Y-28.388, DRAW_LINE X122.181 Y-33.897, TRAVEL X122.226 Y-35.110, DRAW_LINE X121.933 Y-35.288, DRAW_LINE X121.797 Y-35.644, DRAW_LINE X121.967 Y-35.857, DRAW_LINE X122.181 Y-35.929, DRAW_LINE X122.429 Y-35.893, DRAW_LINE X122.610 Y-35.644, DRAW_LINE X122.610 Y-35.324, DRAW_LINE X122.475 Y-35.181, DRAW_LINE X122.226 Y-35.110, TRAVEL X125.455 Y-28.388, DRAW_LINE X125.455 Y-33.897, TRAVEL X125.500 Y-35.110, DRAW_LINE X125.207 Y-35.288, DRAW_LINE X125.071 Y-35.644, DRAW_LINE X125.241 Y-35.857, DRAW_LINE X125.455 Y-35.929, DRAW_LINE X125.703 Y-35.893, DRAW_LINE X125.884 Y-35.644, DRAW_LINE X125.884 Y-35.324, DRAW_LINE X125.749 Y-35.181, DRAW_LINE X125.500 Y-35.110, TRAVEL X128.729 Y-28.388, DRAW_LINE X128.729 Y-33.897, TRAVEL X128.774 Y-35.110, DRAW_LINE X128.481 Y-35.288, DRAW_LINE X128.345 Y-35.644, DRAW_LINE X128.515 Y-35.857, DRAW_LINE X128.729 Y-35.929, DRAW_LINE X128.977 Y-35.893, DRAW_LINE X129.158 Y-35.644, DRAW_LINE X129.158 Y-35.324, DRAW_LINE X129.023 Y-35.181, DRAW_LINE X128.774 Y-35.110]