[TOOL R230 G34 B39 A255 D1.000, TRAVEL X0.999 Y-0.359, DRAW_LINE X0.001 Y-0.641]