[TOOL R0 G0 B0 D1.000, TRAVEL X231.717 Y-24.666, DRAW_LINE X231.717 Y-24.666, DRAW_LINE X232.201 Y-25.106, DRAW_LINE X232.923 Y-25.990, DRAW_LINE X233.343 Y-26.874, DRAW_LINE X233.488 Y-27.746, DRAW_LINE X233.388 Y-28.599, DRAW_LINE X233.072 Y-29.422, DRAW_LINE X232.568 Y-30.207, DRAW_LINE X231.906 Y-30.945, DRAW_LINE X231.113 Y-31.626, DRAW_LINE X230.219 Y-32.241, DRAW_LINE X229.253 Y-32.781, DRAW_LINE X228.244 Y-33.237, DRAW_LINE X227.220 Y-33.599, DRAW_LINE X226.210 Y-33.860, DRAW_LINE X225.243 Y-34.008, DRAW_LINE X224.349 Y-34.035, DRAW_LINE X223.937 Y-34.001, DRAW_LINE X223.937 Y-34.001, DRAW_LINE X223.405 Y-33.922, DRAW_LINE X222.376 Y-33.711, DRAW_LINE X221.396 Y-33.429, DRAW_LINE X220.464 Y-33.081, DRAW_LINE X219.157 Y-32.440, DRAW_LINE X217.580 Y-31.383, DRAW_LINE X216.192 Y-30.118, DRAW_LINE X214.990 Y-28.671, DRAW_LINE X213.972 Y-27.069, DRAW_LINE X213.136 Y-25.338, DRAW_LINE X212.479 Y-23.503, DRAW_LINE X211.999 Y-21.592, DRAW_LINE X211.694 Y-19.630, DRAW_LINE X211.562 Y-17.643, DRAW_LINE X211.600 Y-15.659, DRAW_LINE X211.807 Y-13.703, DRAW_LINE X212.180 Y-11.800, DRAW_LINE X212.717 Y-9.979, DRAW_LINE X213.046 Y-9.107, DRAW_LINE X213.046 Y-9.107, DRAW_LINE X213.369 Y-8.348, DRAW_LINE X214.074 Y-6.888, DRAW_LINE X214.857 Y-5.501, DRAW_LINE X215.714 Y-4.187, DRAW_LINE X216.640 Y-2.946, DRAW_LINE X217.633 Y-1.779, DRAW_LINE X218.688 Y-0.684, DRAW_LINE X219.802 Y0.338, DRAW_LINE X220.970 Y1.288, DRAW_LINE X222.190 Y2.165, DRAW_LINE X223.457 Y2.971, DRAW_LINE X224.768 Y3.706, DRAW_LINE X226.118 Y4.368, DRAW_LINE X227.505 Y4.960, DRAW_LINE X228.924 Y5.481, DRAW_LINE X230.372 Y5.931, DRAW_LINE X232.589 Y6.473, DRAW_LINE X235.610 Y6.951, DRAW_LINE X238.678 Y7.151, DRAW_LINE X241.764 Y7.073, DRAW_LINE X244.836 Y6.719, DRAW_LINE X247.866 Y6.093, DRAW_LINE X250.822 Y5.194, DRAW_LINE X253.676 Y4.026, DRAW_LINE X255.055 Y3.341, DRAW_LINE X255.055 Y3.341, DRAW_LINE X256.042 Y2.801, DRAW_LINE X257.940 Y1.650, DRAW_LINE X259.740 Y0.408, DRAW_LINE X261.442 Y-0.923, DRAW_LINE X263.045 Y-2.336, DRAW_LINE X264.550 Y-3.827, DRAW_LINE X265.957 Y-5.392, DRAW_LINE X267.266 Y-7.026, DRAW_LINE X268.477 Y-8.724, DRAW_LINE X269.590 Y-10.481, DRAW_LINE X270.605 Y-12.294, DRAW_LINE X271.523 Y-14.157, DRAW_LINE X272.344 Y-16.065, DRAW_LINE X273.067 Y-18.015, DRAW_LINE X273.694 Y-20.001, DRAW_LINE X274.223 Y-22.019, DRAW_LINE X274.655 Y-24.064, DRAW_LINE X274.991 Y-26.132, DRAW_LINE X275.230 Y-28.218, DRAW_LINE X275.372 Y-30.317, DRAW_LINE X275.418 Y-32.424, DRAW_LINE X275.368 Y-34.536, DRAW_LINE X275.221 Y-36.647, DRAW_LINE X274.979 Y-38.753, DRAW_LINE X274.640 Y-40.848, DRAW_LINE X274.206 Y-42.930, DRAW_LINE X273.676 Y-44.992, DRAW_LINE X273.051 Y-47.030, DRAW_LINE X272.330 Y-49.040, DRAW_LINE X271.514 Y-51.017, DRAW_LINE X270.603 Y-52.956, DRAW_LINE X269.597 Y-54.852, DRAW_LINE X269.058 Y-55.783, DRAW_LINE X269.058 Y-55.783, DRAW_LINE X268.310 Y-57.001, DRAW_LINE X266.728 Y-59.342, DRAW_LINE X265.037 Y-61.560, DRAW_LINE X263.243 Y-63.654, DRAW_LINE X261.351 Y-65.624, DRAW_LINE X259.367 Y-67.470, DRAW_LINE X257.297 Y-69.193, DRAW_LINE X255.146 Y-70.791, DRAW_LINE X252.920 Y-72.266, DRAW_LINE X250.625 Y-73.617, DRAW_LINE X248.266 Y-74.844, DRAW_LINE X245.848 Y-75.948, DRAW_LINE X243.379 Y-76.928, DRAW_LINE X240.862 Y-77.784, DRAW_LINE X238.305 Y-78.517, DRAW_LINE X235.711 Y-79.126, DRAW_LINE X233.088 Y-79.611, DRAW_LINE X230.441 Y-79.973, DRAW_LINE X227.775 Y-80.211, DRAW_LINE X225.096 Y-80.325, DRAW_LINE X222.410 Y-80.316, DRAW_LINE X219.722 Y-80.184, DRAW_LINE X217.038 Y-79.928, DRAW_LINE X214.364 Y-79.549, DRAW_LINE X211.705 Y-79.046, DRAW_LINE X209.067 Y-78.420, DRAW_LINE X206.455 Y-77.670, DRAW_LINE X203.876 Y-76.797, DRAW_LINE X201.335 Y-75.801, DRAW_LINE X198.837 Y-74.681, DRAW_LINE X196.388 Y-73.438, DRAW_LINE X193.994 Y-72.072, DRAW_LINE X192.819 Y-71.342, DRAW_LINE X192.819 Y-71.342, DRAW_LINE X191.370 Y-70.388, DRAW_LINE X188.582 Y-68.381, DRAW_LINE X185.944 Y-66.246, DRAW_LINE X183.456 Y-63.992, DRAW_LINE X181.116 Y-61.625, DRAW_LINE X178.927 Y-59.151, DRAW_LINE X176.887 Y-56.577, DRAW_LINE X174.997 Y-53.910, DRAW_LINE X173.257 Y-51.156, DRAW_LINE X171.667 Y-48.323, DRAW_LINE X170.227 Y-45.417, DRAW_LINE X168.937 Y-42.445, DRAW_LINE X167.797 Y-39.413, DRAW_LINE X166.807 Y-36.328, DRAW_LINE X165.968 Y-33.197, DRAW_LINE X165.279 Y-30.026, DRAW_LINE X164.741 Y-26.823, DRAW_LINE X164.353 Y-23.594, DRAW_LINE X164.116 Y-20.345, DRAW_LINE X164.030 Y-17.084, DRAW_LINE X164.094 Y-13.816, DRAW_LINE X164.310 Y-10.550, DRAW_LINE X164.676 Y-7.291, DRAW_LINE X165.194 Y-4.047, DRAW_LINE X165.863 Y-0.823, DRAW_LINE X166.683 Y2.373, DRAW_LINE X167.654 Y5.535, DRAW_LINE X168.777 Y8.656, DRAW_LINE X170.051 Y11.729, DRAW_LINE X171.477 Y14.747, DRAW_LINE X173.054 Y17.705, DRAW_LINE X174.783 Y20.594, DRAW_LINE X175.705 Y22.011, DRAW_LINE X175.705 Y22.011, DRAW_LINE X176.863 Y23.694, DRAW_LINE X179.293 Y26.929, DRAW_LINE X181.869 Y29.989, DRAW_LINE X184.581 Y32.873, DRAW_LINE X187.423 Y35.583, DRAW_LINE X190.386 Y38.117, DRAW_LINE X193.463 Y40.475, DRAW_LINE X196.645 Y42.657, DRAW_LINE X199.926 Y44.664, DRAW_LINE X203.297 Y46.494, DRAW_LINE X206.750 Y48.147, DRAW_LINE X210.278 Y49.624, DRAW_LINE X213.873 Y50.925, DRAW_LINE X217.528 Y52.048, DRAW_LINE X221.233 Y52.994, DRAW_LINE X224.982 Y53.763, DRAW_LINE X228.766 Y54.354, DRAW_LINE X232.579 Y54.768, DRAW_LINE X236.411 Y55.004, DRAW_LINE X240.256 Y55.061, DRAW_LINE X244.105 Y54.941, DRAW_LINE X247.951 Y54.642, DRAW_LINE X251.786 Y54.164, DRAW_LINE X255.602 Y53.507, DRAW_LINE X259.392 Y52.672, DRAW_LINE X263.146 Y51.657, DRAW_LINE X266.859 Y50.463, DRAW_LINE X270.521 Y49.090, DRAW_LINE X274.126 Y47.536, DRAW_LINE X277.665 Y45.803, DRAW_LINE X281.130 Y43.890, DRAW_LINE X284.514 Y41.796, DRAW_LINE X286.173 Y40.682, DRAW_LINE X286.173 Y40.682, DRAW_LINE X288.090 Y39.320, DRAW_LINE X291.773 Y36.469, DRAW_LINE X295.255 Y33.454, DRAW_LINE X298.537 Y30.284, DRAW_LINE X301.617 Y26.969, DRAW_LINE X304.496 Y23.518, DRAW_LINE X307.174 Y19.938, DRAW_LINE X309.649 Y16.240, DRAW_LINE X311.922 Y12.433, DRAW_LINE X313.992 Y8.524, DRAW_LINE X315.860 Y4.523, DRAW_LINE X317.524 Y0.438, DRAW_LINE X318.985 Y-3.720, DRAW_LINE X320.242 Y-7.944, DRAW_LINE X321.296 Y-12.224, DRAW_LINE X322.145 Y-16.552, DRAW_LINE X322.789 Y-20.918, DRAW_LINE X323.228 Y-25.315, DRAW_LINE X323.463 Y-29.732, DRAW_LINE X323.491 Y-34.161, DRAW_LINE X323.314 Y-38.593, DRAW_LINE X322.931 Y-43.019, DRAW_LINE X322.342 Y-47.431, DRAW_LINE X321.546 Y-51.819, DRAW_LINE X320.544 Y-56.174, DRAW_LINE X319.334 Y-60.488, DRAW_LINE X317.916 Y-64.751, DRAW_LINE X316.291 Y-68.955, DRAW_LINE X314.458 Y-73.091, DRAW_LINE X312.417 Y-77.150, DRAW_LINE X310.167 Y-81.123, DRAW_LINE X307.708 Y-85.001, DRAW_LINE X306.400 Y-86.901, DRAW_LINE X306.400 Y-86.901, DRAW_LINE X304.835 Y-89.052, DRAW_LINE X301.563 Y-93.184, DRAW_LINE X298.109 Y-97.090, DRAW_LINE X294.483 Y-100.769, DRAW_LINE X290.696 Y-104.221, DRAW_LINE X286.756 Y-107.445, DRAW_LINE X282.675 Y-110.442, DRAW_LINE X278.461 Y-113.211, DRAW_LINE X274.126 Y-115.751, DRAW_LINE X269.679 Y-118.062, DRAW_LINE X265.131 Y-120.144, DRAW_LINE X260.490 Y-121.996, DRAW_LINE X255.768 Y-123.617, DRAW_LINE X250.974 Y-125.009, DRAW_LINE X246.119 Y-126.169, DRAW_LINE X241.212 Y-127.098, DRAW_LINE X236.263 Y-127.795, DRAW_LINE X231.282 Y-128.261, DRAW_LINE X226.280 Y-128.493, DRAW_LINE X221.266 Y-128.493, DRAW_LINE X216.251 Y-128.260, DRAW_LINE X211.244 Y-127.793, DRAW_LINE X206.256 Y-127.092, DRAW_LINE X201.296 Y-126.156, DRAW_LINE X196.374 Y-124.986, DRAW_LINE X191.501 Y-123.580, DRAW_LINE X186.687 Y-121.939, DRAW_LINE X181.941 Y-120.062, DRAW_LINE X177.274 Y-117.948, DRAW_LINE X172.695 Y-115.598, DRAW_LINE X168.215 Y-113.011, DRAW_LINE X163.843 Y-110.186, DRAW_LINE X161.702 Y-108.684, DRAW_LINE X161.702 Y-108.684, DRAW_LINE X160.501 Y-107.807, DRAW_LINE X158.148 Y-106.013, DRAW_LINE X155.857 Y-104.167, DRAW_LINE X153.629 Y-102.270, DRAW_LINE X151.464 Y-100.324, DRAW_LINE X149.363 Y-98.330, DRAW_LINE X147.324 Y-96.289, DRAW_LINE X145.349 Y-94.202, DRAW_LINE X143.437 Y-92.072, DRAW_LINE X141.588 Y-89.899, DRAW_LINE X138.934 Y-86.563, DRAW_LINE X135.618 Y-81.980, DRAW_LINE X132.555 Y-77.251, DRAW_LINE X129.748 Y-72.389, DRAW_LINE X127.196 Y-67.404, DRAW_LINE X124.900 Y-62.308, DRAW_LINE X122.860 Y-57.111, DRAW_LINE X121.078 Y-51.825, DRAW_LINE X119.552 Y-46.461, DRAW_LINE X118.285 Y-41.030, DRAW_LINE X117.275 Y-35.543, DRAW_LINE X116.525 Y-30.012, DRAW_LINE X116.034 Y-24.447, DRAW_LINE X115.803 Y-18.859, DRAW_LINE X115.832 Y-13.260, DRAW_LINE X116.122 Y-7.662, DRAW_LINE X116.673 Y-2.074, DRAW_LINE X117.487 Y3.492, DRAW_LINE X118.562 Y9.024, DRAW_LINE X119.900 Y14.512, DRAW_LINE X121.502 Y19.944, DRAW_LINE X123.367 Y25.310, DRAW_LINE X125.497 Y30.597, DRAW_LINE X127.891 Y35.796, DRAW_LINE X130.550 Y40.894, DRAW_LINE X133.476 Y45.882, DRAW_LINE X136.667 Y50.746, DRAW_LINE X138.363 Y53.129, DRAW_LINE X138.363 Y53.129, DRAW_LINE X139.340 Y54.448, DRAW_LINE X141.339 Y57.032, DRAW_LINE X143.395 Y59.548, DRAW_LINE X145.506 Y61.994, DRAW_LINE X147.671 Y64.371, DRAW_LINE X149.889 Y66.678, DRAW_LINE X152.158 Y68.915, DRAW_LINE X154.476 Y71.083, DRAW_LINE X156.843 Y73.181, DRAW_LINE X159.256 Y75.210, DRAW_LINE X161.713 Y77.168, DRAW_LINE X164.214 Y79.057, DRAW_LINE X166.757 Y80.875, DRAW_LINE X169.340 Y82.623, DRAW_LINE X171.962 Y84.301, DRAW_LINE X174.622 Y85.909, DRAW_LINE X177.316 Y87.446, DRAW_LINE X180.046 Y88.913, DRAW_LINE X182.807 Y90.310, DRAW_LINE X185.600 Y91.636, DRAW_LINE X188.422 Y92.891, DRAW_LINE X191.273 Y94.076, DRAW_LINE X195.597 Y95.720, DRAW_LINE X201.447 Y97.663, DRAW_LINE X207.382 Y99.323, DRAW_LINE X213.389 Y100.698, DRAW_LINE X219.455 Y101.787, DRAW_LINE X225.570 Y102.591, DRAW_LINE X231.719 Y103.107, DRAW_LINE X237.892 Y103.337, DRAW_LINE X244.076 Y103.279, DRAW_LINE X250.259 Y102.932, DRAW_LINE X256.428 Y102.296, DRAW_LINE X262.571 Y101.371, DRAW_LINE X268.675 Y100.156, DRAW_LINE X274.730 Y98.649, DRAW_LINE X279.230 Y97.328, DRAW_LINE X282.208 Y96.357, DRAW_LINE X285.167 Y95.312, DRAW_LINE X288.104 Y94.194, DRAW_LINE X291.019 Y93.003, DRAW_LINE X293.910 Y91.739, DRAW_LINE X296.775 Y90.401, DRAW_LINE X299.613 Y88.990, DRAW_LINE X302.422 Y87.505, DRAW_LINE X305.201 Y85.947, DRAW_LINE X307.948 Y84.315, DRAW_LINE X310.662 Y82.610, DRAW_LINE X313.341 Y80.831, DRAW_LINE X315.984 Y78.978, DRAW_LINE X317.291 Y78.024, DRAW_LINE X317.291 Y78.024, DRAW_LINE X318.727 Y76.946, DRAW_LINE X321.544 Y74.743, DRAW_LINE X324.284 Y72.478, DRAW_LINE X326.949 Y70.152, DRAW_LINE X329.538 Y67.768, DRAW_LINE X332.050 Y65.327, DRAW_LINE X334.487 Y62.830, DRAW_LINE X336.848 Y60.280, DRAW_LINE X339.132 Y57.677, DRAW_LINE X341.340 Y55.024, DRAW_LINE X343.471 Y52.323, DRAW_LINE X345.527 Y49.574, DRAW_LINE X347.505 Y46.780, DRAW_LINE X349.407 Y43.943, DRAW_LINE X351.232 Y41.063, DRAW_LINE X352.980 Y38.144, DRAW_LINE X354.651 Y35.185, DRAW_LINE X356.245 Y32.190, DRAW_LINE X357.762 Y29.159, DRAW_LINE X359.202 Y26.095, DRAW_LINE X360.565 Y22.998, DRAW_LINE X361.850 Y19.872, DRAW_LINE X363.058 Y16.717, DRAW_LINE X364.188 Y13.535, DRAW_LINE X365.240 Y10.328, DRAW_LINE X366.215 Y7.097, DRAW_LINE X367.112 Y3.844, DRAW_LINE X367.931 Y0.571, DRAW_LINE X368.672 Y-2.721, DRAW_LINE X369.335 Y-6.029, DRAW_LINE X369.920 Y-9.352, DRAW_LINE X370.427 Y-12.689, DRAW_LINE X370.855 Y-16.038, DRAW_LINE X371.205 Y-19.397, DRAW_LINE X371.476 Y-22.765, DRAW_LINE X371.668 Y-26.139, DRAW_LINE X371.782 Y-29.519, DRAW_LINE X371.818 Y-32.902, DRAW_LINE X371.774 Y-36.287, DRAW_LINE X371.651 Y-39.672, DRAW_LINE X371.450 Y-43.055, DRAW_LINE X371.169 Y-46.435, DRAW_LINE X370.809 Y-49.811, DRAW_LINE X370.369 Y-53.179, DRAW_LINE X369.851 Y-56.540, DRAW_LINE X369.252 Y-59.890, DRAW_LINE X368.575 Y-63.229, DRAW_LINE X367.817 Y-66.555, DRAW_LINE X366.980 Y-69.865, DRAW_LINE X366.063 Y-73.159, DRAW_LINE X365.066 Y-76.435, DRAW_LINE X363.989 Y-79.691, DRAW_LINE X362.832 Y-82.925, DRAW_LINE X361.595 Y-86.136, DRAW_LINE X360.277 Y-89.321, DRAW_LINE X358.879 Y-92.481, DRAW_LINE X357.401 Y-95.611, DRAW_LINE X355.842 Y-98.712, DRAW_LINE X354.203 Y-101.781, DRAW_LINE X352.483 Y-104.817, DRAW_LINE X350.682 Y-107.817, DRAW_LINE X348.800 Y-110.781, DRAW_LINE X346.837 Y-113.707, DRAW_LINE X344.793 Y-116.592, DRAW_LINE X343.741 Y-118.019, TRAVEL X-156.084 Y-243.157, DRAW_LINE X94.913 Y-183.114, DRAW_LINE X94.913 Y-438.722, DRAW_LINE X-156.084 Y-329.358, DRAW_LINE X-156.084 Y-243.157, TRAVEL X-195.788 Y-241.335, DRAW_LINE X-195.788 Y-332.676, DRAW_LINE X-156.084 Y-329.358, DRAW_LINE X-156.084 Y-243.157, DRAW_LINE X-195.788 Y-241.335, TRAVEL X-195.788 Y-332.676, DRAW_LINE X11.817 Y-471.764, DRAW_LINE X94.913 Y-438.722, DRAW_LINE X-156.084 Y-329.358, DRAW_LINE X-195.788 Y-332.676, TRAVEL X-195.788 Y-241.335, DRAW_LINE X11.817 Y-164.973, DRAW_LINE X94.913 Y-183.114, DRAW_LINE X-156.084 Y-243.157, DRAW_LINE X-195.788 Y-241.335, TRAVEL X11.817 Y-164.973, DRAW_LINE X11.817 Y-471.764, DRAW_LINE X94.913 Y-438.722, DRAW_LINE X94.913 Y-183.114, DRAW_LINE X11.817 Y-164.973, TRAVEL X-195.788 Y-241.335, DRAW_LINE X11.817 Y-164.973, DRAW_LINE X11.817 Y-471.764, DRAW_LINE X-195.788 Y-332.676, DRAW_LINE X-195.788 Y-241.335, TRAVEL X-195.788 Y99.786, DRAW_LINE X94.660 Y99.786, DRAW_LINE X94.660 Y-158.390, DRAW_LINE X-195.788 Y-158.390, DRAW_LINE X-195.788 Y99.786, TRAVEL X-170.313 Y77.506, DRAW_LINE X69.185 Y77.506, DRAW_LINE X69.185 Y-136.110, DRAW_LINE X-170.313 Y-136.110, DRAW_LINE X-170.313 Y77.506, TRAVEL X-141.644 Y57.358, DRAW_LINE X40.516 Y57.358, DRAW_LINE X40.516 Y-115.962, DRAW_LINE X-141.644 Y-115.962, DRAW_LINE X-141.644 Y57.358, TRAVEL X314.698 Y-310.950, DRAW_LINE X314.596 Y-314.713, DRAW_LINE X314.290 Y-318.464, DRAW_LINE X313.782 Y-322.193, DRAW_LINE X313.073 Y-325.890, DRAW_LINE X312.165 Y-329.542, DRAW_LINE X311.060 Y-333.140, DRAW_LINE X309.762 Y-336.673, DRAW_LINE X308.275 Y-340.131, DRAW_LINE X306.602 Y-343.503, DRAW_LINE X304.750 Y-346.779, DRAW_LINE X302.723 Y-349.951, DRAW_LINE X300.527 Y-353.008, DRAW_LINE X298.169 Y-355.941, DRAW_LINE X295.655 Y-358.743, DRAW_LINE X292.994 Y-361.404, DRAW_LINE X290.192 Y-363.918, DRAW_LINE X287.259 Y-366.276, DRAW_LINE X284.202 Y-368.472, DRAW_LINE X281.030 Y-370.499, DRAW_LINE X277.754 Y-372.351, DRAW_LINE X274.382 Y-374.023, DRAW_LINE X270.924 Y-375.511, DRAW_LINE X267.392 Y-376.809, DRAW_LINE X263.793 Y-377.913, DRAW_LINE X260.141 Y-378.822, DRAW_LINE X256.444 Y-379.531, DRAW_LINE X252.715 Y-380.039, DRAW_LINE X248.964 Y-380.345, DRAW_LINE X245.201 Y-380.447, DRAW_LINE X241.439 Y-380.345, DRAW_LINE X237.687 Y-380.039, DRAW_LINE X233.958 Y-379.531, DRAW_LINE X230.261 Y-378.822, DRAW_LINE X226.609 Y-377.913, DRAW_LINE X223.011 Y-376.809, DRAW_LINE X219.478 Y-375.511, DRAW_LINE X216.020 Y-374.023, DRAW_LINE X212.648 Y-372.351, DRAW_LINE X209.372 Y-370.499, DRAW_LINE X206.201 Y-368.472, DRAW_LINE X203.144 Y-366.276, DRAW_LINE X200.210 Y-363.918, DRAW_LINE X197.408 Y-361.404, DRAW_LINE X194.747 Y-358.743, DRAW_LINE X192.233 Y-355.941, DRAW_LINE X189.875 Y-353.008, DRAW_LINE X187.680 Y-349.951, DRAW_LINE X185.652 Y-346.779, DRAW_LINE X183.800 Y-343.503, DRAW_LINE X182.128 Y-340.131, DRAW_LINE X180.640 Y-336.673, DRAW_LINE X179.342 Y-333.140, DRAW_LINE X178.238 Y-329.542, DRAW_LINE X177.329 Y-325.890, DRAW_LINE X176.620 Y-322.193, DRAW_LINE X176.112 Y-318.464, DRAW_LINE X175.806 Y-314.713, DRAW_LINE X175.705 Y-310.950, DRAW_LINE X175.806 Y-307.188, DRAW_LINE X176.112 Y-303.436, DRAW_LINE X176.620 Y-299.707, DRAW_LINE X177.329 Y-296.010, DRAW_LINE X178.238 Y-292.358, DRAW_LINE X179.342 Y-288.760, DRAW_LINE X180.640 Y-285.227, DRAW_LINE X182.128 Y-281.769, DRAW_LINE X183.800 Y-278.397, DRAW_LINE X185.652 Y-275.121, DRAW_LINE X187.680 Y-271.949, DRAW_LINE X189.875 Y-268.892, DRAW_LINE X192.233 Y-265.959, DRAW_LINE X194.747 Y-263.157, DRAW_LINE X197.408 Y-260.496, DRAW_LINE X200.210 Y-257.982, DRAW_LINE X203.144 Y-255.624, DRAW_LINE X206.201 Y-253.428, DRAW_LINE X209.372 Y-251.401, DRAW_LINE X212.648 Y-249.549, DRAW_LINE X216.020 Y-247.877, DRAW_LINE X219.478 Y-246.389, DRAW_LINE X223.011 Y-245.091, DRAW_LINE X226.609 Y-243.987, DRAW_LINE X230.261 Y-243.078, DRAW_LINE X233.958 Y-242.369, DRAW_LINE X237.687 Y-241.861, DRAW_LINE X241.439 Y-241.555, DRAW_LINE X245.201 Y-241.453, DRAW_LINE X248.964 Y-241.555, DRAW_LINE X252.715 Y-241.861, DRAW_LINE X256.444 Y-242.369, DRAW_LINE X260.141 Y-243.078, DRAW_LINE X263.793 Y-243.987, DRAW_LINE X267.392 Y-245.091, DRAW_LINE X270.924 Y-246.389, DRAW_LINE X274.382 Y-247.877, DRAW_LINE X277.754 Y-249.549, DRAW_LINE X281.030 Y-251.401, DRAW_LINE X284.202 Y-253.428, DRAW_LINE X287.259 Y-255.624, DRAW_LINE X290.192 Y-257.982, DRAW_LINE X292.994 Y-260.496, DRAW_LINE X295.655 Y-263.157, DRAW_LINE X298.169 Y-265.959, DRAW_LINE X300.527 Y-268.892, DRAW_LINE X302.723 Y-271.949, DRAW_LINE X304.750 Y-275.121, DRAW_LINE X306.602 Y-278.397, DRAW_LINE X308.275 Y-281.769, DRAW_LINE X309.762 Y-285.227, DRAW_LINE X311.060 Y-288.760, DRAW_LINE X312.165 Y-292.358, DRAW_LINE X313.073 Y-296.010, DRAW_LINE X313.782 Y-299.707, DRAW_LINE X314.290 Y-303.436, DRAW_LINE X314.596 Y-307.188, DRAW_LINE X314.698 Y-310.950, TRAVEL X302.537 Y-310.950, DRAW_LINE X302.414 Y-314.700, DRAW_LINE X302.046 Y-318.434, DRAW_LINE X301.435 Y-322.136, DRAW_LINE X300.583 Y-325.790, DRAW_LINE X299.494 Y-329.380, DRAW_LINE X298.172 Y-332.891, DRAW_LINE X296.624 Y-336.309, DRAW_LINE X294.855 Y-339.618, DRAW_LINE X292.874 Y-342.804, DRAW_LINE X290.688 Y-345.854, DRAW_LINE X288.308 Y-348.754, DRAW_LINE X285.743 Y-351.492, DRAW_LINE X283.005 Y-354.057, DRAW_LINE X280.105 Y-356.437, DRAW_LINE X277.055 Y-358.623, DRAW_LINE X273.869 Y-360.604, DRAW_LINE X270.560 Y-362.373, DRAW_LINE X267.142 Y-363.921, DRAW_LINE X263.631 Y-365.243, DRAW_LINE X260.041 Y-366.332, DRAW_LINE X256.387 Y-367.184, DRAW_LINE X252.685 Y-367.795, DRAW_LINE X248.951 Y-368.163, DRAW_LINE X245.201 Y-368.285, DRAW_LINE X241.451 Y-368.163, DRAW_LINE X237.717 Y-367.795, DRAW_LINE X234.016 Y-367.184, DRAW_LINE X230.362 Y-366.332, DRAW_LINE X226.771 Y-365.243, DRAW_LINE X223.260 Y-363.921, DRAW_LINE X219.842 Y-362.373, DRAW_LINE X216.533 Y-360.604, DRAW_LINE X213.347 Y-358.623, DRAW_LINE X210.298 Y-356.437, DRAW_LINE X207.397 Y-354.057, DRAW_LINE X204.659 Y-351.492, DRAW_LINE X202.094 Y-348.754, DRAW_LINE X199.714 Y-345.854, DRAW_LINE X197.528 Y-342.804, DRAW_LINE X195.547 Y-339.618, DRAW_LINE X193.779 Y-336.309, DRAW_LINE X192.230 Y-332.891, DRAW_LINE X190.908 Y-329.380, DRAW_LINE X189.819 Y-325.790, DRAW_LINE X188.967 Y-322.136, DRAW_LINE X188.356 Y-318.434, DRAW_LINE X187.988 Y-314.700, DRAW_LINE X187.866 Y-310.950, DRAW_LINE X187.988 Y-307.200, DRAW_LINE X188.356 Y-303.466, DRAW_LINE X188.967 Y-299.764, DRAW_LINE X189.819 Y-296.111, DRAW_LINE X190.908 Y-292.520, DRAW_LINE X192.230 Y-289.009, DRAW_LINE X193.779 Y-285.591, DRAW_LINE X195.547 Y-282.282, DRAW_LINE X197.528 Y-279.096, DRAW_LINE X199.714 Y-276.046, DRAW_LINE X202.094 Y-273.146, DRAW_LINE X204.659 Y-270.408, DRAW_LINE X207.397 Y-267.843, DRAW_LINE X210.298 Y-265.463, DRAW_LINE X213.347 Y-263.277, DRAW_LINE X216.533 Y-261.296, DRAW_LINE X219.842 Y-259.527, DRAW_LINE X223.260 Y-257.979, DRAW_LINE X226.771 Y-256.657, DRAW_LINE X230.362 Y-255.568, DRAW_LINE X234.016 Y-254.716, DRAW_LINE X237.717 Y-254.105, DRAW_LINE X241.451 Y-253.737, DRAW_LINE X245.201 Y-253.615, DRAW_LINE X248.951 Y-253.737, DRAW_LINE X252.685 Y-254.105, DRAW_LINE X256.387 Y-254.716, DRAW_LINE X260.041 Y-255.568, DRAW_LINE X263.631 Y-256.657, DRAW_LINE X267.142 Y-257.979, DRAW_LINE X270.560 Y-259.527, DRAW_LINE X273.869 Y-261.296, DRAW_LINE X277.055 Y-263.277, DRAW_LINE X280.105 Y-265.463, DRAW_LINE X283.005 Y-267.843, DRAW_LINE X285.743 Y-270.408, DRAW_LINE X288.308 Y-273.146, DRAW_LINE X290.688 Y-276.046, DRAW_LINE X292.874 Y-279.096, DRAW_LINE X294.855 Y-282.282, DRAW_LINE X296.624 Y-285.591, DRAW_LINE X298.172 Y-289.009, DRAW_LINE X299.494 Y-292.520, DRAW_LINE X300.583 Y-296.111, DRAW_LINE X301.435 Y-299.764, DRAW_LINE X302.046 Y-303.466, DRAW_LINE X302.414 Y-307.200, DRAW_LINE X302.537 Y-310.950, TRAVEL X288.789 Y-310.950, DRAW_LINE X288.628 Y-314.697, DRAW_LINE X288.145 Y-318.416, DRAW_LINE X287.344 Y-322.080, DRAW_LINE X286.231 Y-325.662, DRAW_LINE X284.815 Y-329.135, DRAW_LINE X283.105 Y-332.473, DRAW_LINE X281.114 Y-335.651, DRAW_LINE X278.858 Y-338.647, DRAW_LINE X276.352 Y-341.438, DRAW_LINE X273.616 Y-344.003, DRAW_LINE X270.670 Y-346.323, DRAW_LINE X267.534 Y-348.382, DRAW_LINE X264.234 Y-350.163, DRAW_LINE X260.793 Y-351.654, DRAW_LINE X257.236 Y-352.844, DRAW_LINE X253.590 Y-353.723, DRAW_LINE X249.882 Y-354.286, DRAW_LINE X246.139 Y-354.528, DRAW_LINE X242.389 Y-354.447, DRAW_LINE X238.661 Y-354.045, DRAW_LINE X234.980 Y-353.323, DRAW_LINE X231.375 Y-352.287, DRAW_LINE X227.873 Y-350.946, DRAW_LINE X224.499 Y-349.308, DRAW_LINE X221.278 Y-347.386, DRAW_LINE X218.234 Y-345.195, DRAW_LINE X215.390 Y-342.750, DRAW_LINE X212.767 Y-340.070, DRAW_LINE X210.384 Y-337.174, DRAW_LINE X208.258 Y-334.084, DRAW_LINE X206.407 Y-330.822, DRAW_LINE X204.842 Y-327.414, DRAW_LINE X203.576 Y-323.883, DRAW_LINE X202.618 Y-320.257, DRAW_LINE X201.976 Y-316.562, DRAW_LINE X201.653 Y-312.825, DRAW_LINE X201.653 Y-309.075, DRAW_LINE X201.976 Y-305.338, DRAW_LINE X202.618 Y-301.643, DRAW_LINE X203.576 Y-298.017, DRAW_LINE X204.842 Y-294.486, DRAW_LINE X206.407 Y-291.078, DRAW_LINE X208.258 Y-287.817, DRAW_LINE X210.384 Y-284.726, DRAW_LINE X212.767 Y-281.830, DRAW_LINE X215.390 Y-279.150, DRAW_LINE X218.234 Y-276.705, DRAW_LINE X221.278 Y-274.514, DRAW_LINE X224.499 Y-272.592, DRAW_LINE X227.873 Y-270.954, DRAW_LINE X231.375 Y-269.613, DRAW_LINE X234.980 Y-268.577, DRAW_LINE X238.661 Y-267.856, DRAW_LINE X242.389 Y-267.453, DRAW_LINE X246.139 Y-267.372, DRAW_LINE X249.882 Y-267.614, DRAW_LINE X253.590 Y-268.177, DRAW_LINE X257.236 Y-269.056, DRAW_LINE X260.793 Y-270.246, DRAW_LINE X264.234 Y-271.737, DRAW_LINE X267.534 Y-273.518, DRAW_LINE X270.670 Y-275.577, DRAW_LINE X273.616 Y-277.897, DRAW_LINE X276.352 Y-280.462, DRAW_LINE X278.858 Y-283.253, DRAW_LINE X281.114 Y-286.249, DRAW_LINE X283.105 Y-289.427, DRAW_LINE X284.815 Y-292.765, DRAW_LINE X286.231 Y-296.238, DRAW_LINE X287.344 Y-299.820, DRAW_LINE X288.145 Y-303.484, DRAW_LINE X288.628 Y-307.203, DRAW_LINE X288.789 Y-310.950, TRAVEL X359.078 Y-311.933, DRAW_LINE X183.274 Y-440.654, DRAW_LINE X183.274 Y-183.213, DRAW_LINE X359.078 Y-311.933]