[TOOL R0 G0 B0 A255 D1.000, TRAVEL X31.841 Y-120.594, DRAW_LINE X31.841 Y-120.594, DRAW_LINE X32.438 Y-120.593, DRAW_LINE X33.906 Y-120.699, DRAW_LINE X35.064 Y-120.700, DRAW_LINE X35.778 Y-120.580, DRAW_LINE X36.392 Y-120.312, DRAW_LINE X36.860 Y-119.852, DRAW_LINE X37.024 Y-119.536, DRAW_LINE X37.024 Y-119.536, DRAW_LINE X37.050 Y-119.409, DRAW_LINE X37.027 Y-119.141, DRAW_LINE X37.024 Y-119.007, DRAW_LINE X37.024 Y-119.007, DRAW_LINE X37.056 Y-118.847, DRAW_LINE X37.138 Y-118.529, DRAW_LINE X37.130 Y-118.372, DRAW_LINE X37.130 Y-118.372, DRAW_LINE X37.068 Y-118.202, DRAW_LINE X36.837 Y-117.869, DRAW_LINE X36.495 Y-117.563, DRAW_LINE X36.075 Y-117.303, DRAW_LINE X35.613 Y-117.108, DRAW_LINE X35.144 Y-116.997, DRAW_LINE X34.703 Y-116.988, DRAW_LINE X34.324 Y-117.101, DRAW_LINE X34.168 Y-117.209, DRAW_LINE X34.168 Y-117.209, DRAW_LINE X34.059 Y-117.360, DRAW_LINE X33.822 Y-117.929, DRAW_LINE X33.620 Y-118.644, DRAW_LINE X33.522 Y-119.248, DRAW_LINE X33.533 Y-119.430, DRAW_LINE X33.533 Y-119.430, DRAW_LINE X33.720 Y-119.702, DRAW_LINE X34.508 Y-120.769, DRAW_LINE X34.697 Y-121.017, DRAW_LINE X34.697 Y-121.017, DRAW_LINE X34.943 Y-121.221, DRAW_LINE X35.553 Y-121.589, DRAW_LINE X36.278 Y-121.884, DRAW_LINE X37.065 Y-122.079, DRAW_LINE X37.863 Y-122.147, DRAW_LINE X38.619 Y-122.064, DRAW_LINE X39.282 Y-121.802, DRAW_LINE X39.799 Y-121.335, DRAW_LINE X39.986 Y-121.017, DRAW_LINE X39.986 Y-121.017, DRAW_LINE X40.101 Y-120.708, DRAW_LINE X40.302 Y-119.838, DRAW_LINE X40.279 Y-119.445, DRAW_LINE X40.177 Y-119.269, DRAW_LINE X40.092 Y-119.218, DRAW_LINE X40.092 Y-119.218, DRAW_LINE X39.863 Y-119.153, DRAW_LINE X39.387 Y-119.136, DRAW_LINE X38.946 Y-119.285, DRAW_LINE X38.611 Y-119.615, DRAW_LINE X38.505 Y-119.853, DRAW_LINE X38.505 Y-119.853, DRAW_LINE X38.470 Y-120.059, DRAW_LINE X38.494 Y-120.486, DRAW_LINE X38.505 Y-120.699, DRAW_LINE X38.505 Y-120.699, DRAW_LINE X38.499 Y-120.980, DRAW_LINE X38.528 Y-121.378, DRAW_LINE X38.628 Y-121.632, DRAW_LINE X38.717 Y-121.757, DRAW_LINE X38.717 Y-121.757, DRAW_LINE X38.783 Y-121.803, DRAW_LINE X38.953 Y-121.837, DRAW_LINE X39.034 Y-121.863, DRAW_LINE X39.034 Y-121.863, DRAW_LINE X39.220 Y-121.969, DRAW_LINE X39.582 Y-122.198, DRAW_LINE X39.775 Y-122.286, DRAW_LINE X39.775 Y-122.286, DRAW_LINE X40.078 Y-122.357, DRAW_LINE X40.875 Y-122.368, DRAW_LINE X41.719 Y-122.193, DRAW_LINE X42.232 Y-121.929, DRAW_LINE X42.458 Y-121.687, DRAW_LINE X42.525 Y-121.546, DRAW_LINE X42.525 Y-121.546, DRAW_LINE X42.557 Y-121.410, DRAW_LINE X42.554 Y-121.110, DRAW_LINE X42.454 Y-120.829, DRAW_LINE X42.248 Y-120.636, DRAW_LINE X42.102 Y-120.594, DRAW_LINE X42.102 Y-120.594, DRAW_LINE X41.833 Y-120.572, DRAW_LINE X41.081 Y-120.592, DRAW_LINE X40.288 Y-120.756, DRAW_LINE X39.844 Y-121.020, DRAW_LINE X39.690 Y-121.281, DRAW_LINE X39.669 Y-121.440, DRAW_LINE X39.669 Y-121.440, DRAW_LINE X39.681 Y-121.586, DRAW_LINE X39.784 Y-121.864, DRAW_LINE X39.881 Y-121.969, DRAW_LINE X39.881 Y-121.969, DRAW_LINE X40.318 Y-122.287, DRAW_LINE X41.026 Y-122.682, DRAW_LINE X41.672 Y-122.849, DRAW_LINE X42.450 Y-122.902, DRAW_LINE X42.948 Y-122.921, DRAW_LINE X42.948 Y-122.921, DRAW_LINE X43.256 Y-122.934, DRAW_LINE X43.943 Y-122.922, DRAW_LINE X44.409 Y-122.810, DRAW_LINE X44.643 Y-122.655, DRAW_LINE X44.781 Y-122.416, DRAW_LINE X44.795 Y-122.076, DRAW_LINE X44.747 Y-121.863, DRAW_LINE X44.747 Y-121.863, DRAW_LINE X44.688 Y-121.747, DRAW_LINE X44.508 Y-121.547, DRAW_LINE X44.429 Y-121.440, DRAW_LINE X44.429 Y-121.440, DRAW_LINE X44.374 Y-121.308, DRAW_LINE X44.288 Y-121.033, DRAW_LINE X44.218 Y-120.911, DRAW_LINE X44.218 Y-120.911, DRAW_LINE X44.148 Y-120.851, DRAW_LINE X43.989 Y-120.848, DRAW_LINE X43.733 Y-121.070, DRAW_LINE X43.442 Y-121.596, DRAW_LINE X43.331 Y-122.004, DRAW_LINE X43.338 Y-122.214, DRAW_LINE X43.371 Y-122.286, DRAW_LINE X43.371 Y-122.286, DRAW_LINE X43.435 Y-122.333, DRAW_LINE X43.606 Y-122.367, DRAW_LINE X43.689 Y-122.392, DRAW_LINE X43.689 Y-122.392, DRAW_LINE X43.963 Y-122.564, DRAW_LINE X44.287 Y-122.797, DRAW_LINE X44.747 Y-122.921, DRAW_LINE X44.747 Y-122.921, DRAW_LINE X45.136 Y-122.946, DRAW_LINE X46.095 Y-122.818, DRAW_LINE X46.439 Y-122.709, DRAW_LINE X46.439 Y-122.709, DRAW_LINE X46.668 Y-122.578, DRAW_LINE X47.056 Y-122.235, DRAW_LINE X47.303 Y-121.876, DRAW_LINE X47.362 Y-121.661, DRAW_LINE X47.327 Y-121.570, DRAW_LINE X47.285 Y-121.546, DRAW_LINE X47.285 Y-121.546, DRAW_LINE X47.147 Y-121.521, DRAW_LINE X46.952 Y-121.605, DRAW_LINE X46.855 Y-121.807, DRAW_LINE X46.841 Y-122.058, DRAW_LINE X46.862 Y-122.180, DRAW_LINE X46.862 Y-122.180, DRAW_LINE X46.957 Y-122.462, DRAW_LINE X47.279 Y-123.025, DRAW_LINE X47.734 Y-123.521, DRAW_LINE X48.271 Y-123.877, DRAW_LINE X48.555 Y-123.979, DRAW_LINE X48.555 Y-123.979, DRAW_LINE X48.711 Y-123.998, DRAW_LINE X49.030 Y-123.978, DRAW_LINE X49.189 Y-123.979, DRAW_LINE X49.189 Y-123.979, DRAW_LINE X49.349 Y-124.006, DRAW_LINE X49.665 Y-124.082, DRAW_LINE X49.824 Y-124.084, DRAW_LINE X49.824 Y-124.084, DRAW_LINE X49.915 Y-124.047, DRAW_LINE X50.062 Y-123.852, DRAW_LINE X50.150 Y-123.581, DRAW_LINE X50.166 Y-123.327, DRAW_LINE X50.142 Y-123.238, DRAW_LINE X50.142 Y-123.238, DRAW_LINE X50.115 Y-123.193, DRAW_LINE X50.090 Y-123.194, DRAW_LINE X50.107 Y-123.365, DRAW_LINE X50.250 Y-123.948, DRAW_LINE X50.353 Y-124.190, DRAW_LINE X50.353 Y-124.190, DRAW_LINE X50.524 Y-124.326, DRAW_LINE X50.966 Y-124.524, DRAW_LINE X51.470 Y-124.627, DRAW_LINE X51.949 Y-124.640, DRAW_LINE X52.151 Y-124.613, DRAW_LINE X52.151 Y-124.613, DRAW_LINE X52.251 Y-124.579, DRAW_LINE X52.387 Y-124.451, DRAW_LINE X52.459 Y-124.167, DRAW_LINE X52.386 Y-123.776, DRAW_LINE X52.268 Y-123.608, DRAW_LINE X52.187 Y-123.612, DRAW_LINE X52.151 Y-123.661, DRAW_LINE X52.151 Y-123.661, DRAW_LINE X52.145 Y-123.753, DRAW_LINE X52.144 Y-124.109, DRAW_LINE X52.151 Y-124.190, DRAW_LINE X52.151 Y-124.190, DRAW_LINE X52.542 Y-124.272, DRAW_LINE X53.459 Y-124.310, DRAW_LINE X53.844 Y-124.296, DRAW_LINE X53.844 Y-124.296, DRAW_LINE X54.365 Y-124.261, DRAW_LINE X55.248 Y-124.073, DRAW_LINE X55.515 Y-123.918, DRAW_LINE X55.659 Y-123.702, DRAW_LINE X55.631 Y-123.413, DRAW_LINE X55.537 Y-123.238, DRAW_LINE X55.537 Y-123.238, DRAW_LINE X55.456 Y-123.209, DRAW_LINE X55.184 Y-123.264, DRAW_LINE X55.113 Y-123.344, DRAW_LINE X55.113 Y-123.344, DRAW_LINE X55.080 Y-123.528, DRAW_LINE X55.075 Y-123.719, DRAW_LINE X55.226 Y-123.825, DRAW_LINE X55.431 Y-123.979, DRAW_LINE X55.431 Y-123.979, DRAW_LINE X55.460 Y-124.031, DRAW_LINE X55.497 Y-124.153, DRAW_LINE X55.537 Y-124.190, DRAW_LINE X55.537 Y-124.190, DRAW_LINE X55.716 Y-124.237, DRAW_LINE X56.091 Y-124.273, DRAW_LINE X56.277 Y-124.296, DRAW_LINE X56.277 Y-124.296, DRAW_LINE X56.670 Y-124.361, DRAW_LINE X57.382 Y-124.398, DRAW_LINE X57.814 Y-124.285, DRAW_LINE X58.036 Y-124.113, DRAW_LINE X58.193 Y-123.847, DRAW_LINE X58.276 Y-123.472, DRAW_LINE X58.287 Y-123.238, DRAW_LINE X58.287 Y-123.238, DRAW_LINE X58.287 Y-123.235, DRAW_LINE X58.287 Y-123.308, DRAW_LINE X58.287 Y-123.344, DRAW_LINE X58.287 Y-123.344, DRAW_LINE X58.279 Y-123.530, DRAW_LINE X58.264 Y-123.902, DRAW_LINE X58.287 Y-124.084, DRAW_LINE X58.287 Y-124.084, DRAW_LINE X58.357 Y-124.276, DRAW_LINE X58.613 Y-124.573, DRAW_LINE X59.169 Y-124.840, DRAW_LINE X59.556 Y-124.931, DRAW_LINE X59.556 Y-124.931, DRAW_LINE X59.924 Y-124.973, DRAW_LINE X61.247 Y-125.060, DRAW_LINE X61.672 Y-125.037, DRAW_LINE X61.672 Y-125.037, DRAW_LINE X61.896 Y-124.959, DRAW_LINE X62.242 Y-124.769, DRAW_LINE X62.463 Y-124.543, DRAW_LINE X62.569 Y-124.290, DRAW_LINE X62.569 Y-124.022, DRAW_LINE X62.473 Y-123.751, DRAW_LINE X62.173 Y-123.363, DRAW_LINE X61.884 Y-123.132, DRAW_LINE X61.884 Y-123.132, DRAW_LINE X61.875 Y-123.137, DRAW_LINE X61.890 Y-123.208, DRAW_LINE X61.884 Y-123.238, DRAW_LINE X61.884 Y-123.238, DRAW_LINE X61.861 Y-123.249, DRAW_LINE X61.806 Y-123.242, DRAW_LINE X61.778 Y-123.238, DRAW_LINE X61.778 Y-123.238, DRAW_LINE X61.743 Y-123.423, DRAW_LINE X61.673 Y-123.793, DRAW_LINE X61.672 Y-123.979, DRAW_LINE X61.672 Y-123.979, DRAW_LINE X61.700 Y-124.067, DRAW_LINE X61.821 Y-124.221, DRAW_LINE X61.884 Y-124.296, DRAW_LINE X61.884 Y-124.296, DRAW_LINE X62.003 Y-124.446, DRAW_LINE X62.258 Y-124.680, DRAW_LINE X62.681 Y-124.882, DRAW_LINE X63.303 Y-124.933, DRAW_LINE X63.972 Y-124.815, DRAW_LINE X64.317 Y-124.719, DRAW_LINE X64.317 Y-124.719, DRAW_LINE X64.562 Y-124.656, DRAW_LINE X65.048 Y-124.516, DRAW_LINE X65.269 Y-124.402, DRAW_LINE X65.269 Y-124.402, DRAW_LINE X65.414 Y-124.216, DRAW_LINE X65.669 Y-123.686, DRAW_LINE X65.729 Y-123.351, DRAW_LINE X65.692 Y-123.238, DRAW_LINE X65.692 Y-123.238, DRAW_LINE X65.567 Y-123.125, DRAW_LINE X65.165 Y-122.949, DRAW_LINE X64.679 Y-122.874, DRAW_LINE X64.252 Y-122.934, DRAW_LINE X64.105 Y-123.027, DRAW_LINE X64.105 Y-123.027, DRAW_LINE X63.932 Y-123.238, DRAW_LINE X63.673 Y-123.776, DRAW_LINE X63.551 Y-124.390, DRAW_LINE X63.592 Y-124.986, DRAW_LINE X63.682 Y-125.248, DRAW_LINE X63.682 Y-125.248, DRAW_LINE X63.837 Y-125.547, DRAW_LINE X64.191 Y-126.047, DRAW_LINE X64.599 Y-126.436, DRAW_LINE X65.057 Y-126.734, DRAW_LINE X65.826 Y-127.051, DRAW_LINE X66.977 Y-127.339, DRAW_LINE X67.596 Y-127.470, DRAW_LINE X67.596 Y-127.470, DRAW_LINE X68.711 Y-127.697, DRAW_LINE X70.371 Y-127.862, DRAW_LINE X71.616 Y-127.893, DRAW_LINE X71.616 Y-127.893, DRAW_LINE X72.271 Y-127.919, DRAW_LINE X73.685 Y-127.897, DRAW_LINE X74.367 Y-127.790, DRAW_LINE X74.742 Y-127.661, DRAW_LINE X74.895 Y-127.575, DRAW_LINE X74.895 Y-127.575, DRAW_LINE X75.005 Y-127.490, DRAW_LINE X75.171 Y-127.289, DRAW_LINE X75.301 Y-126.918, DRAW_LINE X75.280 Y-126.332, DRAW_LINE X75.083 Y-125.688, DRAW_LINE X74.757 Y-125.037, DRAW_LINE X74.352 Y-124.431, DRAW_LINE X73.916 Y-123.921, DRAW_LINE X73.496 Y-123.559, DRAW_LINE X73.308 Y-123.450, DRAW_LINE X73.308 Y-123.450, DRAW_LINE X73.132 Y-123.392, DRAW_LINE X72.756 Y-123.355, DRAW_LINE X72.568 Y-123.344, DRAW_LINE X72.568 Y-123.344, DRAW_LINE X72.430 Y-123.322, DRAW_LINE X72.155 Y-123.295, DRAW_LINE X72.039 Y-123.344, DRAW_LINE X72.039 Y-123.344, DRAW_LINE X71.898 Y-123.485, DRAW_LINE X71.635 Y-123.905, DRAW_LINE X71.303 Y-124.783, DRAW_LINE X71.006 Y-126.149, DRAW_LINE X70.925 Y-127.364, DRAW_LINE X70.981 Y-127.787, DRAW_LINE X70.981 Y-127.787, DRAW_LINE X71.094 Y-128.097, DRAW_LINE X71.428 Y-128.675, DRAW_LINE X71.616 Y-128.951, DRAW_LINE X71.616 Y-128.951, DRAW_LINE X71.877 Y-129.305, DRAW_LINE X72.450 Y-129.923, DRAW_LINE X73.081 Y-130.431, DRAW_LINE X73.765 Y-130.840, DRAW_LINE X74.877 Y-131.299, DRAW_LINE X76.485 Y-131.683, DRAW_LINE X77.328 Y-131.807, DRAW_LINE X77.328 Y-131.807, DRAW_LINE X78.032 Y-131.893, DRAW_LINE X79.300 Y-132.008, DRAW_LINE X80.490 Y-131.995, DRAW_LINE X81.728 Y-131.790, DRAW_LINE X82.406 Y-131.595, DRAW_LINE X82.406 Y-131.595, DRAW_LINE X82.728 Y-131.471, DRAW_LINE X83.612 Y-131.040, DRAW_LINE X84.596 Y-130.464, DRAW_LINE X85.418 Y-129.861, DRAW_LINE X85.685 Y-129.585, DRAW_LINE X85.685 Y-129.585, DRAW_LINE X85.876 Y-129.273, DRAW_LINE X86.116 Y-128.569, DRAW_LINE X86.214 Y-128.210, DRAW_LINE X86.214 Y-128.210, DRAW_LINE X86.302 Y-127.923, DRAW_LINE X86.433 Y-127.339, DRAW_LINE X86.425 Y-127.046, DRAW_LINE X86.425 Y-127.046, DRAW_LINE X86.295 Y-126.495, DRAW_LINE X85.803 Y-125.345, DRAW_LINE X84.768 Y-123.668, DRAW_LINE X84.098 Y-122.709, DRAW_LINE X84.098 Y-122.709, DRAW_LINE X83.423 Y-121.765, DRAW_LINE X82.436 Y-120.537, DRAW_LINE X81.747 Y-119.852, DRAW_LINE X80.998 Y-119.282, DRAW_LINE X80.155 Y-118.831, DRAW_LINE X79.188 Y-118.506, DRAW_LINE X78.064 Y-118.312, DRAW_LINE X77.434 Y-118.266, DRAW_LINE X77.434 Y-118.266, DRAW_LINE X77.168 Y-118.247, DRAW_LINE X76.635 Y-118.226, DRAW_LINE X76.376 Y-118.266, DRAW_LINE X76.376 Y-118.266, DRAW_LINE X76.163 Y-118.365, DRAW_LINE X75.817 Y-118.765, DRAW_LINE X75.564 Y-119.372, DRAW_LINE X75.392 Y-120.113, DRAW_LINE X75.251 Y-121.314, DRAW_LINE X75.206 Y-122.699, DRAW_LINE X75.212 Y-123.132, DRAW_LINE X75.212 Y-123.132, DRAW_LINE X75.277 Y-124.230, DRAW_LINE X75.618 Y-126.478, DRAW_LINE X76.062 Y-128.166, DRAW_LINE X76.447 Y-129.272, DRAW_LINE X76.906 Y-130.348, DRAW_LINE X77.436 Y-131.385, DRAW_LINE X78.041 Y-132.369, DRAW_LINE X78.718 Y-133.292, DRAW_LINE X79.470 Y-134.140, DRAW_LINE X80.296 Y-134.904, DRAW_LINE X81.197 Y-135.572, DRAW_LINE X82.173 Y-136.132, DRAW_LINE X83.225 Y-136.574, DRAW_LINE X84.352 Y-136.886, DRAW_LINE X84.944 Y-136.990, DRAW_LINE X84.944 Y-136.990, DRAW_LINE X85.418 Y-137.048, DRAW_LINE X86.312 Y-137.096, DRAW_LINE X87.147 Y-137.060, DRAW_LINE X87.943 Y-136.946, DRAW_LINE X89.101 Y-136.640, DRAW_LINE X90.669 Y-136.011, DRAW_LINE X91.503 Y-135.615, DRAW_LINE X91.503 Y-135.615, DRAW_LINE X92.520 Y-135.103, DRAW_LINE X94.425 Y-134.003, DRAW_LINE X95.717 Y-133.053, DRAW_LINE X96.504 Y-132.332, DRAW_LINE X97.224 Y-131.523, DRAW_LINE X97.872 Y-130.613, DRAW_LINE X98.167 Y-130.114, DRAW_LINE X98.167 Y-130.114, DRAW_LINE X98.379 Y-129.755, DRAW_LINE X98.779 Y-129.024, DRAW_LINE X98.908 Y-128.633, DRAW_LINE X98.908 Y-128.633, DRAW_LINE X98.966 Y-128.190, DRAW_LINE X98.934 Y-127.286, DRAW_LINE X98.908 Y-126.835, DRAW_LINE X98.908 Y-126.835, DRAW_LINE X98.881 Y-126.281, DRAW_LINE X98.769 Y-125.201, DRAW_LINE X98.580 Y-124.153, DRAW_LINE X98.316 Y-123.134, DRAW_LINE X97.785 Y-121.650, DRAW_LINE X96.836 Y-119.735, DRAW_LINE X96.263 Y-118.795, DRAW_LINE X96.263 Y-118.795, DRAW_LINE X95.982 Y-118.377, DRAW_LINE X95.340 Y-117.549, DRAW_LINE X94.597 Y-116.790, DRAW_LINE X93.756 Y-116.173, DRAW_LINE X93.301 Y-115.939, DRAW_LINE X93.301 Y-115.939, DRAW_LINE X93.096 Y-115.869, DRAW_LINE X92.667 Y-115.781, DRAW_LINE X92.455 Y-115.728, DRAW_LINE X92.455 Y-115.728, DRAW_LINE X92.158 Y-115.610, DRAW_LINE X91.618 Y-115.412, DRAW_LINE X91.251 Y-115.374, DRAW_LINE X91.080 Y-115.410, DRAW_LINE X91.080 Y-115.410, DRAW_LINE X90.879 Y-115.497, DRAW_LINE X90.544 Y-115.723, DRAW_LINE X90.178 Y-116.170, DRAW_LINE X89.774 Y-117.287, DRAW_LINE X89.599 Y-118.055, DRAW_LINE X89.599 Y-118.055, DRAW_LINE X89.488 Y-118.451, DRAW_LINE X89.258 Y-119.240, DRAW_LINE X89.176 Y-119.642, DRAW_LINE X89.176 Y-119.642, DRAW_LINE X89.073 Y-120.523, DRAW_LINE X89.049 Y-122.260, DRAW_LINE X89.241 Y-123.961, DRAW_LINE X89.621 Y-125.625, DRAW_LINE X90.160 Y-127.252, DRAW_LINE X90.828 Y-128.843, DRAW_LINE X92.011 Y-131.157, DRAW_LINE X92.878 Y-132.653, DRAW_LINE X92.878 Y-132.653, DRAW_LINE X93.621 Y-133.934, DRAW_LINE X94.964 Y-135.951, DRAW_LINE X95.770 Y-136.798, DRAW_LINE X96.368 Y-137.240, DRAW_LINE X96.686 Y-137.413, DRAW_LINE X96.686 Y-137.413, DRAW_LINE X97.043 Y-137.558, DRAW_LINE X97.789 Y-137.758, DRAW_LINE X98.167 Y-137.836, DRAW_LINE X98.167 Y-137.836, DRAW_LINE X98.693 Y-137.954, DRAW_LINE X99.751 Y-138.146, DRAW_LINE X100.283 Y-138.154, DRAW_LINE X100.283 Y-138.154, DRAW_LINE X100.799 Y-138.081, DRAW_LINE X101.914 Y-137.756, DRAW_LINE X103.045 Y-137.271, DRAW_LINE X104.074 Y-136.726, DRAW_LINE X104.514 Y-136.461, DRAW_LINE X104.514 Y-136.461, DRAW_LINE X105.143 Y-136.052, DRAW_LINE X106.341 Y-135.176, DRAW_LINE X107.442 Y-134.220, DRAW_LINE X108.429 Y-133.178, DRAW_LINE X109.284 Y-132.043, DRAW_LINE X109.988 Y-130.810, DRAW_LINE X110.523 Y-129.473, DRAW_LINE X110.870 Y-128.025, DRAW_LINE X110.967 Y-127.258, DRAW_LINE X110.967 Y-127.258, DRAW_LINE X111.006 Y-126.679, DRAW_LINE X111.002 Y-125.567, DRAW_LINE X110.900 Y-124.505, DRAW_LINE X110.717 Y-123.479, DRAW_LINE X110.321 Y-121.973, DRAW_LINE X109.643 Y-119.951, DRAW_LINE X109.275 Y-118.901, DRAW_LINE X109.275 Y-118.901, DRAW_LINE X109.060 Y-118.241, DRAW_LINE X108.654 Y-116.913, DRAW_LINE X108.428 Y-116.256, DRAW_LINE X108.428 Y-116.256, DRAW_LINE X108.170 Y-115.601, DRAW_LINE X107.557 Y-114.268, DRAW_LINE X106.825 Y-112.933, DRAW_LINE X105.985 Y-111.627, DRAW_LINE X105.046 Y-110.381, DRAW_LINE X104.018 Y-109.227, DRAW_LINE X102.912 Y-108.195, DRAW_LINE X101.739 Y-107.318, DRAW_LINE X101.129 Y-106.947, DRAW_LINE X101.129 Y-106.947, DRAW_LINE X100.958 Y-106.881, DRAW_LINE X100.388 Y-106.711, DRAW_LINE X100.054 Y-106.687, DRAW_LINE X99.966 Y-106.736, DRAW_LINE X99.966 Y-106.736, DRAW_LINE X99.863 Y-106.923, DRAW_LINE X99.707 Y-107.404, DRAW_LINE X99.572 Y-108.314, DRAW_LINE X99.525 Y-110.297, DRAW_LINE X99.543 Y-111.285, DRAW_LINE X99.543 Y-111.285, DRAW_LINE X99.569 Y-112.904, DRAW_LINE X99.751 Y-115.341, DRAW_LINE X100.002 Y-116.946, DRAW_LINE X100.177 Y-117.737, DRAW_LINE X100.177 Y-117.737, DRAW_LINE X100.388 Y-118.485, DRAW_LINE X100.890 Y-119.959, DRAW_LINE X101.129 Y-120.699, DRAW_LINE X101.129 Y-120.699, DRAW_LINE X101.719 Y-122.780, DRAW_LINE X102.620 Y-125.913, DRAW_LINE X103.345 Y-127.957, DRAW_LINE X103.774 Y-128.951, DRAW_LINE X103.774 Y-128.951, DRAW_LINE X104.377 Y-130.173, DRAW_LINE X105.712 Y-132.547, DRAW_LINE X106.419 Y-133.711, DRAW_LINE X106.419 Y-133.711, DRAW_LINE X106.905 Y-134.502, DRAW_LINE X107.606 Y-135.554, DRAW_LINE X108.100 Y-136.154, DRAW_LINE X108.653 Y-136.664, DRAW_LINE X109.295 Y-137.076, DRAW_LINE X110.057 Y-137.382, DRAW_LINE X110.972 Y-137.574, DRAW_LINE X111.496 Y-137.625, DRAW_LINE X111.496 Y-137.625, DRAW_LINE X111.919 Y-137.630, DRAW_LINE X112.766 Y-137.560, DRAW_LINE X113.189 Y-137.519, DRAW_LINE X113.189 Y-137.519, DRAW_LINE X114.190 Y-137.421, DRAW_LINE X115.789 Y-137.145, DRAW_LINE X117.136 Y-136.679, DRAW_LINE X118.572 Y-135.922, DRAW_LINE X119.430 Y-135.403, DRAW_LINE X119.430 Y-135.403, DRAW_LINE X119.866 Y-135.155, DRAW_LINE X120.735 Y-134.656, DRAW_LINE X121.123 Y-134.345, DRAW_LINE X121.123 Y-134.345, DRAW_LINE X121.407 Y-134.020, DRAW_LINE X122.050 Y-133.057, DRAW_LINE X122.961 Y-131.379, DRAW_LINE X123.344 Y-130.537, DRAW_LINE X123.344 Y-130.537, DRAW_LINE X123.615 Y-129.760, DRAW_LINE X123.971 Y-128.195, DRAW_LINE X124.138 Y-126.613, DRAW_LINE X124.187 Y-125.005, DRAW_LINE X124.190 Y-124.190, DRAW_LINE X124.190 Y-124.190, DRAW_LINE X124.200 Y-123.582, DRAW_LINE X124.218 Y-122.364, DRAW_LINE X124.190 Y-121.757, DRAW_LINE X124.190 Y-121.757, DRAW_LINE X124.111 Y-121.066, DRAW_LINE X123.880 Y-119.694, DRAW_LINE X123.767 Y-119.007, DRAW_LINE X123.767 Y-119.007, DRAW_LINE X123.667 Y-118.265, DRAW_LINE X123.473 Y-116.781, DRAW_LINE X123.344 Y-116.045, DRAW_LINE X123.344 Y-116.045, DRAW_LINE X123.135 Y-115.056, DRAW_LINE X122.745 Y-113.517, DRAW_LINE X122.292 Y-112.231, DRAW_LINE X121.654 Y-110.802, DRAW_LINE X121.228 Y-109.909, DRAW_LINE X121.228 Y-109.909, DRAW_LINE X120.884 Y-109.192, DRAW_LINE X120.142 Y-107.780, DRAW_LINE X119.482 Y-106.806, DRAW_LINE X118.968 Y-106.227, DRAW_LINE X118.376 Y-105.725, DRAW_LINE X117.694 Y-105.315, DRAW_LINE X117.314 Y-105.149, DRAW_LINE X117.314 Y-105.149, DRAW_LINE X116.774 Y-104.948, DRAW_LINE X115.679 Y-104.671, DRAW_LINE X115.166 Y-104.668, DRAW_LINE X114.887 Y-104.755, DRAW_LINE X114.775 Y-104.832, DRAW_LINE X114.775 Y-104.832, DRAW_LINE X114.610 Y-105.004, DRAW_LINE X114.321 Y-105.458, DRAW_LINE X113.985 Y-106.339, DRAW_LINE X113.692 Y-107.676, DRAW_LINE X113.541 Y-108.906, DRAW_LINE X113.506 Y-109.381, DRAW_LINE X113.506 Y-109.381, DRAW_LINE X113.460 Y-110.260, DRAW_LINE X113.452 Y-111.175, DRAW_LINE X113.618 Y-111.933, DRAW_LINE X113.823 Y-113.189, DRAW_LINE X113.823 Y-113.189, DRAW_LINE X113.925 Y-114.204, DRAW_LINE X114.087 Y-115.721, DRAW_LINE X114.298 Y-116.717, DRAW_LINE X114.458 Y-117.209, DRAW_LINE X114.458 Y-117.209, DRAW_LINE X114.701 Y-117.773, DRAW_LINE X115.261 Y-118.870, DRAW_LINE X115.516 Y-119.430, DRAW_LINE X115.516 Y-119.430, DRAW_LINE X115.657 Y-119.797, DRAW_LINE X115.916 Y-120.540, DRAW_LINE X116.045 Y-120.911, DRAW_LINE X116.045 Y-120.911, DRAW_LINE X116.228 Y-121.388, DRAW_LINE X116.594 Y-122.341, DRAW_LINE X116.785 Y-122.815, DRAW_LINE X116.785 Y-122.815, DRAW_LINE X117.048 Y-123.424, DRAW_LINE X117.589 Y-124.635, DRAW_LINE X117.843 Y-125.248, DRAW_LINE X117.843 Y-125.248, DRAW_LINE X118.118 Y-125.985, DRAW_LINE X118.632 Y-127.471, DRAW_LINE X118.901 Y-128.210, DRAW_LINE X118.901 Y-128.210, DRAW_LINE X119.844 Y-130.654, DRAW_LINE X120.678 Y-132.554, DRAW_LINE X121.546 Y-134.557, DRAW_LINE X121.546 Y-134.557, DRAW_LINE X121.766 Y-135.082, DRAW_LINE X122.192 Y-136.139, DRAW_LINE X122.392 Y-136.673, DRAW_LINE X122.392 Y-136.673, DRAW_LINE X122.615 Y-137.374, DRAW_LINE X122.972 Y-138.689, DRAW_LINE X123.324 Y-139.533, DRAW_LINE X123.673 Y-139.997, DRAW_LINE X124.163 Y-140.363, DRAW_LINE X124.833 Y-140.615, DRAW_LINE X125.248 Y-140.693, DRAW_LINE X125.248 Y-140.693, DRAW_LINE X125.655 Y-140.723, DRAW_LINE X126.399 Y-140.634, DRAW_LINE X127.057 Y-140.372, DRAW_LINE X127.637 Y-139.967, DRAW_LINE X128.146 Y-139.450, DRAW_LINE X128.592 Y-138.852, DRAW_LINE X129.159 Y-137.869, DRAW_LINE X129.479 Y-137.202, DRAW_LINE X129.479 Y-137.202, DRAW_LINE X129.856 Y-136.314, DRAW_LINE X130.289 Y-134.861, DRAW_LINE X130.471 Y-132.764, DRAW_LINE X130.537 Y-130.855, DRAW_LINE X130.537 Y-130.855, DRAW_LINE X130.679 Y-128.310, DRAW_LINE X130.849 Y-124.703, DRAW_LINE X130.879 Y-122.277, DRAW_LINE X130.855 Y-121.017, DRAW_LINE X130.855 Y-121.017, DRAW_LINE X130.816 Y-120.170, DRAW_LINE X130.699 Y-118.478, DRAW_LINE X130.643 Y-117.632, DRAW_LINE X130.643 Y-117.632, DRAW_LINE X130.603 Y-116.652, DRAW_LINE X130.530 Y-114.692, DRAW_LINE X130.432 Y-113.718, DRAW_LINE X130.432 Y-113.718, DRAW_LINE X130.268 Y-112.783, DRAW_LINE X129.821 Y-110.936, DRAW_LINE X129.585 Y-110.015, DRAW_LINE X129.585 Y-110.015, DRAW_LINE X129.382 Y-109.220, DRAW_LINE X128.951 Y-107.635, DRAW_LINE X128.739 Y-106.842, DRAW_LINE X128.739 Y-106.842, DRAW_LINE X128.505 Y-105.940, DRAW_LINE X128.100 Y-104.671, DRAW_LINE X127.716 Y-103.859, DRAW_LINE X127.470 Y-103.457, DRAW_LINE X127.470 Y-103.457, DRAW_LINE X127.421 Y-103.400, DRAW_LINE X127.307 Y-103.301, DRAW_LINE X127.258 Y-103.245, DRAW_LINE X127.258 Y-103.245, DRAW_LINE X127.254 Y-103.218, DRAW_LINE X127.269 Y-103.158, DRAW_LINE X127.258 Y-103.139, DRAW_LINE X127.258 Y-103.139, DRAW_LINE X127.134 Y-103.106, DRAW_LINE X126.864 Y-103.128, DRAW_LINE X126.729 Y-103.139, DRAW_LINE X126.729 Y-103.139, DRAW_LINE X126.623 Y-103.139, DRAW_LINE X126.412 Y-103.139, DRAW_LINE X126.306 Y-103.139, DRAW_LINE X126.306 Y-103.139, DRAW_LINE X126.248 Y-103.131, DRAW_LINE X126.133 Y-103.114, DRAW_LINE X126.094 Y-103.139, DRAW_LINE X126.094 Y-103.139, DRAW_LINE X126.027 Y-103.307, DRAW_LINE X125.989 Y-103.740, DRAW_LINE X126.057 Y-104.417, DRAW_LINE X126.094 Y-104.726, DRAW_LINE X126.094 Y-104.726, DRAW_LINE X126.124 Y-105.709, DRAW_LINE X126.098 Y-106.309, DRAW_LINE X126.093 Y-106.657, DRAW_LINE X126.306 Y-108.746, DRAW_LINE X126.306 Y-108.746, DRAW_LINE X126.510 Y-110.641, DRAW_LINE X126.920 Y-113.474, DRAW_LINE X127.321 Y-115.337, DRAW_LINE X127.575 Y-116.256, DRAW_LINE X127.575 Y-116.256, DRAW_LINE X127.940 Y-117.455, DRAW_LINE X128.247 Y-118.344, DRAW_LINE X128.333 Y-118.377, DRAW_LINE X128.611 Y-118.940, DRAW_LINE X128.951 Y-119.853, DRAW_LINE X128.951 Y-119.853, DRAW_LINE X129.191 Y-120.555, DRAW_LINE X129.360 Y-121.193, DRAW_LINE X129.457 Y-121.611, DRAW_LINE X129.903 Y-122.603, DRAW_LINE X129.903 Y-122.603, DRAW_LINE X130.591 Y-124.030, DRAW_LINE X130.972 Y-124.750, DRAW_LINE X131.701 Y-126.517, DRAW_LINE X131.701 Y-126.517, DRAW_LINE X132.430 Y-128.363, DRAW_LINE X133.832 Y-132.076, DRAW_LINE X134.557 Y-133.922, DRAW_LINE X134.557 Y-133.922, DRAW_LINE X134.762 Y-134.378, DRAW_LINE X135.088 Y-135.093, DRAW_LINE X135.192 Y-135.509, DRAW_LINE X135.192 Y-135.509, DRAW_LINE X135.222 Y-135.654, DRAW_LINE X135.353 Y-135.973, DRAW_LINE X135.511 Y-136.071, DRAW_LINE X135.615 Y-136.038, DRAW_LINE X135.615 Y-136.038, DRAW_LINE X135.761 Y-135.805, DRAW_LINE X136.152 Y-134.641, DRAW_LINE X136.722 Y-132.483, DRAW_LINE X136.884 Y-131.807, DRAW_LINE X136.884 Y-131.807, DRAW_LINE X137.197 Y-130.214, DRAW_LINE X137.842 Y-126.418, DRAW_LINE X138.048 Y-124.825, DRAW_LINE X138.048 Y-124.825, DRAW_LINE X138.137 Y-123.832, DRAW_LINE X138.238 Y-122.030, DRAW_LINE X138.266 Y-119.442, DRAW_LINE X138.260 Y-117.526, DRAW_LINE X138.260 Y-117.526, DRAW_LINE X138.279 Y-115.135, DRAW_LINE X138.175 Y-111.437, DRAW_LINE X137.944 Y-109.628, DRAW_LINE X137.686 Y-108.464, DRAW_LINE X137.519 Y-107.900, DRAW_LINE X137.519 Y-107.900, DRAW_LINE X137.301 Y-107.287, DRAW_LINE X136.777 Y-106.109, DRAW_LINE X135.884 Y-104.396, DRAW_LINE X135.298 Y-103.245, DRAW_LINE X135.298 Y-103.245, DRAW_LINE X135.189 Y-102.982, DRAW_LINE X134.997 Y-102.443, DRAW_LINE X134.874 Y-102.187, DRAW_LINE X134.874 Y-102.187, DRAW_LINE X134.704 Y-101.972, DRAW_LINE X134.202 Y-101.526, DRAW_LINE X133.934 Y-101.404, DRAW_LINE X133.778 Y-101.410, DRAW_LINE X133.711 Y-101.447, DRAW_LINE X133.711 Y-101.447, DRAW_LINE X133.574 Y-101.591, DRAW_LINE X133.413 Y-101.957, DRAW_LINE X133.332 Y-102.606, DRAW_LINE X133.288 Y-103.033, DRAW_LINE X133.288 Y-103.033, DRAW_LINE X133.055 Y-104.405, DRAW_LINE X132.959 Y-105.812, DRAW_LINE X132.970 Y-107.265, DRAW_LINE X132.970 Y-107.265, DRAW_LINE X132.960 Y-108.376, DRAW_LINE X132.939 Y-110.598, DRAW_LINE X132.970 Y-111.708, DRAW_LINE X132.970 Y-111.708, DRAW_LINE X133.065 Y-112.934, DRAW_LINE X133.388 Y-115.018, DRAW_LINE X133.605 Y-116.256, DRAW_LINE X133.605 Y-116.256, DRAW_LINE X133.830 Y-117.666, DRAW_LINE X134.324 Y-120.476, DRAW_LINE X134.663 Y-121.863, DRAW_LINE X134.663 Y-121.863, DRAW_LINE X135.065 Y-123.122, DRAW_LINE X136.005 Y-125.595, DRAW_LINE X136.461 Y-126.835, DRAW_LINE X136.461 Y-126.835, DRAW_LINE X136.569 Y-127.178, DRAW_LINE X136.766 Y-127.871, DRAW_LINE X136.884 Y-128.210, DRAW_LINE X136.884 Y-128.210, DRAW_LINE X137.156 Y-128.827, DRAW_LINE X137.939 Y-130.427, DRAW_LINE X138.260 Y-131.066, DRAW_LINE X138.260 Y-131.066, DRAW_LINE X138.383 Y-131.336, DRAW_LINE X138.631 Y-131.875, DRAW_LINE X138.788 Y-132.124, DRAW_LINE X138.788 Y-132.124, DRAW_LINE X139.030 Y-132.406, DRAW_LINE X139.620 Y-132.906, DRAW_LINE X140.647 Y-133.508, DRAW_LINE X141.327 Y-133.817, DRAW_LINE X141.327 Y-133.817, DRAW_LINE X141.587 Y-133.942, DRAW_LINE X142.109 Y-134.185, DRAW_LINE X142.385 Y-134.240, DRAW_LINE X142.385 Y-134.240, DRAW_LINE X142.665 Y-134.224, DRAW_LINE X143.129 Y-134.013, DRAW_LINE X143.480 Y-133.612, DRAW_LINE X143.735 Y-133.081, DRAW_LINE X143.979 Y-132.167, DRAW_LINE X144.136 Y-131.038, DRAW_LINE X144.183 Y-130.643, DRAW_LINE X144.183 Y-130.643, DRAW_LINE X144.284 Y-130.011, DRAW_LINE X144.580 Y-128.293, DRAW_LINE X144.712 Y-127.575, DRAW_LINE X144.712 Y-127.575, DRAW_LINE X144.800 Y-127.180, DRAW_LINE X144.980 Y-126.389, DRAW_LINE X145.030 Y-125.989, DRAW_LINE X145.030 Y-125.989, DRAW_LINE X145.031 Y-125.566, DRAW_LINE X144.953 Y-124.720, DRAW_LINE X144.924 Y-124.296, DRAW_LINE X144.924 Y-124.296, DRAW_LINE X144.926 Y-122.714, DRAW_LINE X144.995 Y-120.322, DRAW_LINE X144.978 Y-118.735, DRAW_LINE X144.924 Y-117.949, DRAW_LINE X144.924 Y-117.949, DRAW_LINE X144.885 Y-117.709, DRAW_LINE X144.762 Y-117.236, DRAW_LINE X144.712 Y-116.997, DRAW_LINE X144.712 Y-116.997, DRAW_LINE X144.677 Y-116.734, DRAW_LINE X144.630 Y-116.204, DRAW_LINE X144.607 Y-115.939, DRAW_LINE X144.607 Y-115.939, DRAW_LINE X144.553 Y-115.675, DRAW_LINE X144.446 Y-115.146, DRAW_LINE X144.395 Y-114.881, DRAW_LINE X144.395 Y-114.881, DRAW_LINE X144.259 Y-113.965, DRAW_LINE X144.086 Y-112.724, DRAW_LINE X143.847 Y-111.863, DRAW_LINE X143.654 Y-111.390, DRAW_LINE X143.654 Y-111.390, DRAW_LINE X143.604 Y-111.284, DRAW_LINE X143.497 Y-111.073, DRAW_LINE X143.443 Y-110.967, DRAW_LINE X143.443 Y-110.967, DRAW_LINE X143.422 Y-110.833, DRAW_LINE X143.379 Y-110.566, DRAW_LINE X143.337 Y-110.438, DRAW_LINE X143.337 Y-110.438, DRAW_LINE X143.268 Y-110.326, DRAW_LINE X143.093 Y-110.125, DRAW_LINE X143.020 Y-110.015, DRAW_LINE X143.020 Y-110.015, DRAW_LINE X142.940 Y-109.773, DRAW_LINE X142.867 Y-109.389, DRAW_LINE X142.778 Y-109.160, DRAW_LINE X142.702 Y-109.063, DRAW_LINE X142.702 Y-109.063, DRAW_LINE X142.635 Y-109.016, DRAW_LINE X142.470 Y-108.972, DRAW_LINE X142.385 Y-108.957, DRAW_LINE X142.385 Y-108.957, DRAW_LINE X142.271 Y-108.949, DRAW_LINE X142.162 Y-109.029, DRAW_LINE X142.166 Y-109.292, DRAW_LINE X142.174 Y-109.486, DRAW_LINE X142.174 Y-109.486, DRAW_LINE X142.113 Y-110.340, DRAW_LINE X142.137 Y-112.012, DRAW_LINE X142.174 Y-112.871, DRAW_LINE X142.174 Y-112.871, DRAW_LINE X142.174 Y-113.507, DRAW_LINE X142.139 Y-114.778, DRAW_LINE X142.174 Y-115.410, DRAW_LINE X142.174 Y-115.410, DRAW_LINE X142.213 Y-115.598, DRAW_LINE X142.338 Y-115.964, DRAW_LINE X142.385 Y-116.151, DRAW_LINE X142.385 Y-116.151, DRAW_LINE X142.460 Y-116.703, DRAW_LINE X142.552 Y-117.816, DRAW_LINE X142.597 Y-118.372, DRAW_LINE X142.597 Y-118.372, DRAW_LINE X142.754 Y-120.213, DRAW_LINE X143.061 Y-122.964, DRAW_LINE X143.410 Y-124.776, DRAW_LINE X143.654 Y-125.671, DRAW_LINE X143.654 Y-125.671, DRAW_LINE X143.749 Y-125.914, DRAW_LINE X143.982 Y-126.381, DRAW_LINE X144.078 Y-126.623, DRAW_LINE X144.078 Y-126.623, DRAW_LINE X144.114 Y-126.806, DRAW_LINE X144.144 Y-127.182, DRAW_LINE X144.183 Y-127.364, DRAW_LINE X144.183 Y-127.364, DRAW_LINE X144.249 Y-127.502, DRAW_LINE X144.427 Y-127.757, DRAW_LINE X144.501 Y-127.893, DRAW_LINE X144.501 Y-127.893, DRAW_LINE X144.558 Y-128.077, DRAW_LINE X144.641 Y-128.456, DRAW_LINE X144.712 Y-128.633, DRAW_LINE X144.712 Y-128.633, DRAW_LINE X144.775 Y-128.725, DRAW_LINE X144.929 Y-128.854, DRAW_LINE X145.209 Y-128.927, DRAW_LINE X145.614 Y-128.851, DRAW_LINE X145.963 Y-128.650, DRAW_LINE X146.088 Y-128.527, DRAW_LINE X146.088 Y-128.527, DRAW_LINE X146.284 Y-128.234, DRAW_LINE X146.580 Y-127.585, DRAW_LINE X146.722 Y-127.258, DRAW_LINE X146.722 Y-127.258, DRAW_LINE X147.254 Y-126.129, DRAW_LINE X147.814 Y-124.737, DRAW_LINE X148.085 Y-123.679, DRAW_LINE X148.203 Y-123.027, DRAW_LINE X148.203 Y-123.027, DRAW_LINE X148.291 Y-122.419, DRAW_LINE X148.390 Y-121.290, DRAW_LINE X148.420 Y-119.655, DRAW_LINE X148.415 Y-118.478, DRAW_LINE X148.415 Y-118.478, DRAW_LINE X148.420 Y-117.978, DRAW_LINE X148.392 Y-116.874, DRAW_LINE X148.309 Y-116.362, DRAW_LINE X148.309 Y-116.362, DRAW_LINE X148.291 Y-116.352, DRAW_LINE X148.225 Y-116.371, DRAW_LINE X148.203 Y-116.362, DRAW_LINE X148.203 Y-116.362, DRAW_LINE X148.194 Y-116.311, DRAW_LINE X148.212 Y-116.201, DRAW_LINE X148.203 Y-116.151, DRAW_LINE X148.203 Y-116.151, DRAW_LINE X148.069 Y-115.912, DRAW_LINE X147.990 Y-115.914, DRAW_LINE X148.021 Y-116.089, DRAW_LINE X147.886 Y-115.516]