[TOOL R0 G0 B0 A255 D1.000, TRAVEL X166.722 Y-376.624, DRAW_LINE X166.722 Y-376.624, DRAW_LINE X169.220 Y-375.903, DRAW_LINE X174.026 Y-374.632, DRAW_LINE X178.583 Y-373.577, DRAW_LINE X182.899 Y-372.728, DRAW_LINE X186.978 Y-372.071, DRAW_LINE X190.828 Y-371.596, DRAW_LINE X194.454 Y-371.291, DRAW_LINE X197.863 Y-371.144, DRAW_LINE X201.061 Y-371.144, DRAW_LINE X204.054 Y-371.278, DRAW_LINE X206.849 Y-371.535, DRAW_LINE X209.451 Y-371.904, DRAW_LINE X211.867 Y-372.372, DRAW_LINE X214.103 Y-372.928, DRAW_LINE X216.166 Y-373.560, DRAW_LINE X218.061 Y-374.256, DRAW_LINE X219.795 Y-375.005, DRAW_LINE X221.374 Y-375.795, DRAW_LINE X222.804 Y-376.615, DRAW_LINE X224.091 Y-377.452, DRAW_LINE X225.768 Y-378.715, DRAW_LINE X227.564 Y-380.351, DRAW_LINE X228.902 Y-381.846, DRAW_LINE X229.830 Y-383.107, DRAW_LINE X230.567 Y-384.355, DRAW_LINE X230.692 Y-384.620, DRAW_LINE X230.692 Y-384.620, DRAW_LINE X231.203 Y-385.351, DRAW_LINE X233.710 Y-388.701, DRAW_LINE X236.378 Y-391.983, DRAW_LINE X239.714 Y-395.742, DRAW_LINE X242.587 Y-398.686, DRAW_LINE X244.652 Y-400.636, DRAW_LINE X246.822 Y-402.530, DRAW_LINE X249.081 Y-404.330, DRAW_LINE X251.416 Y-405.996, DRAW_LINE X253.813 Y-407.489, DRAW_LINE X256.258 Y-408.771, DRAW_LINE X258.738 Y-409.803, DRAW_LINE X260.611 Y-410.390, DRAW_LINE X261.863 Y-410.682, DRAW_LINE X263.116 Y-410.890, DRAW_LINE X264.368 Y-411.009, DRAW_LINE X265.616 Y-411.034, DRAW_LINE X266.861 Y-410.960, DRAW_LINE X268.099 Y-410.781, DRAW_LINE X269.328 Y-410.495, DRAW_LINE X270.548 Y-410.094, DRAW_LINE X271.757 Y-409.575, DRAW_LINE X272.952 Y-408.933, DRAW_LINE X274.132 Y-408.163, DRAW_LINE X275.295 Y-407.260, DRAW_LINE X276.439 Y-406.218, DRAW_LINE X277.563 Y-405.034, DRAW_LINE X278.665 Y-403.703, DRAW_LINE X279.743 Y-402.219, DRAW_LINE X280.796 Y-400.578, DRAW_LINE X281.821 Y-398.775, DRAW_LINE X282.818 Y-396.804, DRAW_LINE X283.783 Y-394.662, DRAW_LINE X284.716 Y-392.343, DRAW_LINE X285.614 Y-389.842, DRAW_LINE X286.477 Y-387.155, DRAW_LINE X287.301 Y-384.277, DRAW_LINE X288.086 Y-381.202, DRAW_LINE X288.830 Y-377.927, DRAW_LINE X289.531 Y-374.445, DRAW_LINE X289.864 Y-372.626, DRAW_LINE X289.864 Y-372.626, DRAW_LINE X290.524 Y-369.017, DRAW_LINE X291.864 Y-362.291, DRAW_LINE X293.228 Y-356.197, DRAW_LINE X294.611 Y-350.708, DRAW_LINE X296.010 Y-345.797, DRAW_LINE X297.419 Y-341.438, DRAW_LINE X298.834 Y-337.603, DRAW_LINE X300.251 Y-334.266, DRAW_LINE X301.666 Y-331.400, DRAW_LINE X303.074 Y-328.978, DRAW_LINE X304.471 Y-326.972, DRAW_LINE X305.852 Y-325.358, DRAW_LINE X307.212 Y-324.106, DRAW_LINE X308.549 Y-323.191, DRAW_LINE X309.856 Y-322.586, DRAW_LINE X311.131 Y-322.263, DRAW_LINE X312.368 Y-322.196, DRAW_LINE X313.562 Y-322.359, DRAW_LINE X314.711 Y-322.723, DRAW_LINE X315.808 Y-323.263, DRAW_LINE X316.850 Y-323.951, DRAW_LINE X317.833 Y-324.761, DRAW_LINE X318.752 Y-325.665, DRAW_LINE X319.602 Y-326.638, DRAW_LINE X320.740 Y-328.164, DRAW_LINE X321.977 Y-330.187, DRAW_LINE X322.861 Y-331.997, DRAW_LINE X323.357 Y-333.380, DRAW_LINE X323.449 Y-333.844, DRAW_LINE X323.449 Y-333.844, DRAW_LINE X323.486 Y-333.936, DRAW_LINE X323.720 Y-334.107, DRAW_LINE X324.460 Y-334.336, DRAW_LINE X326.123 Y-334.590, DRAW_LINE X328.497 Y-334.787, DRAW_LINE X333.239 Y-334.981, DRAW_LINE X341.407 Y-335.065, DRAW_LINE X351.176 Y-334.967, DRAW_LINE X361.995 Y-334.709, DRAW_LINE X373.313 Y-334.310, DRAW_LINE X384.578 Y-333.792, DRAW_LINE X395.237 Y-333.174, DRAW_LINE X404.740 Y-332.478, DRAW_LINE X412.535 Y-331.723, DRAW_LINE X416.927 Y-331.131, DRAW_LINE X419.035 Y-330.729, DRAW_LINE X420.135 Y-330.425, DRAW_LINE X420.624 Y-330.222, DRAW_LINE X420.907 Y-330.020, DRAW_LINE X420.975 Y-329.817, DRAW_LINE X420.820 Y-329.615, DRAW_LINE X420.434 Y-329.414, DRAW_LINE X419.400 Y-329.116, DRAW_LINE X417.131 Y-328.724, DRAW_LINE X413.779 Y-328.342, DRAW_LINE X409.276 Y-327.973, DRAW_LINE X403.553 Y-327.618, DRAW_LINE X400.213 Y-327.447, DRAW_LINE X400.213 Y-327.447, DRAW_LINE X393.489 Y-327.112, DRAW_LINE X381.688 Y-326.458, DRAW_LINE X371.931 Y-325.826, DRAW_LINE X364.040 Y-325.221, DRAW_LINE X357.834 Y-324.645, DRAW_LINE X353.133 Y-324.101, DRAW_LINE X349.758 Y-323.591, DRAW_LINE X347.529 Y-323.120, DRAW_LINE X346.501 Y-322.793, DRAW_LINE X346.080 Y-322.588, DRAW_LINE X345.844 Y-322.394, DRAW_LINE X345.771 Y-322.212, DRAW_LINE X345.839 Y-322.041, DRAW_LINE X346.024 Y-321.883, DRAW_LINE X346.475 Y-321.670, DRAW_LINE X347.716 Y-321.332, DRAW_LINE X349.185 Y-321.082, DRAW_LINE X349.437 Y-321.050, DRAW_LINE X349.437 Y-321.050, DRAW_LINE X350.967 Y-320.631, DRAW_LINE X357.187 Y-318.727, DRAW_LINE X361.000 Y-317.371, DRAW_LINE X363.471 Y-316.372, DRAW_LINE X364.629 Y-315.852, DRAW_LINE X364.629 Y-315.852, DRAW_LINE X364.895 Y-315.703, DRAW_LINE X365.336 Y-315.298, DRAW_LINE X365.667 Y-314.766, DRAW_LINE X365.898 Y-314.121, DRAW_LINE X366.040 Y-313.378, DRAW_LINE X366.103 Y-312.552, DRAW_LINE X366.073 Y-311.188, DRAW_LINE X365.856 Y-309.216, DRAW_LINE X365.515 Y-307.176, DRAW_LINE X364.958 Y-304.249, DRAW_LINE X364.600 Y-301.836, DRAW_LINE X364.585 Y-300.947, DRAW_LINE X364.660 Y-300.506, DRAW_LINE X364.816 Y-300.203, DRAW_LINE X365.062 Y-300.053, DRAW_LINE X365.411 Y-300.072, DRAW_LINE X365.872 Y-300.273, DRAW_LINE X366.455 Y-300.672, DRAW_LINE X367.173 Y-301.283, DRAW_LINE X368.522 Y-302.631, DRAW_LINE X370.889 Y-305.309, DRAW_LINE X373.980 Y-309.102, DRAW_LINE X375.824 Y-311.454, DRAW_LINE X375.824 Y-311.454, DRAW_LINE X376.813 Y-312.673, DRAW_LINE X378.868 Y-314.897, DRAW_LINE X381.019 Y-316.845, DRAW_LINE X383.254 Y-318.530, DRAW_LINE X385.561 Y-319.967, DRAW_LINE X387.930 Y-321.168, DRAW_LINE X390.349 Y-322.146, DRAW_LINE X392.807 Y-322.914, DRAW_LINE X395.292 Y-323.486, DRAW_LINE X397.793 Y-323.875, DRAW_LINE X400.299 Y-324.094, DRAW_LINE X402.798 Y-324.156, DRAW_LINE X405.279 Y-324.075, DRAW_LINE X407.731 Y-323.863, DRAW_LINE X410.141 Y-323.534, DRAW_LINE X412.500 Y-323.101, DRAW_LINE X414.796 Y-322.576, DRAW_LINE X417.016 Y-321.974, DRAW_LINE X419.151 Y-321.308, DRAW_LINE X421.187 Y-320.590, DRAW_LINE X424.035 Y-319.446, DRAW_LINE X427.385 Y-317.863, DRAW_LINE X430.141 Y-316.312, DRAW_LINE X432.212 Y-314.898, DRAW_LINE X433.261 Y-313.990, DRAW_LINE X433.699 Y-313.483, DRAW_LINE X433.915 Y-313.070, DRAW_LINE X433.897 Y-312.763, DRAW_LINE X433.797 Y-312.654, DRAW_LINE X433.797 Y-312.654, DRAW_LINE X433.706 Y-312.627, DRAW_LINE X433.375 Y-312.689, DRAW_LINE X432.522 Y-313.064, DRAW_LINE X430.757 Y-314.056, DRAW_LINE X428.333 Y-315.570, DRAW_LINE X423.599 Y-318.716, DRAW_LINE X415.565 Y-324.304, DRAW_LINE X406.023 Y-331.143, DRAW_LINE X395.474 Y-338.863, DRAW_LINE X384.418 Y-347.093, DRAW_LINE X373.355 Y-355.461, DRAW_LINE X362.787 Y-363.598, DRAW_LINE X353.214 Y-371.133, DRAW_LINE X345.138 Y-377.694, DRAW_LINE X340.364 Y-381.754, DRAW_LINE X337.909 Y-383.963, DRAW_LINE X336.110 Y-385.721, DRAW_LINE X335.229 Y-386.714, DRAW_LINE X334.879 Y-387.211, DRAW_LINE X334.728 Y-387.570, DRAW_LINE X334.784 Y-387.783, DRAW_LINE X335.055 Y-387.846, DRAW_LINE X335.549 Y-387.752, DRAW_LINE X336.723 Y-387.305, DRAW_LINE X339.142 Y-386.109, DRAW_LINE X342.591 Y-384.182, DRAW_LINE X347.135 Y-381.479, DRAW_LINE X349.836 Y-379.822, DRAW_LINE X349.836 Y-379.822, DRAW_LINE X355.281 Y-376.486, DRAW_LINE X364.714 Y-370.884, DRAW_LINE X372.346 Y-366.599, DRAW_LINE X378.345 Y-363.494, DRAW_LINE X381.873 Y-361.860, DRAW_LINE X383.802 Y-361.070, DRAW_LINE X385.417 Y-360.499, DRAW_LINE X386.738 Y-360.131, DRAW_LINE X387.787 Y-359.949, DRAW_LINE X388.585 Y-359.935, DRAW_LINE X389.153 Y-360.074, DRAW_LINE X389.511 Y-360.349, DRAW_LINE X389.680 Y-360.742, DRAW_LINE X389.682 Y-361.236, DRAW_LINE X389.538 Y-361.816, DRAW_LINE X389.267 Y-362.463, DRAW_LINE X388.672 Y-363.525, DRAW_LINE X387.633 Y-365.021, DRAW_LINE X385.892 Y-367.166, DRAW_LINE X384.106 Y-369.131, DRAW_LINE X383.820 Y-369.427, TRAVEL X199.507 Y-319.051, DRAW_LINE X199.507 Y-319.051, DRAW_LINE X199.580 Y-319.167, DRAW_LINE X199.536 Y-319.367, DRAW_LINE X199.331 Y-319.505, DRAW_LINE X199.080 Y-319.561, DRAW_LINE X198.974 Y-319.551, DRAW_LINE X198.974 Y-319.551, DRAW_LINE X198.748 Y-319.455, DRAW_LINE X198.453 Y-319.116, DRAW_LINE X198.349 Y-318.663, DRAW_LINE X198.416 Y-318.194, DRAW_LINE X198.507 Y-317.985, DRAW_LINE X198.507 Y-317.985, DRAW_LINE X198.613 Y-317.821, DRAW_LINE X198.870 Y-317.552, DRAW_LINE X199.176 Y-317.359, DRAW_LINE X199.518 Y-317.241, DRAW_LINE X200.064 Y-317.196, DRAW_LINE X200.783 Y-317.370, DRAW_LINE X201.106 Y-317.552, DRAW_LINE X201.106 Y-317.552, DRAW_LINE X201.316 Y-317.717, DRAW_LINE X201.657 Y-318.101, DRAW_LINE X201.896 Y-318.541, DRAW_LINE X202.036 Y-319.020, DRAW_LINE X202.079 Y-319.520, DRAW_LINE X202.027 Y-320.024, DRAW_LINE X201.885 Y-320.514, DRAW_LINE X201.654 Y-320.972, DRAW_LINE X201.506 Y-321.183, DRAW_LINE X201.506 Y-321.183, DRAW_LINE X201.282 Y-321.439, DRAW_LINE X200.774 Y-321.854, DRAW_LINE X200.200 Y-322.140, DRAW_LINE X199.582 Y-322.302, DRAW_LINE X198.942 Y-322.340, DRAW_LINE X198.302 Y-322.259, DRAW_LINE X197.683 Y-322.061, DRAW_LINE X197.107 Y-321.748, DRAW_LINE X196.841 Y-321.550, DRAW_LINE X196.841 Y-321.550, DRAW_LINE X196.538 Y-321.269, DRAW_LINE X196.049 Y-320.636, DRAW_LINE X195.715 Y-319.928, DRAW_LINE X195.532 Y-319.172, DRAW_LINE X195.498 Y-318.392, DRAW_LINE X195.610 Y-317.615, DRAW_LINE X195.864 Y-316.867, DRAW_LINE X196.259 Y-316.172, DRAW_LINE X196.508 Y-315.852, DRAW_LINE X196.508 Y-315.852, DRAW_LINE X196.846 Y-315.502, DRAW_LINE X197.603 Y-314.939, DRAW_LINE X198.444 Y-314.557, DRAW_LINE X199.339 Y-314.352, DRAW_LINE X200.259 Y-314.323, DRAW_LINE X201.173 Y-314.465, DRAW_LINE X202.052 Y-314.776, DRAW_LINE X202.865 Y-315.253, DRAW_LINE X203.238 Y-315.552, DRAW_LINE X203.238 Y-315.552, DRAW_LINE X203.636 Y-315.947, DRAW_LINE X204.274 Y-316.828, DRAW_LINE X204.704 Y-317.803, DRAW_LINE X204.930 Y-318.837, DRAW_LINE X204.955 Y-319.897, DRAW_LINE X204.783 Y-320.948, DRAW_LINE X204.415 Y-321.957, DRAW_LINE X203.855 Y-322.889, DRAW_LINE X203.505 Y-323.316, DRAW_LINE X203.505 Y-323.316, DRAW_LINE X203.054 Y-323.760, DRAW_LINE X202.049 Y-324.473, DRAW_LINE X200.941 Y-324.952, DRAW_LINE X199.767 Y-325.200, DRAW_LINE X198.567 Y-325.220, DRAW_LINE X197.378 Y-325.017, DRAW_LINE X196.239 Y-324.592, DRAW_LINE X195.189 Y-323.950, DRAW_LINE X194.709 Y-323.549, DRAW_LINE X194.709 Y-323.549, DRAW_LINE X194.454 Y-323.300, DRAW_LINE X193.995 Y-322.772, DRAW_LINE X193.429 Y-321.913, DRAW_LINE X192.902 Y-320.671, DRAW_LINE X192.632 Y-319.358, DRAW_LINE X192.616 Y-318.017, DRAW_LINE X192.851 Y-316.691, DRAW_LINE X193.332 Y-315.422, DRAW_LINE X194.056 Y-314.253, DRAW_LINE X194.509 Y-313.720, DRAW_LINE X194.509 Y-313.720, DRAW_LINE X194.786 Y-313.441, DRAW_LINE X195.372 Y-312.937, DRAW_LINE X195.999 Y-312.506, DRAW_LINE X196.659 Y-312.147, DRAW_LINE X197.701 Y-311.743, DRAW_LINE X199.153 Y-311.451, DRAW_LINE X200.634 Y-311.439, DRAW_LINE X202.098 Y-311.704, DRAW_LINE X203.497 Y-312.242, DRAW_LINE X204.475 Y-312.823, DRAW_LINE X205.083 Y-313.293, DRAW_LINE X205.371 Y-313.553, DRAW_LINE X205.371 Y-313.553, DRAW_LINE X205.674 Y-313.858, DRAW_LINE X206.222 Y-314.503, DRAW_LINE X206.691 Y-315.191, DRAW_LINE X207.080 Y-315.916, DRAW_LINE X207.392 Y-316.672, DRAW_LINE X207.626 Y-317.451, DRAW_LINE X207.783 Y-318.247, DRAW_LINE X207.863 Y-319.055, DRAW_LINE X207.866 Y-319.866, DRAW_LINE X207.794 Y-320.676, DRAW_LINE X207.646 Y-321.478, DRAW_LINE X207.423 Y-322.264, DRAW_LINE X207.125 Y-323.030, DRAW_LINE X206.754 Y-323.767, DRAW_LINE X206.309 Y-324.471, DRAW_LINE X205.790 Y-325.134, DRAW_LINE X205.504 Y-325.448, TRAVEL X255.081 Y-307.456, DRAW_LINE X255.081 Y-307.456, DRAW_LINE X255.167 Y-307.760, DRAW_LINE X255.136 Y-308.253, DRAW_LINE X254.884 Y-308.605, DRAW_LINE X254.470 Y-308.827, DRAW_LINE X253.955 Y-308.932, DRAW_LINE X253.398 Y-308.933, DRAW_LINE X252.859 Y-308.841, DRAW_LINE X252.398 Y-308.668, DRAW_LINE X252.215 Y-308.556, DRAW_LINE X252.215 Y-308.556, DRAW_LINE X252.005 Y-308.387, DRAW_LINE X251.642 Y-308.022, DRAW_LINE X251.237 Y-307.412, DRAW_LINE X250.935 Y-306.514, DRAW_LINE X250.880 Y-305.558, DRAW_LINE X251.042 Y-304.588, DRAW_LINE X251.390 Y-303.650, DRAW_LINE X251.895 Y-302.785, DRAW_LINE X252.527 Y-302.040, DRAW_LINE X252.882 Y-301.726, DRAW_LINE X252.882 Y-301.726, DRAW_LINE X253.213 Y-301.477, DRAW_LINE X253.900 Y-301.059, DRAW_LINE X254.614 Y-300.740, DRAW_LINE X255.349 Y-300.517, DRAW_LINE X256.098 Y-300.386, DRAW_LINE X256.855 Y-300.343, DRAW_LINE X257.613 Y-300.383, DRAW_LINE X258.367 Y-300.503, DRAW_LINE X259.475 Y-300.824, DRAW_LINE X260.875 Y-301.491, DRAW_LINE X262.141 Y-302.403, DRAW_LINE X263.222 Y-303.527, DRAW_LINE X263.677 Y-304.158, DRAW_LINE X263.677 Y-304.158, DRAW_LINE X263.970 Y-304.641, DRAW_LINE X264.458 Y-305.632, DRAW_LINE X264.817 Y-306.650, DRAW_LINE X265.051 Y-307.687, DRAW_LINE X265.167 Y-308.733, DRAW_LINE X265.168 Y-309.783, DRAW_LINE X265.060 Y-310.826, DRAW_LINE X264.847 Y-311.856, DRAW_LINE X264.533 Y-312.864, DRAW_LINE X264.125 Y-313.842, DRAW_LINE X263.626 Y-314.783, DRAW_LINE X263.041 Y-315.677, DRAW_LINE X262.376 Y-316.517, DRAW_LINE X261.634 Y-317.296, DRAW_LINE X260.821 Y-318.004, DRAW_LINE X259.942 Y-318.634, DRAW_LINE X259.479 Y-318.918, DRAW_LINE X259.479 Y-318.918, DRAW_LINE X258.846 Y-319.260, DRAW_LINE X257.554 Y-319.821, DRAW_LINE X256.235 Y-320.223, DRAW_LINE X254.898 Y-320.473, DRAW_LINE X253.554 Y-320.575, DRAW_LINE X252.211 Y-320.535, DRAW_LINE X250.881 Y-320.358, DRAW_LINE X249.573 Y-320.051, DRAW_LINE X248.297 Y-319.619, DRAW_LINE X247.064 Y-319.067, DRAW_LINE X245.882 Y-318.401, DRAW_LINE X244.762 Y-317.627, DRAW_LINE X243.714 Y-316.751, DRAW_LINE X242.747 Y-315.777, DRAW_LINE X241.872 Y-314.711, DRAW_LINE X241.099 Y-313.560, DRAW_LINE X240.754 Y-312.954, DRAW_LINE X240.754 Y-312.954, DRAW_LINE X240.362 Y-312.173, DRAW_LINE X239.725 Y-310.582, DRAW_LINE X239.277 Y-308.962, DRAW_LINE X239.012 Y-307.325, DRAW_LINE X238.923 Y-305.683, DRAW_LINE X239.004 Y-304.047, DRAW_LINE X239.248 Y-302.429, DRAW_LINE X239.649 Y-300.842, DRAW_LINE X240.201 Y-299.298, DRAW_LINE X240.897 Y-297.807, DRAW_LINE X241.731 Y-296.383, DRAW_LINE X242.695 Y-295.037, DRAW_LINE X243.784 Y-293.781, DRAW_LINE X244.991 Y-292.626, DRAW_LINE X246.310 Y-291.586, DRAW_LINE X247.734 Y-290.671, DRAW_LINE X248.484 Y-290.264, DRAW_LINE X248.484 Y-290.264, DRAW_LINE X249.412 Y-289.822, DRAW_LINE X251.301 Y-289.107, DRAW_LINE X253.222 Y-288.613, DRAW_LINE X255.159 Y-288.331, DRAW_LINE X257.099 Y-288.255, DRAW_LINE X259.029 Y-288.376, DRAW_LINE X260.934 Y-288.689, DRAW_LINE X262.801 Y-289.185, DRAW_LINE X264.615 Y-289.856, DRAW_LINE X266.362 Y-290.697, DRAW_LINE X268.029 Y-291.698, DRAW_LINE X269.602 Y-292.854, DRAW_LINE X271.066 Y-294.155, DRAW_LINE X272.409 Y-295.597, DRAW_LINE X273.615 Y-297.169, DRAW_LINE X274.671 Y-298.867, DRAW_LINE X275.138 Y-299.760, DRAW_LINE X275.138 Y-299.760, DRAW_LINE X275.631 Y-300.836, DRAW_LINE X276.424 Y-303.023, DRAW_LINE X276.965 Y-305.243, DRAW_LINE X277.264 Y-307.481, DRAW_LINE X277.328 Y-309.719, DRAW_LINE X277.166 Y-311.943, DRAW_LINE X276.786 Y-314.136, DRAW_LINE X276.195 Y-316.282, DRAW_LINE X275.404 Y-318.366, DRAW_LINE X274.419 Y-320.371, DRAW_LINE X273.249 Y-322.281, DRAW_LINE X271.902 Y-324.080, DRAW_LINE X270.387 Y-325.753, DRAW_LINE X268.712 Y-327.283, DRAW_LINE X266.884 Y-328.654, DRAW_LINE X264.913 Y-329.851, DRAW_LINE X263.877 Y-330.379, DRAW_LINE X263.877 Y-330.379, DRAW_LINE X262.653 Y-330.923, DRAW_LINE X260.168 Y-331.794, DRAW_LINE X257.648 Y-332.383, DRAW_LINE X255.111 Y-332.699, DRAW_LINE X252.574 Y-332.751, DRAW_LINE X250.056 Y-332.548, DRAW_LINE X247.575 Y-332.100, DRAW_LINE X245.148 Y-331.415, DRAW_LINE X242.795 Y-330.503, DRAW_LINE X240.533 Y-329.374, DRAW_LINE X238.379 Y-328.035, DRAW_LINE X236.353 Y-326.497, DRAW_LINE X234.472 Y-324.768, DRAW_LINE X232.755 Y-322.859, DRAW_LINE X231.218 Y-320.777, DRAW_LINE X229.881 Y-318.532, DRAW_LINE X229.293 Y-317.352, DRAW_LINE X229.293 Y-317.352, DRAW_LINE X228.985 Y-316.668, DRAW_LINE X228.430 Y-315.290, DRAW_LINE X227.955 Y-313.898, DRAW_LINE X227.559 Y-312.496, DRAW_LINE X227.241 Y-311.086, DRAW_LINE X226.999 Y-309.670, DRAW_LINE X226.777 Y-307.541, DRAW_LINE X226.738 Y-304.706, DRAW_LINE X226.981 Y-301.893, DRAW_LINE X227.497 Y-299.124, DRAW_LINE X228.276 Y-296.418, DRAW_LINE X229.308 Y-293.794, DRAW_LINE X230.583 Y-291.274, DRAW_LINE X232.090 Y-288.878, DRAW_LINE X233.820 Y-286.625, DRAW_LINE X235.762 Y-284.536, DRAW_LINE X237.906 Y-282.630, DRAW_LINE X240.243 Y-280.929, DRAW_LINE X242.762 Y-279.451, DRAW_LINE X244.086 Y-278.803, DRAW_LINE X244.086 Y-278.803, DRAW_LINE X244.843 Y-278.468, DRAW_LINE X246.369 Y-277.866, DRAW_LINE X247.909 Y-277.351, DRAW_LINE X249.461 Y-276.924, DRAW_LINE X251.021 Y-276.582, DRAW_LINE X252.588 Y-276.324, DRAW_LINE X254.157 Y-276.149, DRAW_LINE X255.726 Y-276.055, DRAW_LINE X257.293 Y-276.041, DRAW_LINE X258.855 Y-276.106, DRAW_LINE X260.409 Y-276.248, DRAW_LINE X261.951 Y-276.466, DRAW_LINE X264.239 Y-276.932, DRAW_LINE X267.226 Y-277.806, DRAW_LINE X270.119 Y-278.958, DRAW_LINE X272.897 Y-280.377, DRAW_LINE X275.537 Y-282.054, DRAW_LINE X278.016 Y-283.975, DRAW_LINE X279.758 Y-285.570, DRAW_LINE X280.857 Y-286.705, DRAW_LINE X281.904 Y-287.895, DRAW_LINE X282.896 Y-289.138, DRAW_LINE X283.829 Y-290.434, DRAW_LINE X284.702 Y-291.781, DRAW_LINE X285.511 Y-293.177, DRAW_LINE X286.254 Y-294.622, DRAW_LINE X286.599 Y-295.362, DRAW_LINE X286.599 Y-295.362, DRAW_LINE X286.961 Y-296.192, DRAW_LINE X287.611 Y-297.866, DRAW_LINE X288.165 Y-299.555, DRAW_LINE X288.624 Y-301.257, DRAW_LINE X288.990 Y-302.967, DRAW_LINE X289.264 Y-304.683, DRAW_LINE X289.448 Y-306.403, DRAW_LINE X289.543 Y-308.122, DRAW_LINE X289.551 Y-309.838, DRAW_LINE X289.473 Y-311.548, DRAW_LINE X289.311 Y-313.249, DRAW_LINE X289.066 Y-314.938, DRAW_LINE X288.740 Y-316.611, DRAW_LINE X288.334 Y-318.266, DRAW_LINE X287.849 Y-319.900, DRAW_LINE X287.288 Y-321.509, DRAW_LINE X286.652 Y-323.091, DRAW_LINE X285.941 Y-324.643, DRAW_LINE X285.159 Y-326.161, DRAW_LINE X284.306 Y-327.643, DRAW_LINE X283.383 Y-329.085, DRAW_LINE X282.392 Y-330.484, DRAW_LINE X281.336 Y-331.838, DRAW_LINE X280.214 Y-333.143, DRAW_LINE X279.029 Y-334.396, DRAW_LINE X277.782 Y-335.595, DRAW_LINE X276.475 Y-336.735, DRAW_LINE X275.109 Y-337.815, DRAW_LINE X273.686 Y-338.831, DRAW_LINE X272.207 Y-339.780, DRAW_LINE X270.673 Y-340.659, DRAW_LINE X269.087 Y-341.465, DRAW_LINE X268.275 Y-341.840]