[TOOL R0 G0 B0 A255 D1.000, TRAVEL X0.000 Y-0.273, DRAW_LINE X0.455 Y-0.273, DRAW_LINE X0.455 Y-0.727, DRAW_LINE X0.000 Y-0.727, DRAW_LINE X0.000 Y-0.273, TRAVEL X0.614 Y-0.273, DRAW_LINE X0.932 Y-0.273, DRAW_LINE X0.949 Y-0.275, DRAW_LINE X0.966 Y-0.282, DRAW_LINE X0.980 Y-0.293, DRAW_LINE X0.991 Y-0.307, DRAW_LINE X0.998 Y-0.323, DRAW_LINE X1.000 Y-0.341, DRAW_LINE X1.000 Y-0.659, DRAW_LINE X0.998 Y-0.677, DRAW_LINE X0.991 Y-0.693, DRAW_LINE X0.980 Y-0.707, DRAW_LINE X0.966 Y-0.718, DRAW_LINE X0.949 Y-0.725, DRAW_LINE X0.932 Y-0.727, DRAW_LINE X0.614 Y-0.727, DRAW_LINE X0.596 Y-0.725, DRAW_LINE X0.580 Y-0.718, DRAW_LINE X0.565 Y-0.707, DRAW_LINE X0.555 Y-0.693, DRAW_LINE X0.548 Y-0.677, DRAW_LINE X0.545 Y-0.659, DRAW_LINE X0.545 Y-0.341, DRAW_LINE X0.548 Y-0.323, DRAW_LINE X0.555 Y-0.307, DRAW_LINE X0.565 Y-0.293, DRAW_LINE X0.580 Y-0.282, DRAW_LINE X0.596 Y-0.275, DRAW_LINE X0.614 Y-0.273]