[TOOL R0 G0 B0 D1.000, TRAVEL X33.126 Y-309.128, DRAW_LINE X33.126 Y-309.128, DRAW_LINE X35.623 Y-308.407, DRAW_LINE X40.429 Y-307.136, DRAW_LINE X44.987 Y-306.081, DRAW_LINE X49.302 Y-305.231, DRAW_LINE X53.381 Y-304.575, DRAW_LINE X57.231 Y-304.100, DRAW_LINE X60.857 Y-303.795, DRAW_LINE X64.266 Y-303.648, DRAW_LINE X67.464 Y-303.647, DRAW_LINE X70.458 Y-303.782, DRAW_LINE X73.252 Y-304.039, DRAW_LINE X75.854 Y-304.407, DRAW_LINE X78.271 Y-304.875, DRAW_LINE X80.507 Y-305.431, DRAW_LINE X82.569 Y-306.063, DRAW_LINE X84.464 Y-306.760, DRAW_LINE X86.198 Y-307.509, DRAW_LINE X87.777 Y-308.299, DRAW_LINE X89.207 Y-309.119, DRAW_LINE X90.494 Y-309.956, DRAW_LINE X92.172 Y-311.218, DRAW_LINE X93.968 Y-312.854, DRAW_LINE X95.305 Y-314.350, DRAW_LINE X96.234 Y-315.611, DRAW_LINE X96.970 Y-316.858, DRAW_LINE X97.096 Y-317.124, DRAW_LINE X97.096 Y-317.124, DRAW_LINE X97.606 Y-317.854, DRAW_LINE X100.113 Y-321.204, DRAW_LINE X102.782 Y-324.487, DRAW_LINE X106.118 Y-328.245, DRAW_LINE X108.990 Y-331.190, DRAW_LINE X111.056 Y-333.140, DRAW_LINE X113.225 Y-335.034, DRAW_LINE X115.484 Y-336.834, DRAW_LINE X117.820 Y-338.499, DRAW_LINE X120.217 Y-339.993, DRAW_LINE X122.662 Y-341.275, DRAW_LINE X125.141 Y-342.307, DRAW_LINE X127.014 Y-342.893, DRAW_LINE X128.267 Y-343.186, DRAW_LINE X129.519 Y-343.394, DRAW_LINE X130.771 Y-343.513, DRAW_LINE X132.020 Y-343.538, DRAW_LINE X133.264 Y-343.463, DRAW_LINE X134.502 Y-343.285, DRAW_LINE X135.732 Y-342.998, DRAW_LINE X136.952 Y-342.598, DRAW_LINE X138.160 Y-342.079, DRAW_LINE X139.355 Y-341.437, DRAW_LINE X140.535 Y-340.667, DRAW_LINE X141.698 Y-339.763, DRAW_LINE X142.843 Y-338.722, DRAW_LINE X143.967 Y-337.538, DRAW_LINE X145.069 Y-336.207, DRAW_LINE X146.147 Y-334.723, DRAW_LINE X147.200 Y-333.082, DRAW_LINE X148.225 Y-331.278, DRAW_LINE X149.221 Y-329.308, DRAW_LINE X150.186 Y-327.166, DRAW_LINE X151.119 Y-324.847, DRAW_LINE X152.018 Y-322.346, DRAW_LINE X152.880 Y-319.659, DRAW_LINE X153.705 Y-316.781, DRAW_LINE X154.490 Y-313.706, DRAW_LINE X155.234 Y-310.430, DRAW_LINE X155.934 Y-306.949, DRAW_LINE X156.268 Y-305.129, DRAW_LINE X156.268 Y-305.129, DRAW_LINE X156.928 Y-301.521, DRAW_LINE X158.268 Y-294.795, DRAW_LINE X159.631 Y-288.700, DRAW_LINE X161.015 Y-283.211, DRAW_LINE X162.413 Y-278.301, DRAW_LINE X163.822 Y-273.941, DRAW_LINE X165.237 Y-270.107, DRAW_LINE X166.655 Y-266.770, DRAW_LINE X168.070 Y-263.903, DRAW_LINE X169.477 Y-261.481, DRAW_LINE X170.874 Y-259.476, DRAW_LINE X172.255 Y-257.861, DRAW_LINE X173.616 Y-256.610, DRAW_LINE X174.952 Y-255.695, DRAW_LINE X176.260 Y-255.089, DRAW_LINE X177.534 Y-254.767, DRAW_LINE X178.771 Y-254.700, DRAW_LINE X179.966 Y-254.862, DRAW_LINE X181.114 Y-255.227, DRAW_LINE X182.212 Y-255.767, DRAW_LINE X183.254 Y-256.455, DRAW_LINE X184.237 Y-257.265, DRAW_LINE X185.155 Y-258.169, DRAW_LINE X186.006 Y-259.141, DRAW_LINE X187.143 Y-260.668, DRAW_LINE X188.380 Y-262.691, DRAW_LINE X189.264 Y-264.501, DRAW_LINE X189.760 Y-265.884, DRAW_LINE X189.852 Y-266.348, DRAW_LINE X189.852 Y-266.348, DRAW_LINE X189.889 Y-266.439, DRAW_LINE X190.124 Y-266.611, DRAW_LINE X190.863 Y-266.840, DRAW_LINE X192.526 Y-267.094, DRAW_LINE X194.900 Y-267.290, DRAW_LINE X199.643 Y-267.484, DRAW_LINE X207.810 Y-267.568, DRAW_LINE X217.580 Y-267.471, DRAW_LINE X228.399 Y-267.212, DRAW_LINE X239.717 Y-266.814, DRAW_LINE X250.981 Y-266.295, DRAW_LINE X261.641 Y-265.678, DRAW_LINE X271.144 Y-264.981, DRAW_LINE X278.938 Y-264.227, DRAW_LINE X283.331 Y-263.635, DRAW_LINE X285.438 Y-263.233, DRAW_LINE X286.539 Y-262.929, DRAW_LINE X287.027 Y-262.726, DRAW_LINE X287.310 Y-262.523, DRAW_LINE X287.378 Y-262.321, DRAW_LINE X287.224 Y-262.119, DRAW_LINE X286.837 Y-261.918, DRAW_LINE X285.804 Y-261.619, DRAW_LINE X283.534 Y-261.228, DRAW_LINE X280.183 Y-260.846, DRAW_LINE X275.680 Y-260.476, DRAW_LINE X269.957 Y-260.122, DRAW_LINE X266.616 Y-259.951, DRAW_LINE X266.616 Y-259.951, DRAW_LINE X259.893 Y-259.616, DRAW_LINE X248.091 Y-258.961, DRAW_LINE X238.335 Y-258.330, DRAW_LINE X230.444 Y-257.725, DRAW_LINE X224.237 Y-257.149, DRAW_LINE X219.537 Y-256.604, DRAW_LINE X216.162 Y-256.095, DRAW_LINE X213.932 Y-255.623, DRAW_LINE X212.904 Y-255.296, DRAW_LINE X212.483 Y-255.091, DRAW_LINE X212.248 Y-254.898, DRAW_LINE X212.175 Y-254.716, DRAW_LINE X212.242 Y-254.545, DRAW_LINE X212.428 Y-254.387, DRAW_LINE X212.878 Y-254.173, DRAW_LINE X214.119 Y-253.836, DRAW_LINE X215.589 Y-253.586, DRAW_LINE X215.840 Y-253.554, DRAW_LINE X215.840 Y-253.554, DRAW_LINE X217.371 Y-253.135, DRAW_LINE X223.590 Y-251.230, DRAW_LINE X227.404 Y-249.875, DRAW_LINE X229.874 Y-248.876, DRAW_LINE X231.033 Y-248.356, DRAW_LINE X231.033 Y-248.356, DRAW_LINE X231.298 Y-248.206, DRAW_LINE X231.740 Y-247.802, DRAW_LINE X232.071 Y-247.270, DRAW_LINE X232.302 Y-246.625, DRAW_LINE X232.443 Y-245.882, DRAW_LINE X232.506 Y-245.055, DRAW_LINE X232.476 Y-243.691, DRAW_LINE X232.259 Y-241.719, DRAW_LINE X231.919 Y-239.680, DRAW_LINE X231.362 Y-236.753, DRAW_LINE X231.003 Y-234.340, DRAW_LINE X230.988 Y-233.451, DRAW_LINE X231.063 Y-233.009, DRAW_LINE X231.219 Y-232.707, DRAW_LINE X231.466 Y-232.557, DRAW_LINE X231.814 Y-232.576, DRAW_LINE X232.275 Y-232.777, DRAW_LINE X232.859 Y-233.176, DRAW_LINE X233.576 Y-233.787, DRAW_LINE X234.926 Y-235.134, DRAW_LINE X237.292 Y-237.812, DRAW_LINE X240.383 Y-241.606, DRAW_LINE X242.228 Y-243.958, DRAW_LINE X242.228 Y-243.958, DRAW_LINE X243.216 Y-245.177, DRAW_LINE X245.271 Y-247.400, DRAW_LINE X247.422 Y-249.348, DRAW_LINE X249.657 Y-251.034, DRAW_LINE X251.965 Y-252.471, DRAW_LINE X254.334 Y-253.671, DRAW_LINE X256.753 Y-254.649, DRAW_LINE X259.211 Y-255.418, DRAW_LINE X261.696 Y-255.990, DRAW_LINE X264.197 Y-256.379, DRAW_LINE X266.702 Y-256.598, DRAW_LINE X269.202 Y-256.660, DRAW_LINE X271.683 Y-256.579, DRAW_LINE X274.134 Y-256.367, DRAW_LINE X276.545 Y-256.038, DRAW_LINE X278.904 Y-255.604, DRAW_LINE X281.199 Y-255.080, DRAW_LINE X283.420 Y-254.478, DRAW_LINE X285.554 Y-253.812, DRAW_LINE X287.591 Y-253.094, DRAW_LINE X290.439 Y-251.949, DRAW_LINE X293.789 Y-250.367, DRAW_LINE X296.545 Y-248.815, DRAW_LINE X298.616 Y-247.401, DRAW_LINE X299.665 Y-246.494, DRAW_LINE X300.103 Y-245.987, DRAW_LINE X300.319 Y-245.574, DRAW_LINE X300.301 Y-245.267, DRAW_LINE X300.201 Y-245.158, DRAW_LINE X300.201 Y-245.158, DRAW_LINE X300.110 Y-245.130, DRAW_LINE X299.779 Y-245.193, DRAW_LINE X298.925 Y-245.567, DRAW_LINE X297.160 Y-246.560, DRAW_LINE X294.736 Y-248.073, DRAW_LINE X290.002 Y-251.220, DRAW_LINE X281.969 Y-256.808, DRAW_LINE X272.427 Y-263.647, DRAW_LINE X261.877 Y-271.367, DRAW_LINE X250.821 Y-279.596, DRAW_LINE X239.758 Y-287.965, DRAW_LINE X229.191 Y-296.102, DRAW_LINE X219.618 Y-303.637, DRAW_LINE X211.541 Y-310.198, DRAW_LINE X206.767 Y-314.258, DRAW_LINE X204.312 Y-316.467, DRAW_LINE X202.514 Y-318.224, DRAW_LINE X201.632 Y-319.218, DRAW_LINE X201.282 Y-319.715, DRAW_LINE X201.132 Y-320.073, DRAW_LINE X201.188 Y-320.287, DRAW_LINE X201.459 Y-320.349, DRAW_LINE X201.952 Y-320.256, DRAW_LINE X203.127 Y-319.809, DRAW_LINE X205.545 Y-318.612, DRAW_LINE X208.995 Y-316.686, DRAW_LINE X213.538 Y-313.983, DRAW_LINE X216.240 Y-312.326, DRAW_LINE X216.240 Y-312.326, DRAW_LINE X221.684 Y-308.990, DRAW_LINE X231.117 Y-303.388, DRAW_LINE X238.750 Y-299.102, DRAW_LINE X244.749 Y-295.998, DRAW_LINE X248.277 Y-294.364, DRAW_LINE X250.205 Y-293.574, DRAW_LINE X251.820 Y-293.003, DRAW_LINE X253.142 Y-292.635, DRAW_LINE X254.191 Y-292.452, DRAW_LINE X254.989 Y-292.439, DRAW_LINE X255.556 Y-292.578, DRAW_LINE X255.914 Y-292.852, DRAW_LINE X256.084 Y-293.245, DRAW_LINE X256.086 Y-293.740, DRAW_LINE X255.941 Y-294.319, DRAW_LINE X255.671 Y-294.967, DRAW_LINE X255.075 Y-296.028, DRAW_LINE X254.037 Y-297.525, DRAW_LINE X252.295 Y-299.670, DRAW_LINE X250.510 Y-301.635, DRAW_LINE X250.224 Y-301.931, TRAVEL X65.910 Y-251.555, DRAW_LINE X65.910 Y-251.555, DRAW_LINE X65.984 Y-251.671, DRAW_LINE X65.939 Y-251.870, DRAW_LINE X65.735 Y-252.009, DRAW_LINE X65.484 Y-252.064, DRAW_LINE X65.377 Y-252.054, DRAW_LINE X65.377 Y-252.054, DRAW_LINE X65.151 Y-251.959, DRAW_LINE X64.856 Y-251.620, DRAW_LINE X64.753 Y-251.166, DRAW_LINE X64.820 Y-250.697, DRAW_LINE X64.911 Y-250.488, DRAW_LINE X64.911 Y-250.488, DRAW_LINE X65.016 Y-250.324, DRAW_LINE X65.274 Y-250.056, DRAW_LINE X65.580 Y-249.863, DRAW_LINE X65.921 Y-249.745, DRAW_LINE X66.468 Y-249.700, DRAW_LINE X67.186 Y-249.874, DRAW_LINE X67.509 Y-250.055, DRAW_LINE X67.509 Y-250.055, DRAW_LINE X67.719 Y-250.221, DRAW_LINE X68.060 Y-250.604, DRAW_LINE X68.299 Y-251.045, DRAW_LINE X68.439 Y-251.524, DRAW_LINE X68.482 Y-252.024, DRAW_LINE X68.431 Y-252.528, DRAW_LINE X68.289 Y-253.018, DRAW_LINE X68.057 Y-253.475, DRAW_LINE X67.909 Y-253.687, DRAW_LINE X67.909 Y-253.687, DRAW_LINE X67.686 Y-253.943, DRAW_LINE X67.177 Y-254.358, DRAW_LINE X66.603 Y-254.644, DRAW_LINE X65.986 Y-254.805, DRAW_LINE X65.346 Y-254.844, DRAW_LINE X64.706 Y-254.763, DRAW_LINE X64.087 Y-254.564, DRAW_LINE X63.510 Y-254.252, DRAW_LINE X63.245 Y-254.053, DRAW_LINE X63.245 Y-254.053, DRAW_LINE X62.942 Y-253.773, DRAW_LINE X62.453 Y-253.140, DRAW_LINE X62.119 Y-252.432, DRAW_LINE X61.936 Y-251.676, DRAW_LINE X61.902 Y-250.896, DRAW_LINE X62.013 Y-250.119, DRAW_LINE X62.268 Y-249.370, DRAW_LINE X62.663 Y-248.675, DRAW_LINE X62.912 Y-248.356, DRAW_LINE X62.912 Y-248.356, DRAW_LINE X63.249 Y-248.006, DRAW_LINE X64.006 Y-247.443, DRAW_LINE X64.847 Y-247.060, DRAW_LINE X65.743 Y-246.856, DRAW_LINE X66.662 Y-246.826, DRAW_LINE X67.577 Y-246.968, DRAW_LINE X68.455 Y-247.279, DRAW_LINE X69.269 Y-247.756, DRAW_LINE X69.642 Y-248.056, DRAW_LINE X69.642 Y-248.056, DRAW_LINE X70.039 Y-248.451, DRAW_LINE X70.677 Y-249.332, DRAW_LINE X71.107 Y-250.306, DRAW_LINE X71.334 Y-251.341, DRAW_LINE X71.359 Y-252.401, DRAW_LINE X71.186 Y-253.452, DRAW_LINE X70.818 Y-254.461, DRAW_LINE X70.259 Y-255.393, DRAW_LINE X69.908 Y-255.819, DRAW_LINE X69.908 Y-255.819, DRAW_LINE X69.457 Y-256.264, DRAW_LINE X68.453 Y-256.977, DRAW_LINE X67.344 Y-257.455, DRAW_LINE X66.171 Y-257.703, DRAW_LINE X64.970 Y-257.724, DRAW_LINE X63.781 Y-257.520, DRAW_LINE X62.643 Y-257.096, DRAW_LINE X61.592 Y-256.454, DRAW_LINE X61.112 Y-256.052, DRAW_LINE X61.112 Y-256.052, DRAW_LINE X60.858 Y-255.804, DRAW_LINE X60.399 Y-255.275, DRAW_LINE X59.833 Y-254.416, DRAW_LINE X59.306 Y-253.175, DRAW_LINE X59.036 Y-251.862, DRAW_LINE X59.020 Y-250.521, DRAW_LINE X59.254 Y-249.195, DRAW_LINE X59.735 Y-247.926, DRAW_LINE X60.460 Y-246.757, DRAW_LINE X60.913 Y-246.224, DRAW_LINE X60.913 Y-246.224, DRAW_LINE X61.189 Y-245.945, DRAW_LINE X61.776 Y-245.441, DRAW_LINE X62.402 Y-245.010, DRAW_LINE X63.063 Y-244.651, DRAW_LINE X64.104 Y-244.246, DRAW_LINE X65.556 Y-243.955, DRAW_LINE X67.037 Y-243.943, DRAW_LINE X68.501 Y-244.208, DRAW_LINE X69.900 Y-244.746, DRAW_LINE X70.879 Y-245.326, DRAW_LINE X71.486 Y-245.797, DRAW_LINE X71.774 Y-246.057, DRAW_LINE X71.774 Y-246.057, DRAW_LINE X72.078 Y-246.362, DRAW_LINE X72.625 Y-247.007, DRAW_LINE X73.094 Y-247.695, DRAW_LINE X73.484 Y-248.420, DRAW_LINE X73.796 Y-249.175, DRAW_LINE X74.030 Y-249.954, DRAW_LINE X74.186 Y-250.751, DRAW_LINE X74.266 Y-251.558, DRAW_LINE X74.270 Y-252.370, DRAW_LINE X74.197 Y-253.180, DRAW_LINE X74.049 Y-253.981, DRAW_LINE X73.826 Y-254.768, DRAW_LINE X73.529 Y-255.533, DRAW_LINE X73.157 Y-256.271, DRAW_LINE X72.712 Y-256.974, DRAW_LINE X72.194 Y-257.637, DRAW_LINE X71.907 Y-257.952, TRAVEL X121.484 Y-239.960, DRAW_LINE X121.484 Y-239.960, DRAW_LINE X121.571 Y-240.263, DRAW_LINE X121.540 Y-240.757, DRAW_LINE X121.288 Y-241.108, DRAW_LINE X120.874 Y-241.331, DRAW_LINE X120.358 Y-241.436, DRAW_LINE X119.801 Y-241.436, DRAW_LINE X119.262 Y-241.344, DRAW_LINE X118.801 Y-241.172, DRAW_LINE X118.619 Y-241.059, DRAW_LINE X118.619 Y-241.059, DRAW_LINE X118.408 Y-240.891, DRAW_LINE X118.046 Y-240.526, DRAW_LINE X117.640 Y-239.916, DRAW_LINE X117.339 Y-239.017, DRAW_LINE X117.284 Y-238.061, DRAW_LINE X117.445 Y-237.092, DRAW_LINE X117.793 Y-236.153, DRAW_LINE X118.299 Y-235.289, DRAW_LINE X118.931 Y-234.544, DRAW_LINE X119.285 Y-234.229, DRAW_LINE X119.285 Y-234.229, DRAW_LINE X119.617 Y-233.981, DRAW_LINE X120.303 Y-233.562, DRAW_LINE X121.017 Y-233.244, DRAW_LINE X121.752 Y-233.021, DRAW_LINE X122.501 Y-232.890, DRAW_LINE X123.258 Y-232.847, DRAW_LINE X124.017 Y-232.887, DRAW_LINE X124.771 Y-233.007, DRAW_LINE X125.878 Y-233.327, DRAW_LINE X127.279 Y-233.995, DRAW_LINE X128.545 Y-234.907, DRAW_LINE X129.625 Y-236.030, DRAW_LINE X130.080 Y-236.661, DRAW_LINE X130.080 Y-236.661, DRAW_LINE X130.374 Y-237.145, DRAW_LINE X130.861 Y-238.136, DRAW_LINE X131.220 Y-239.154, DRAW_LINE X131.455 Y-240.190, DRAW_LINE X131.571 Y-241.237, DRAW_LINE X131.572 Y-242.286, DRAW_LINE X131.463 Y-243.330, DRAW_LINE X131.250 Y-244.360, DRAW_LINE X130.937 Y-245.368, DRAW_LINE X130.528 Y-246.346, DRAW_LINE X130.029 Y-247.286, DRAW_LINE X129.445 Y-248.181, DRAW_LINE X128.779 Y-249.021, DRAW_LINE X128.038 Y-249.800, DRAW_LINE X127.225 Y-250.508, DRAW_LINE X126.345 Y-251.138, DRAW_LINE X125.882 Y-251.421, DRAW_LINE X125.882 Y-251.421, DRAW_LINE X125.250 Y-251.763, DRAW_LINE X123.958 Y-252.325, DRAW_LINE X122.639 Y-252.727, DRAW_LINE X121.302 Y-252.977, DRAW_LINE X119.957 Y-253.078, DRAW_LINE X118.615 Y-253.038, DRAW_LINE X117.285 Y-252.862, DRAW_LINE X115.977 Y-252.555, DRAW_LINE X114.701 Y-252.123, DRAW_LINE X113.467 Y-251.571, DRAW_LINE X112.285 Y-250.905, DRAW_LINE X111.165 Y-250.131, DRAW_LINE X110.117 Y-249.254, DRAW_LINE X109.151 Y-248.280, DRAW_LINE X108.276 Y-247.215, DRAW_LINE X107.503 Y-246.064, DRAW_LINE X107.158 Y-245.457, DRAW_LINE X107.158 Y-245.457, DRAW_LINE X106.766 Y-244.677, DRAW_LINE X106.128 Y-243.086, DRAW_LINE X105.680 Y-241.466, DRAW_LINE X105.415 Y-239.829, DRAW_LINE X105.326 Y-238.186, DRAW_LINE X105.407 Y-236.550, DRAW_LINE X105.652 Y-234.933, DRAW_LINE X106.053 Y-233.346, DRAW_LINE X106.605 Y-231.801, DRAW_LINE X107.301 Y-230.311, DRAW_LINE X108.134 Y-228.887, DRAW_LINE X109.099 Y-227.541, DRAW_LINE X110.188 Y-226.284, DRAW_LINE X111.395 Y-225.130, DRAW_LINE X112.714 Y-224.089, DRAW_LINE X114.138 Y-223.175, DRAW_LINE X114.887 Y-222.768, DRAW_LINE X114.887 Y-222.768, DRAW_LINE X115.816 Y-222.326, DRAW_LINE X117.705 Y-221.611, DRAW_LINE X119.625 Y-221.117, DRAW_LINE X121.562 Y-220.835, DRAW_LINE X123.503 Y-220.758, DRAW_LINE X125.433 Y-220.880, DRAW_LINE X127.338 Y-221.192, DRAW_LINE X129.204 Y-221.688, DRAW_LINE X131.018 Y-222.360, DRAW_LINE X132.766 Y-223.200, DRAW_LINE X134.433 Y-224.202, DRAW_LINE X136.005 Y-225.357, DRAW_LINE X137.470 Y-226.659, DRAW_LINE X138.812 Y-228.100, DRAW_LINE X140.018 Y-229.673, DRAW_LINE X141.074 Y-231.371, DRAW_LINE X141.541 Y-232.264, DRAW_LINE X141.541 Y-232.264, DRAW_LINE X142.035 Y-233.340, DRAW_LINE X142.827 Y-235.527, DRAW_LINE X143.369 Y-237.747, DRAW_LINE X143.668 Y-239.984, DRAW_LINE X143.732 Y-242.223, DRAW_LINE X143.569 Y-244.447, DRAW_LINE X143.189 Y-246.640, DRAW_LINE X142.599 Y-248.786, DRAW_LINE X141.807 Y-250.870, DRAW_LINE X140.822 Y-252.874, DRAW_LINE X139.652 Y-254.785, DRAW_LINE X138.306 Y-256.584, DRAW_LINE X136.790 Y-258.257, DRAW_LINE X135.115 Y-259.787, DRAW_LINE X133.288 Y-261.158, DRAW_LINE X131.317 Y-262.355, DRAW_LINE X130.280 Y-262.883, DRAW_LINE X130.280 Y-262.883, DRAW_LINE X129.057 Y-263.427, DRAW_LINE X126.572 Y-264.298, DRAW_LINE X124.052 Y-264.887, DRAW_LINE X121.514 Y-265.203, DRAW_LINE X118.977 Y-265.255, DRAW_LINE X116.459 Y-265.052, DRAW_LINE X113.978 Y-264.604, DRAW_LINE X111.552 Y-263.919, DRAW_LINE X109.199 Y-263.007, DRAW_LINE X106.936 Y-261.877, DRAW_LINE X104.783 Y-260.539, DRAW_LINE X102.757 Y-259.001, DRAW_LINE X100.876 Y-257.272, DRAW_LINE X99.158 Y-255.362, DRAW_LINE X97.622 Y-253.280, DRAW_LINE X96.284 Y-251.036, DRAW_LINE X95.696 Y-249.855, DRAW_LINE X95.696 Y-249.855, DRAW_LINE X95.388 Y-249.172, DRAW_LINE X94.833 Y-247.794, DRAW_LINE X94.358 Y-246.402, DRAW_LINE X93.962 Y-245.000, DRAW_LINE X93.644 Y-243.589, DRAW_LINE X93.403 Y-242.173, DRAW_LINE X93.181 Y-240.044, DRAW_LINE X93.141 Y-237.209, DRAW_LINE X93.384 Y-234.397, DRAW_LINE X93.901 Y-231.628, DRAW_LINE X94.680 Y-228.921, DRAW_LINE X95.712 Y-226.298, DRAW_LINE X96.986 Y-223.778, DRAW_LINE X98.494 Y-221.382, DRAW_LINE X100.224 Y-219.129, DRAW_LINE X102.166 Y-217.039, DRAW_LINE X104.310 Y-215.134, DRAW_LINE X106.646 Y-213.432, DRAW_LINE X109.165 Y-211.955, DRAW_LINE X110.489 Y-211.307, DRAW_LINE X110.489 Y-211.307, DRAW_LINE X111.246 Y-210.972, DRAW_LINE X112.772 Y-210.369, DRAW_LINE X114.313 Y-209.855, DRAW_LINE X115.865 Y-209.427, DRAW_LINE X117.425 Y-209.085, DRAW_LINE X118.991 Y-208.828, DRAW_LINE X120.560 Y-208.652, DRAW_LINE X122.130 Y-208.559, DRAW_LINE X123.697 Y-208.545, DRAW_LINE X125.258 Y-208.610, DRAW_LINE X126.812 Y-208.752, DRAW_LINE X128.355 Y-208.970, DRAW_LINE X130.643 Y-209.435, DRAW_LINE X133.629 Y-210.309, DRAW_LINE X136.523 Y-211.461, DRAW_LINE X139.300 Y-212.881, DRAW_LINE X141.940 Y-214.557, DRAW_LINE X144.420 Y-216.479, DRAW_LINE X146.161 Y-218.074, DRAW_LINE X147.261 Y-219.209, DRAW_LINE X148.308 Y-220.398, DRAW_LINE X149.299 Y-221.642, DRAW_LINE X150.233 Y-222.938, DRAW_LINE X151.105 Y-224.285, DRAW_LINE X151.915 Y-225.681, DRAW_LINE X152.657 Y-227.126, DRAW_LINE X153.003 Y-227.866, DRAW_LINE X153.003 Y-227.866, DRAW_LINE X153.364 Y-228.696, DRAW_LINE X154.015 Y-230.370, DRAW_LINE X154.569 Y-232.059, DRAW_LINE X155.028 Y-233.760, DRAW_LINE X155.394 Y-235.471, DRAW_LINE X155.668 Y-237.187, DRAW_LINE X155.852 Y-238.906, DRAW_LINE X155.947 Y-240.625, DRAW_LINE X155.955 Y-242.342, DRAW_LINE X155.877 Y-244.052, DRAW_LINE X155.714 Y-245.753, DRAW_LINE X155.469 Y-247.441, DRAW_LINE X155.143 Y-249.115, DRAW_LINE X154.737 Y-250.770, DRAW_LINE X154.253 Y-252.404, DRAW_LINE X153.692 Y-254.013, DRAW_LINE X153.055 Y-255.595, DRAW_LINE X152.345 Y-257.147, DRAW_LINE X151.562 Y-258.665, DRAW_LINE X150.709 Y-260.146, DRAW_LINE X149.786 Y-261.588, DRAW_LINE X148.796 Y-262.988, DRAW_LINE X147.739 Y-264.341, DRAW_LINE X146.618 Y-265.646, DRAW_LINE X145.433 Y-266.900, DRAW_LINE X144.186 Y-268.098, DRAW_LINE X142.879 Y-269.239, DRAW_LINE X141.513 Y-270.319, DRAW_LINE X140.089 Y-271.335, DRAW_LINE X138.610 Y-272.284, DRAW_LINE X137.077 Y-273.163, DRAW_LINE X135.491 Y-273.969, DRAW_LINE X134.678 Y-274.344]